../App/Eko_Drivers/Src/error_handler.c:39:6:EH_init	64	static
../App/Eko_Drivers/Src/error_handler.c:82:6:EH_report	24	static
../App/Eko_Drivers/Src/error_handler.c:92:6:EH_stop	24	static
../App/Eko_Drivers/Src/error_handler.c:101:6:EH_triggerSafeState	24	static
../App/Eko_Drivers/Src/error_handler.c:114:6:EH_reportEx	72	static
../App/Eko_Drivers/Src/error_handler.c:205:6:EH_stopEx	32	static
../App/Eko_Drivers/Src/error_handler.c:218:6:EH_clear	64	static
../App/Eko_Drivers/Src/error_handler.c:270:10:EH_getNodeId	16	static
../App/Eko_Drivers/Src/error_handler.c:280:9:EH_isInitialized	16	static
../App/Eko_Drivers/Src/error_handler.c:289:13:updateTransmissionInterval	24	static
../App/Eko_Drivers/Src/error_handler.c:307:9:EH_GetAllActive	32	static
../App/Eko_Drivers/Src/error_handler.c:318:9:EH_GetAllActiveErrors	32	static
../App/Eko_Drivers/Src/error_handler.c:333:9:EH_GetAllActiveWarnings	32	static
../App/Eko_Drivers/Src/error_handler.c:355:13:getData_HeightbeatOK	24	static
../App/Eko_Drivers/Src/error_handler.c:379:13:getData_Error	32	static
../App/Eko_Drivers/Src/error_handler.c:406:13:haltNode	16	static
