Archive member included to satisfy reference by file (symbol)

C:/ST/STM32CubeIDE_1.19.0/STM32CubeIDE/plugins/com.st.stm32cube.ide.mcu.externaltools.gnu-tools-for-stm32.14.3.rel1.win32_1.0.100.202602081740/tools/bin/../lib/gcc/arm-none-eabi/14.3.1/../../../../arm-none-eabi/lib/thumb/v7e-m+fp/hard\libc_nano.a(libc_a-exit.o)
                              C:/ST/STM32CubeIDE_1.19.0/STM32CubeIDE/plugins/com.st.stm32cube.ide.mcu.externaltools.gnu-tools-for-stm32.14.3.rel1.win32_1.0.100.202602081740/tools/bin/../lib/gcc/arm-none-eabi/14.3.1/../../../../arm-none-eabi/lib/thumb/v7e-m+fp/hard/crt0.o (exit)
C:/ST/STM32CubeIDE_1.19.0/STM32CubeIDE/plugins/com.st.stm32cube.ide.mcu.externaltools.gnu-tools-for-stm32.14.3.rel1.win32_1.0.100.202602081740/tools/bin/../lib/gcc/arm-none-eabi/14.3.1/../../../../arm-none-eabi/lib/thumb/v7e-m+fp/hard\libc_nano.a(libc_a-findfp.o)
                              C:/ST/STM32CubeIDE_1.19.0/STM32CubeIDE/plugins/com.st.stm32cube.ide.mcu.externaltools.gnu-tools-for-stm32.14.3.rel1.win32_1.0.100.202602081740/tools/bin/../lib/gcc/arm-none-eabi/14.3.1/../../../../arm-none-eabi/lib/thumb/v7e-m+fp/hard\libc_nano.a(libc_a-exit.o) (__stdio_exit_handler)
C:/ST/STM32CubeIDE_1.19.0/STM32CubeIDE/plugins/com.st.stm32cube.ide.mcu.externaltools.gnu-tools-for-stm32.14.3.rel1.win32_1.0.100.202602081740/tools/bin/../lib/gcc/arm-none-eabi/14.3.1/../../../../arm-none-eabi/lib/thumb/v7e-m+fp/hard\libc_nano.a(libc_a-fwalk.o)
                              C:/ST/STM32CubeIDE_1.19.0/STM32CubeIDE/plugins/com.st.stm32cube.ide.mcu.externaltools.gnu-tools-for-stm32.14.3.rel1.win32_1.0.100.202602081740/tools/bin/../lib/gcc/arm-none-eabi/14.3.1/../../../../arm-none-eabi/lib/thumb/v7e-m+fp/hard\libc_nano.a(libc_a-findfp.o) (_fwalk_sglue)
C:/ST/STM32CubeIDE_1.19.0/STM32CubeIDE/plugins/com.st.stm32cube.ide.mcu.externaltools.gnu-tools-for-stm32.14.3.rel1.win32_1.0.100.202602081740/tools/bin/../lib/gcc/arm-none-eabi/14.3.1/../../../../arm-none-eabi/lib/thumb/v7e-m+fp/hard\libc_nano.a(libc_a-stdio.o)
                              C:/ST/STM32CubeIDE_1.19.0/STM32CubeIDE/plugins/com.st.stm32cube.ide.mcu.externaltools.gnu-tools-for-stm32.14.3.rel1.win32_1.0.100.202602081740/tools/bin/../lib/gcc/arm-none-eabi/14.3.1/../../../../arm-none-eabi/lib/thumb/v7e-m+fp/hard\libc_nano.a(libc_a-findfp.o) (__sread)
C:/ST/STM32CubeIDE_1.19.0/STM32CubeIDE/plugins/com.st.stm32cube.ide.mcu.externaltools.gnu-tools-for-stm32.14.3.rel1.win32_1.0.100.202602081740/tools/bin/../lib/gcc/arm-none-eabi/14.3.1/../../../../arm-none-eabi/lib/thumb/v7e-m+fp/hard\libc_nano.a(libc_a-memset.o)
                              C:/ST/STM32CubeIDE_1.19.0/STM32CubeIDE/plugins/com.st.stm32cube.ide.mcu.externaltools.gnu-tools-for-stm32.14.3.rel1.win32_1.0.100.202602081740/tools/bin/../lib/gcc/arm-none-eabi/14.3.1/../../../../arm-none-eabi/lib/thumb/v7e-m+fp/hard/crt0.o (memset)
C:/ST/STM32CubeIDE_1.19.0/STM32CubeIDE/plugins/com.st.stm32cube.ide.mcu.externaltools.gnu-tools-for-stm32.14.3.rel1.win32_1.0.100.202602081740/tools/bin/../lib/gcc/arm-none-eabi/14.3.1/../../../../arm-none-eabi/lib/thumb/v7e-m+fp/hard\libc_nano.a(libc_a-closer.o)
                              C:/ST/STM32CubeIDE_1.19.0/STM32CubeIDE/plugins/com.st.stm32cube.ide.mcu.externaltools.gnu-tools-for-stm32.14.3.rel1.win32_1.0.100.202602081740/tools/bin/../lib/gcc/arm-none-eabi/14.3.1/../../../../arm-none-eabi/lib/thumb/v7e-m+fp/hard\libc_nano.a(libc_a-stdio.o) (_close_r)
C:/ST/STM32CubeIDE_1.19.0/STM32CubeIDE/plugins/com.st.stm32cube.ide.mcu.externaltools.gnu-tools-for-stm32.14.3.rel1.win32_1.0.100.202602081740/tools/bin/../lib/gcc/arm-none-eabi/14.3.1/../../../../arm-none-eabi/lib/thumb/v7e-m+fp/hard\libc_nano.a(libc_a-reent.o)
                              C:/ST/STM32CubeIDE_1.19.0/STM32CubeIDE/plugins/com.st.stm32cube.ide.mcu.externaltools.gnu-tools-for-stm32.14.3.rel1.win32_1.0.100.202602081740/tools/bin/../lib/gcc/arm-none-eabi/14.3.1/../../../../arm-none-eabi/lib/thumb/v7e-m+fp/hard\libc_nano.a(libc_a-closer.o) (errno)
C:/ST/STM32CubeIDE_1.19.0/STM32CubeIDE/plugins/com.st.stm32cube.ide.mcu.externaltools.gnu-tools-for-stm32.14.3.rel1.win32_1.0.100.202602081740/tools/bin/../lib/gcc/arm-none-eabi/14.3.1/../../../../arm-none-eabi/lib/thumb/v7e-m+fp/hard\libc_nano.a(libc_a-impure.o)
                              C:/ST/STM32CubeIDE_1.19.0/STM32CubeIDE/plugins/com.st.stm32cube.ide.mcu.externaltools.gnu-tools-for-stm32.14.3.rel1.win32_1.0.100.202602081740/tools/bin/../lib/gcc/arm-none-eabi/14.3.1/../../../../arm-none-eabi/lib/thumb/v7e-m+fp/hard\libc_nano.a(libc_a-reent.o) (_impure_ptr)
C:/ST/STM32CubeIDE_1.19.0/STM32CubeIDE/plugins/com.st.stm32cube.ide.mcu.externaltools.gnu-tools-for-stm32.14.3.rel1.win32_1.0.100.202602081740/tools/bin/../lib/gcc/arm-none-eabi/14.3.1/../../../../arm-none-eabi/lib/thumb/v7e-m+fp/hard\libc_nano.a(libc_a-lseekr.o)
[...]
Memory Configuration

Name             Origin             Length             Attributes
CCMRAM           0x10000000         0x00001000         xrw
RAM              0x20000000         0x00003000         xrw
FLASH            0x08000000         0x00010000         xr
*default*        0x00000000         0xffffffff

Linker script and memory map

LOAD C:/ST/STM32CubeIDE_1.19.0/STM32CubeIDE/plugins/com.st.stm32cube.ide.mcu.externaltools.gnu-tools-for-stm32.14.3.rel1.win32_1.0.100.202602081740/tools/bin/../lib/gcc/arm-none-eabi/14.3.1/thumb/v7e-m+fp/hard/crti.o
LOAD C:/ST/STM32CubeIDE_1.19.0/STM32CubeIDE/plugins/com.st.stm32cube.ide.mcu.externaltools.gnu-tools-for-stm32.14.3.rel1.win32_1.0.100.202602081740/tools/bin/../lib/gcc/arm-none-eabi/14.3.1/thumb/v7e-m+fp/hard/crtbegin.o
LOAD C:/ST/STM32CubeIDE_1.19.0/STM32CubeIDE/plugins/com.st.stm32cube.ide.mcu.externaltools.gnu-tools-for-stm32.14.3.rel1.win32_1.0.100.202602081740/tools/bin/../lib/gcc/arm-none-eabi/14.3.1/../../../../arm-none-eabi/lib/thumb/v7e-m+fp/hard/crt0.o
LOAD ./App/Eko_Drivers/Src/adc_driver.o
LOAD ./App/Eko_Drivers/Src/adc_utils.o
LOAD ./App/Eko_Drivers/Src/can_driver.o
LOAD ./App/Eko_Drivers/Src/dma_driver.o
LOAD ./App/Eko_Drivers/Src/error_handler.o
LOAD ./App/Eko_Drivers/Src/pwm_driver.o
LOAD ./App/Src/LB_service.o
LOAD ./App/Src/LF_service.o
LOAD ./App/Src/RB._service.o
LOAD ./App/Src/RF_service.o
LOAD ./App/Src/app.o
LOAD ./App/Src/board_selector.o
LOAD ./App/Src/global_variables.o
LOAD ./Core/Src/adc.o
LOAD ./Core/Src/can.o
LOAD ./Core/Src/dma.o
LOAD ./Core/Src/gpio.o
LOAD ./Core/Src/main.o
LOAD ./Core/Src/stm32f3xx_hal_msp.o
LOAD ./Core/Src/stm32f3xx_it.o
LOAD ./Core/Src/syscalls.o
LOAD ./Core/Src/sysmem.o
LOAD ./Core/Src/system_stm32f3xx.o
LOAD ./Core/Src/tim.o
LOAD ./Core/Src/usart.o
LOAD ./Core/Startup/startup_stm32f303k8tx.o
LOAD ./Drivers/STM32F3xx_HAL_Driver/Src/stm32f3xx_hal.o
LOAD ./Drivers/STM32F3xx_HAL_Driver/Src/stm32f3xx_hal_adc.o
LOAD ./Drivers/STM32F3xx_HAL_Driver/Src/stm32f3xx_hal_adc_ex.o
LOAD ./Drivers/STM32F3xx_HAL_Driver/Src/stm32f3xx_hal_can.o
LOAD ./Drivers/STM32F3xx_HAL_Driver/Src/stm32f3xx_hal_cortex.o
LOAD ./Drivers/STM32F3xx_HAL_Driver/Src/stm32f3xx_hal_dma.o
LOAD ./Drivers/STM32F3xx_HAL_Driver/Src/stm32f3xx_hal_exti.o
LOAD ./Drivers/STM32F3xx_HAL_Driver/Src/stm32f3xx_hal_flash.o
LOAD ./Drivers/STM32F3xx_HAL_Driver/Src/stm32f3xx_hal_flash_ex.o
LOAD ./Drivers/STM32F3xx_HAL_Driver/Src/stm32f3xx_hal_gpio.o
LOAD ./Drivers/STM32F3xx_HAL_Driver/Src/stm32f3xx_hal_i2c.o
LOAD ./Drivers/STM32F3xx_HAL_Driver/Src/stm32f3xx_hal_i2c_ex.o
LOAD ./Drivers/STM32F3xx_HAL_Driver/Src/stm32f3xx_hal_pwr.o
LOAD ./Drivers/STM32F3xx_HAL_Driver/Src/stm32f3xx_hal_pwr_ex.o
LOAD ./Drivers/STM32F3xx_HAL_Driver/Src/stm32f3xx_hal_rcc.o
LOAD ./Drivers/STM32F3xx_HAL_Driver/Src/stm32f3xx_hal_rcc_ex.o
LOAD ./Drivers/STM32F3xx_HAL_Driver/Src/stm32f3xx_hal_tim.o
LOAD ./Drivers/STM32F3xx_HAL_Driver/Src/stm32f3xx_hal_tim_ex.o
LOAD ./Drivers/STM32F3xx_HAL_Driver/Src/stm32f3xx_hal_uart.o
LOAD ./Drivers/STM32F3xx_HAL_Driver/Src/stm32f3xx_hal_uart_ex.o
START GROUP
LOAD C:/ST/STM32CubeIDE_1.19.0/STM32CubeIDE/plugins/com.st.stm32cube.ide.mcu.externaltools.gnu-tools-for-stm32.14.3.rel1.win32_1.0.100.202602081740/tools/bin/../lib/gcc/arm-none-eabi/14.3.1/../../../../arm-none-eabi/lib/thumb/v7e-m+fp/hard\libc_nano.a
LOAD C:/ST/STM32CubeIDE_1.19.0/STM32CubeIDE/plugins/com.st.stm32cube.ide.mcu.externaltools.gnu-tools-for-stm32.14.3.rel1.win32_1.0.100.202602081740/tools/bin/../lib/gcc/arm-none-eabi/14.3.1/../../../../arm-none-eabi/lib/thumb/v7e-m+fp/hard\libm.a
END GROUP
START GROUP
LOAD C:/ST/STM32CubeIDE_1.19.0/STM32CubeIDE/plugins/com.st.stm32cube.ide.mcu.externaltools.gnu-tools-for-stm32.14.3.rel1.win32_1.0.100.202602081740/tools/bin/../lib/gcc/arm-none-eabi/14.3.1/thumb/v7e-m+fp/hard\libgcc.a
LOAD C:/ST/STM32CubeIDE_1.19.0/STM32CubeIDE/plugins/com.st.stm32cube.ide.mcu.externaltools.gnu-tools-for-stm32.14.3.rel1.win32_1.0.100.202602081740/tools/bin/../lib/gcc/arm-none-eabi/14.3.1/../../../../arm-none-eabi/lib/thumb/v7e-m+fp/hard\libc_nano.a
END GROUP
START GROUP
LOAD C:/ST/STM32CubeIDE_1.19.0/STM32CubeIDE/plugins/com.st.stm32cube.ide.mcu.externaltools.gnu-tools-for-stm32.14.3.rel1.win32_1.0.100.202602081740/tools/bin/../lib/gcc/arm-none-eabi/14.3.1/thumb/v7e-m+fp/hard\libgcc.a
LOAD C:/ST/STM32CubeIDE_1.19.0/STM32CubeIDE/plugins/com.st.stm32cube.ide.mcu.externaltools.gnu-tools-for-stm32.14.3.rel1.win32_1.0.100.202602081740/tools/bin/../lib/gcc/arm-none-eabi/14.3.1/../../../../arm-none-eabi/lib/thumb/v7e-m+fp/hard\libc_nano.a
LOAD C:/ST/STM32CubeIDE_1.19.0/STM32CubeIDE/plugins/com.st.stm32cube.ide.mcu.externaltools.gnu-tools-for-stm32.14.3.rel1.win32_1.0.100.202602081740/tools/bin/../lib/gcc/arm-none-eabi/14.3.1/../../../../arm-none-eabi/lib/thumb/v7e-m+fp/hard\libnosys.a
END GROUP
START GROUP
LOAD C:/ST/STM32CubeIDE_1.19.0/STM32CubeIDE/plugins/com.st.stm32cube.ide.mcu.externaltools.gnu-tools-for-stm32.14.3.rel1.win32_1.0.100.202602081740/tools/bin/../lib/gcc/arm-none-eabi/14.3.1/thumb/v7e-m+fp/hard\libgcc.a
LOAD C:/ST/STM32CubeIDE_1.19.0/STM32CubeIDE/plugins/com.st.stm32cube.ide.mcu.externaltools.gnu-tools-for-stm32.14.3.rel1.win32_1.0.100.202602081740/tools/bin/../lib/gcc/arm-none-eabi/14.3.1/../../../../arm-none-eabi/lib/thumb/v7e-m+fp/hard\libc_nano.a
LOAD C:/ST/STM32CubeIDE_1.19.0/STM32CubeIDE/plugins/com.st.stm32cube.ide.mcu.externaltools.gnu-tools-for-stm32.14.3.rel1.win32_1.0.100.202602081740/tools/bin/../lib/gcc/arm-none-eabi/14.3.1/../../../../arm-none-eabi/lib/thumb/v7e-m+fp/hard\libnosys.a
END GROUP
LOAD C:/ST/STM32CubeIDE_1.19.0/STM32CubeIDE/plugins/com.st.stm32cube.ide.mcu.externaltools.gnu-tools-for-stm32.14.3.rel1.win32_1.0.100.202602081740/tools/bin/../lib/gcc/arm-none-eabi/14.3.1/thumb/v7e-m+fp/hard/crtend.o
LOAD C:/ST/STM32CubeIDE_1.19.0/STM32CubeIDE/plugins/com.st.stm32cube.ide.mcu.externaltools.gnu-tools-for-stm32.14.3.rel1.win32_1.0.100.202602081740/tools/bin/../lib/gcc/arm-none-eabi/14.3.1/thumb/v7e-m+fp/hard/crtn.o
                0x20003000                        _estack = (ORIGIN (RAM) + LENGTH (RAM))
                0x00000200                        _Min_Heap_Size = 0x200
                0x00000400                        _Min_Stack_Size = 0x400

.isr_vector     0x08000000      0x188
                0x08000000                        . = ALIGN (0x4)
 *(.isr_vector)
 .isr_vector    0x08000000      0x188 ./Core/Startup/startup_stm32f303k8tx.o
                0x08000000                g_pfnVectors
                0x08000188                        . = ALIGN (0x4)

.text           0x08000188     0x6dc0
                0x08000188                        . = ALIGN (0x4)
 *(.text)
 .text          0x08000188       0x40 C:/ST/STM32CubeIDE_1.19.0/STM32CubeIDE/plugins/com.st.stm32cube.ide.mcu.externaltools.gnu-tools-for-stm32.14.3.rel1.win32_1.0.100.202602081740/tools/bin/../lib/gcc/arm-none-eabi/14.3.1/thumb/v7e-m+fp/hard/crtbegin.o
 .text          0x080001c8      0x378 C:/ST/STM32CubeIDE_1.19.0/STM32CubeIDE/plugins/com.st.stm32cube.ide.mcu.externaltools.gnu-tools-for-stm32.14.3.rel1.win32_1.0.100.202602081740/tools/bin/../lib/gcc/arm-none-eabi/14.3.1/thumb/v7e-m+fp/hard\libgcc.a(_arm_addsubdf3.o)
                0x080001c8                __aeabi_drsub
                0x080001d0                __aeabi_dsub
                0x080001d0                __subdf3
                0x080001d4                __aeabi_dadd
                0x080001d4                __adddf3
                0x0800044c                __floatunsidf
                0x0800044c                __aeabi_ui2d
                0x0800046c                __floatsidf
                0x0800046c                __aeabi_i2d
                0x08000490                __aeabi_f2d
                0x08000490                __extendsfdf2
                0x080004d4                __floatundidf
                0x080004d4                __aeabi_ul2d
                0x080004e4                __floatdidf
                0x080004e4                __aeabi_l2d
 .text          0x08000540       0x50 C:/ST/STM32CubeIDE_1.19.0/STM32CubeIDE/plugins/com.st.stm32cube.ide.mcu.externaltools.gnu-tools-for-stm32.14.3.rel1.win32_1.0.100.202602081740/tools/bin/../lib/gcc/arm-none-eabi/14.3.1/thumb/v7e-m+fp/hard\libgcc.a(_arm_fixdfsi.o)
                0x08000540                __aeabi_d2iz
                0x08000540                __fixdfsi
 *(.text*)
 .text.ADC_Init_NoDMA_Independent
                0x08000590       0x22 ./App/Eko_Drivers/Src/adc_driver.o
 .text.ADC_ReadChannel_NoDMA_Independent
                0x080005b2       0x9c ./App/Eko_Drivers/Src/adc_driver.o
 .text.ADC_ReadChannel_NoDMA_Independent_SingleConversion
                0x0800064e       0x76 ./App/Eko_Drivers/Src/adc_driver.o
 .text.ADC_ChannelsNumberConfig
                0x080006c4       0x3a ./App/Eko_Drivers/Src/adc_driver.o
 .text.ADC_ChannelsConfig
                0x080006fe       0xe6 ./App/Eko_Drivers/Src/adc_driver.o
 .text.ADC_Init
                0x080007e4       0x70 ./App/Eko_Drivers/Src/adc_driver.o
                0x080007e4                ADC_Init
 .text.ADC_ReadChannel
                0x08000854       0xa8 ./App/Eko_Drivers/Src/adc_driver.o
                0x08000854                ADC_ReadChannel
 .text.ADC_Get_PinVoltage
                0x080008fc       0xac ./App/Eko_Drivers/Src/adc_driver.o
                0x080008fc                ADC_Get_PinVoltage
 .text.ADC_Get_ChannelRank
                0x080009a8       0x4a ./App/Eko_Drivers/Src/adc_driver.o
                0x080009a8                ADC_Get_ChannelRank
 .text.ADC_Get_ChannelsConfiguration
                0x080009f2       0x38 ./App/Eko_Drivers/Src/adc_driver.o
                0x080009f2                ADC_Get_ChannelsConfiguration
 .text.ADC_Discontinuous
                0x08000a2a       0x34 ./App/Eko_Drivers/Src/adc_utils.o
                0x08000a2a                ADC_Discontinuous
 .text.ADC_DMA_ENABLED
                0x08000a5e       0x2c ./App/Eko_Drivers/Src/adc_utils.o
                0x08000a5e                ADC_DMA_ENABLED
 .text.ADC_Resolution
                0x08000a8a       0x54 ./App/Eko_Drivers/Src/adc_utils.o
                0x08000a8a                ADC_Resolution
 .text.CAN_Init
                0x08000ade       0x70 ./App/Eko_Drivers/Src/can_driver.o
                0x08000ade                CAN_Init
 .text.CAN_AddScheduledMsg
                0x08000b4e      0x10e ./App/Eko_Drivers/Src/can_driver.o
                0x08000b4e                CAN_AddScheduledMsg
 .text.CAN_HandleScheduled
                0x08000c5c       0xba ./App/Eko_Drivers/Src/can_driver.o
                0x08000c5c                CAN_HandleScheduled
 *fill*         0x08000d16        0x2 
 .text.EH_init  0x08000d18       0xac ./App/Eko_Drivers/Src/error_handler.o
                0x08000d18                EH_init
 .text.getData_HeightbeatOK
                0x08000dc4       0x68 ./App/Eko_Drivers/Src/error_handler.o
 .text.PWM_Out_setDuty
                0x08000e2c       0xd0 ./App/Eko_Drivers/Src/pwm_driver.o
                0x08000e2c                PWM_Out_setDuty
 .text.PWM_Out_Init
                0x08000efc       0x44 ./App/Eko_Drivers/Src/pwm_driver.o
                0x08000efc                PWM_Out_Init
 .text.LB_service
                0x08000f40        0xe ./App/Src/LB_service.o
                0x08000f40                LB_service
 .text.LF_service
                0x08000f4e        0xe ./App/Src/LF_service.o
                0x08000f4e                LF_service
 .text.getRBStatus
                0x08000f5c      0x110 ./App/Src/RB._service.o
                0x08000f5c                getRBStatus
 .text.ADC_makeReadings
                0x0800106c       0x68 ./App/Src/RB._service.o
 .text.checkForMalfunction
                0x080010d4       0x80 ./App/Src/RB._service.o
 .text.serviceLights
                0x08001154      0x110 ./App/Src/RB._service.o
 .text.checkForSafeState
                0x08001264       0x34 ./App/Src/RB._service.o
 .text.RB_service
                0x08001298       0x6c ./App/Src/RB._service.o
                0x08001298                RB_service
 .text.RF_service
                0x08001304        0xe ./App/Src/RF_service.o
                0x08001304                RF_service
 *fill*         0x08001312        0x2 
 .text.CAN_setFilters
                0x08001314       0x68 ./App/Src/app.o
 .text.app_main
                0x0800137c       0xa8 ./App/Src/app.o
                0x0800137c                app_main
 .text.chooseBoard
                0x08001424       0xcc ./App/Src/board_selector.o
                0x08001424                chooseBoard
 .text.getEmergencyStatus
                0x080014f0       0x18 ./App/Src/global_variables.o
                0x080014f0                getEmergencyStatus
 .text.getBrakeStatus
                0x08001508       0x18 ./App/Src/global_variables.o
                0x08001508                getBrakeStatus
 .text.getPositionStatus
                0x08001520       0x18 ./App/Src/global_variables.o
                0x08001520                getPositionStatus
 .text.getRightTurnStatus
                0x08001538       0x18 ./App/Src/global_variables.o
                0x08001538                getRightTurnStatus
 .text.setSafeStateStatusFalse
                0x08001550       0x18 ./App/Src/global_variables.o
                0x08001550                setSafeStateStatusFalse
 .text.getSafeStateStatus
                0x08001568       0x18 ./App/Src/global_variables.o
                0x08001568                getSafeStateStatus
 .text.setBrakeChangeFlagFalse
                0x08001580       0x18 ./App/Src/global_variables.o
                0x08001580                setBrakeChangeFlagFalse
 .text.getBrakeChangeFlag
                0x08001598       0x18 ./App/Src/global_variables.o
                0x08001598                getBrakeChangeFlag
 .text.setPositionChangeFlagFalse
                0x080015b0       0x18 ./App/Src/global_variables.o
                0x080015b0                setPositionChangeFlagFalse
 .text.getPositionChangeFlag
                0x080015c8       0x18 ./App/Src/global_variables.o
                0x080015c8                getPositionChangeFlag
 .text.MX_ADC1_Init
                0x080015e0      0x128 ./Core/Src/adc.o
                0x080015e0                MX_ADC1_Init
 .text.MX_ADC2_Init
                0x08001708       0xd4 ./Core/Src/adc.o
                0x08001708                MX_ADC2_Init
 .text.HAL_ADC_MspInit
                0x080017dc      0x1ac ./Core/Src/adc.o
                0x080017dc                HAL_ADC_MspInit
 .text.MX_CAN_Init
                0x08001988       0x6c ./Core/Src/can.o
                0x08001988                MX_CAN_Init
 .text.HAL_CAN_MspInit
                0x080019f4       0x88 ./Core/Src/can.o
                0x080019f4                HAL_CAN_MspInit
 .text.MX_DMA_Init
                0x08001a7c       0x4c ./Core/Src/dma.o
                0x08001a7c                MX_DMA_Init
 .text.MX_GPIO_Init
                0x08001ac8       0xc4 ./Core/Src/gpio.o
                0x08001ac8                MX_GPIO_Init
 .text.main     0x08001b8c       0x30 ./Core/Src/main.o
                0x08001b8c                main
 .text.SystemClock_Config
                0x08001bbc       0xc4 ./Core/Src/main.o
                0x08001bbc                SystemClock_Config
 .text.Error_Handler
                0x08001c80        0xc ./Core/Src/main.o
                0x08001c80                Error_Handler
 .text.HAL_MspInit
                0x08001c8c       0x48 ./Core/Src/stm32f3xx_hal_msp.o
                0x08001c8c                HAL_MspInit
 .text.NMI_Handler
                0x08001cd4        0x8 ./Core/Src/stm32f3xx_it.o
                0x08001cd4                NMI_Handler
 .text.HardFault_Handler
                0x08001cdc        0x8 ./Core/Src/stm32f3xx_it.o
                0x08001cdc                HardFault_Handler
 .text.MemManage_Handler
                0x08001ce4        0x8 ./Core/Src/stm32f3xx_it.o
                0x08001ce4                MemManage_Handler
 .text.BusFault_Handler
                0x08001cec        0x8 ./Core/Src/stm32f3xx_it.o
                0x08001cec                BusFault_Handler
 .text.UsageFault_Handler
                0x08001cf4        0x8 ./Core/Src/stm32f3xx_it.o
                0x08001cf4                UsageFault_Handler
 .text.SVC_Handler
                0x08001cfc        0xe ./Core/Src/stm32f3xx_it.o
                0x08001cfc                SVC_Handler
 .text.DebugMon_Handler
                0x08001d0a        0xe ./Core/Src/stm32f3xx_it.o
                0x08001d0a                DebugMon_Handler
 .text.PendSV_Handler
                0x08001d18        0xe ./Core/Src/stm32f3xx_it.o
                0x08001d18                PendSV_Handler
 .text.SysTick_Handler
                0x08001d26        0xc ./Core/Src/stm32f3xx_it.o
                0x08001d26                SysTick_Handler
 *fill*         0x08001d32        0x2 
 .text.DMA1_Channel1_IRQHandler
                0x08001d34       0x14 ./Core/Src/stm32f3xx_it.o
                0x08001d34                DMA1_Channel1_IRQHandler
 .text.DMA1_Channel2_IRQHandler
                0x08001d48       0x14 ./Core/Src/stm32f3xx_it.o
                0x08001d48                DMA1_Channel2_IRQHandler
 .text.SystemInit
                0x08001d5c       0x24 ./Core/Src/system_stm32f3xx.o
                0x08001d5c                SystemInit
 .text.MX_TIM1_Init
                0x08001d80      0x158 ./Core/Src/tim.o
                0x08001d80                MX_TIM1_Init
 .text.HAL_TIM_Base_MspInit
                0x08001ed8       0x40 ./Core/Src/tim.o
                0x08001ed8                HAL_TIM_Base_MspInit
 .text.HAL_TIM_MspPostInit
                0x08001f18       0x70 ./Core/Src/tim.o
                0x08001f18                HAL_TIM_MspPostInit
 .text.MX_USART1_UART_Init
                0x08001f88       0x60 ./Core/Src/usart.o
                0x08001f88                MX_USART1_UART_Init
 .text.HAL_UART_MspInit
                0x08001fe8       0x88 ./Core/Src/usart.o
                0x08001fe8                HAL_UART_MspInit
 .text.Reset_Handler
                0x08002070       0x50 ./Core/Startup/startup_stm32f303k8tx.o
                0x08002070                Reset_Handler
 .text.Default_Handler
                0x080020c0        0x2 ./Core/Startup/startup_stm32f303k8tx.o
                0x080020c0                RTC_Alarm_IRQHandler
                0x080020c0                TIM1_CC_IRQHandler
                0x080020c0                PVD_IRQHandler
                0x080020c0                TAMP_STAMP_IRQHandler
                0x080020c0                EXTI3_IRQHandler
                0x080020c0                EXTI0_IRQHandler
                0x080020c0                FPU_IRQHandler
                0x080020c0                CAN_TX_IRQHandler
                0x080020c0                TIM1_UP_TIM16_IRQHandler
                0x080020c0                ADC1_2_IRQHandler
                0x080020c0                SPI1_IRQHandler
                0x080020c0                CAN_SCE_IRQHandler
                0x080020c0                DMA1_Channel4_IRQHandler
                0x080020c0                USART3_IRQHandler
                0x080020c0                DMA1_Channel7_IRQHandler
                0x080020c0                TIM7_DAC2_IRQHandler
                0x080020c0                CAN_RX1_IRQHandler
                0x080020c0                I2C1_EV_IRQHandler
                0x080020c0                DMA1_Channel6_IRQHandler
                0x080020c0                TIM3_IRQHandler
                0x080020c0                RCC_IRQHandler
                0x080020c0                Default_Handler
                0x080020c0                EXTI15_10_IRQHandler
                0x080020c0                COMP2_IRQHandler
                0x080020c0                TIM6_DAC1_IRQHandler
                0x080020c0                EXTI9_5_IRQHandler
                0x080020c0                RTC_WKUP_IRQHandler
                0x080020c0                DMA1_Channel5_IRQHandler
                0x080020c0                EXTI4_IRQHandler
                0x080020c0                TIM1_TRG_COM_TIM17_IRQHandler
                0x080020c0                DMA1_Channel3_IRQHandler
                0x080020c0                WWDG_IRQHandler
                0x080020c0                TIM2_IRQHandler
                0x080020c0                EXTI1_IRQHandler
                0x080020c0                COMP4_6_IRQHandler
                0x080020c0                USART2_IRQHandler
                0x080020c0                FLASH_IRQHandler
                0x080020c0                USART1_IRQHandler
                0x080020c0                CAN_RX0_IRQHandler
                0x080020c0                I2C1_ER_IRQHandler
                0x080020c0                EXTI2_TSC_IRQHandler
                0x080020c0                TIM1_BRK_TIM15_IRQHandler
 *fill*         0x080020c2        0x2 
 .text.HAL_Init
                0x080020c4       0x2c ./Drivers/STM32F3xx_HAL_Driver/Src/stm32f3xx_hal.o
                0x080020c4                HAL_Init
 .text.HAL_InitTick
                0x080020f0       0x60 ./Drivers/STM32F3xx_HAL_Driver/Src/stm32f3xx_hal.o
                0x080020f0                HAL_InitTick
 .text.HAL_IncTick
                0x08002150       0x28 ./Drivers/STM32F3xx_HAL_Driver/Src/stm32f3xx_hal.o
                0x08002150                HAL_IncTick
 .text.HAL_GetTick
                0x08002178       0x18 ./Drivers/STM32F3xx_HAL_Driver/Src/stm32f3xx_hal.o
                0x08002178                HAL_GetTick
 .text.HAL_ADC_Init
                0x08002190      0x324 ./Drivers/STM32F3xx_HAL_Driver/Src/stm32f3xx_hal_adc_ex.o
                0x08002190                HAL_ADC_Init
 .text.HAL_ADC_Start
                0x080024b4      0x16c ./Drivers/STM32F3xx_HAL_Driver/Src/stm32f3xx_hal_adc_ex.o
                0x080024b4                HAL_ADC_Start
 .text.HAL_ADC_Stop
                0x08002620       0x6a ./Drivers/STM32F3xx_HAL_Driver/Src/stm32f3xx_hal_adc_ex.o
                0x08002620                HAL_ADC_Stop
 *fill*         0x0800268a        0x2 
 .text.HAL_ADC_PollForConversion
                0x0800268c      0x19c ./Drivers/STM32F3xx_HAL_Driver/Src/stm32f3xx_hal_adc_ex.o
                0x0800268c                HAL_ADC_PollForConversion
 .text.HAL_ADC_GetValue
                0x08002828       0x1a ./Drivers/STM32F3xx_HAL_Driver/Src/stm32f3xx_hal_adc_ex.o
                0x08002828                HAL_ADC_GetValue
 *fill*         0x08002842        0x2 
 .text.HAL_ADC_ConfigChannel
                0x08002844      0x57c ./Drivers/STM32F3xx_HAL_Driver/Src/stm32f3xx_hal_adc_ex.o
                0x08002844                HAL_ADC_ConfigChannel
 .text.HAL_ADCEx_MultiModeConfigChannel
                0x08002dc0      0x18c ./Drivers/STM32F3xx_HAL_Driver/Src/stm32f3xx_hal_adc_ex.o
                0x08002dc0                HAL_ADCEx_MultiModeConfigChannel
 .text.ADC_Enable
                0x08002f4c       0xc8 ./Drivers/STM32F3xx_HAL_Driver/Src/stm32f3xx_hal_adc_ex.o
 .text.ADC_Disable
                0x08003014       0xcc ./Drivers/STM32F3xx_HAL_Driver/Src/stm32f3xx_hal_adc_ex.o
 .text.ADC_ConversionStop
                0x080030e0      0x16c ./Drivers/STM32F3xx_HAL_Driver/Src/stm32f3xx_hal_adc_ex.o
 .text.HAL_CAN_Init
                0x0800324c      0x1f6 ./Drivers/STM32F3xx_HAL_Driver/Src/stm32f3xx_hal_can.o
                0x0800324c                HAL_CAN_Init
 .text.HAL_CAN_ConfigFilter
                0x08003442      0x194 ./Drivers/STM32F3xx_HAL_Driver/Src/stm32f3xx_hal_can.o
                0x08003442                HAL_CAN_ConfigFilter
 .text.HAL_CAN_Start
                0x080035d6       0x88 ./Drivers/STM32F3xx_HAL_Driver/Src/stm32f3xx_hal_can.o
                0x080035d6                HAL_CAN_Start
 .text.HAL_CAN_AddTxMessage
                0x0800365e      0x1a0 ./Drivers/STM32F3xx_HAL_Driver/Src/stm32f3xx_hal_can.o
                0x0800365e                HAL_CAN_AddTxMessage
 .text.HAL_CAN_ActivateNotification
                0x080037fe       0x4c ./Drivers/STM32F3xx_HAL_Driver/Src/stm32f3xx_hal_can.o
                0x080037fe                HAL_CAN_ActivateNotification
 *fill*         0x0800384a        0x2 
 .text.__NVIC_SetPriorityGrouping
                0x0800384c       0x48 ./Drivers/STM32F3xx_HAL_Driver/Src/stm32f3xx_hal_cortex.o
 .text.__NVIC_GetPriorityGrouping
                0x08003894       0x1c ./Drivers/STM32F3xx_HAL_Driver/Src/stm32f3xx_hal_cortex.o
 .text.__NVIC_EnableIRQ
                0x080038b0       0x3c ./Drivers/STM32F3xx_HAL_Driver/Src/stm32f3xx_hal_cortex.o
 .text.__NVIC_SetPriority
                0x080038ec       0x54 ./Drivers/STM32F3xx_HAL_Driver/Src/stm32f3xx_hal_cortex.o
 .text.NVIC_EncodePriority
                0x08003940       0x66 ./Drivers/STM32F3xx_HAL_Driver/Src/stm32f3xx_hal_cortex.o
 *fill*         0x080039a6        0x2 
 .text.SysTick_Config
                0x080039a8       0x44 ./Drivers/STM32F3xx_HAL_Driver/Src/stm32f3xx_hal_cortex.o
 .text.HAL_NVIC_SetPriorityGrouping
                0x080039ec       0x16 ./Drivers/STM32F3xx_HAL_Driver/Src/stm32f3xx_hal_cortex.o
                0x080039ec                HAL_NVIC_SetPriorityGrouping
 .text.HAL_NVIC_SetPriority
                0x08003a02       0x38 ./Drivers/STM32F3xx_HAL_Driver/Src/stm32f3xx_hal_cortex.o
                0x08003a02                HAL_NVIC_SetPriority
 .text.HAL_NVIC_EnableIRQ
                0x08003a3a       0x1c ./Drivers/STM32F3xx_HAL_Driver/Src/stm32f3xx_hal_cortex.o
                0x08003a3a                HAL_NVIC_EnableIRQ
 .text.HAL_SYSTICK_Config
                0x08003a56       0x18 ./Drivers/STM32F3xx_HAL_Driver/Src/stm32f3xx_hal_cortex.o
                0x08003a56                HAL_SYSTICK_Config
 .text.HAL_DMA_Init
                0x08003a6e       0x8e ./Drivers/STM32F3xx_HAL_Driver/Src/stm32f3xx_hal_dma.o
                0x08003a6e                HAL_DMA_Init
 .text.HAL_DMA_IRQHandler
                0x08003afc      0x146 ./Drivers/STM32F3xx_HAL_Driver/Src/stm32f3xx_hal_dma.o
                0x08003afc                HAL_DMA_IRQHandler
 *fill*         0x08003c42        0x2 
 .text.DMA_CalcBaseAndBitshift
                0x08003c44       0x40 ./Drivers/STM32F3xx_HAL_Driver/Src/stm32f3xx_hal_dma.o
 .text.HAL_GPIO_Init
                0x08003c84      0x2e4 ./Drivers/STM32F3xx_HAL_Driver/Src/stm32f3xx_hal_gpio.o
                0x08003c84                HAL_GPIO_Init
 .text.HAL_GPIO_ReadPin
                0x08003f68       0x30 ./Drivers/STM32F3xx_HAL_Driver/Src/stm32f3xx_hal_gpio.o
                0x08003f68                HAL_GPIO_ReadPin
 .text.HAL_GPIO_WritePin
                0x08003f98       0x30 ./Drivers/STM32F3xx_HAL_Driver/Src/stm32f3xx_hal_gpio.o
                0x08003f98                HAL_GPIO_WritePin
 .text.HAL_RCC_OscConfig
                0x08003fc8     0x101c ./Drivers/STM32F3xx_HAL_Driver/Src/stm32f3xx_hal_rcc.o
                0x08003fc8                HAL_RCC_OscConfig
 .text.HAL_RCC_ClockConfig
                0x08004fe4      0x2dc ./Drivers/STM32F3xx_HAL_Driver/Src/stm32f3xx_hal_rcc.o
                0x08004fe4                HAL_RCC_ClockConfig
 .text.HAL_RCC_GetSysClockFreq
                0x080052c0       0xac ./Drivers/STM32F3xx_HAL_Driver/Src/stm32f3xx_hal_rcc.o
                0x080052c0                HAL_RCC_GetSysClockFreq
 .text.HAL_RCC_GetHCLKFreq
                0x0800536c       0x18 ./Drivers/STM32F3xx_HAL_Driver/Src/stm32f3xx_hal_rcc.o
                0x0800536c                HAL_RCC_GetHCLKFreq
 .text.HAL_RCC_GetPCLK1Freq
                0x08005384       0x44 ./Drivers/STM32F3xx_HAL_Driver/Src/stm32f3xx_hal_rcc.o
                0x08005384                HAL_RCC_GetPCLK1Freq
 .text.HAL_RCC_GetPCLK2Freq
                0x080053c8       0x44 ./Drivers/STM32F3xx_HAL_Driver/Src/stm32f3xx_hal_rcc.o
                0x080053c8                HAL_RCC_GetPCLK2Freq
 .text.HAL_RCCEx_PeriphCLKConfig
                0x0800540c      0x248 ./Drivers/STM32F3xx_HAL_Driver/Src/stm32f3xx_hal_rcc_ex.o
                0x0800540c                HAL_RCCEx_PeriphCLKConfig
 .text.HAL_TIM_Base_Init
                0x08005654       0xae ./Drivers/STM32F3xx_HAL_Driver/Src/stm32f3xx_hal_tim.o
                0x08005654                HAL_TIM_Base_Init
 .text.HAL_TIM_PWM_Init
                0x08005702       0xae ./Drivers/STM32F3xx_HAL_Driver/Src/stm32f3xx_hal_tim.o
                0x08005702                HAL_TIM_PWM_Init
 .text.HAL_TIM_PWM_MspInit
                0x080057b0       0x14 ./Drivers/STM32F3xx_HAL_Driver/Src/stm32f3xx_hal_tim.o
                0x080057b0                HAL_TIM_PWM_MspInit
 .text.HAL_TIM_PWM_Start
                0x080057c4      0x1d8 ./Drivers/STM32F3xx_HAL_Driver/Src/stm32f3xx_hal_tim.o
                0x080057c4                HAL_TIM_PWM_Start
 .text.HAL_TIM_PWM_ConfigChannel
                0x0800599c      0x228 ./Drivers/STM32F3xx_HAL_Driver/Src/stm32f3xx_hal_tim.o
                0x0800599c                HAL_TIM_PWM_ConfigChannel
 .text.HAL_TIM_ConfigClockSource
                0x08005bc4      0x192 ./Drivers/STM32F3xx_HAL_Driver/Src/stm32f3xx_hal_tim.o
                0x08005bc4                HAL_TIM_ConfigClockSource
 *fill*         0x08005d56        0x2 
 .text.TIM_Base_SetConfig
                0x08005d58      0x108 ./Drivers/STM32F3xx_HAL_Driver/Src/stm32f3xx_hal_tim.o
                0x08005d58                TIM_Base_SetConfig
 .text.TIM_OC1_SetConfig
                0x08005e60      0x10c ./Drivers/STM32F3xx_HAL_Driver/Src/stm32f3xx_hal_tim.o
 .text.TIM_OC2_SetConfig
                0x08005f6c      0x100 ./Drivers/STM32F3xx_HAL_Driver/Src/stm32f3xx_hal_tim.o
                0x08005f6c                TIM_OC2_SetConfig
 .text.TIM_OC3_SetConfig
                0x0800606c       0xfc ./Drivers/STM32F3xx_HAL_Driver/Src/stm32f3xx_hal_tim.o
 .text.TIM_OC4_SetConfig
                0x08006168       0xc8 ./Drivers/STM32F3xx_HAL_Driver/Src/stm32f3xx_hal_tim.o
 .text.TIM_OC5_SetConfig
                0x08006230       0xbc ./Drivers/STM32F3xx_HAL_Driver/Src/stm32f3xx_hal_tim.o
 .text.TIM_OC6_SetConfig
                0x080062ec       0xc0 ./Drivers/STM32F3xx_HAL_Driver/Src/stm32f3xx_hal_tim.o
 .text.TIM_TI1_ConfigInputStage
                0x080063ac       0x5e ./Drivers/STM32F3xx_HAL_Driver/Src/stm32f3xx_hal_tim.o
 .text.TIM_TI2_ConfigInputStage
                0x0800640a       0x60 ./Drivers/STM32F3xx_HAL_Driver/Src/stm32f3xx_hal_tim.o
 .text.TIM_ITRx_SetConfig
                0x0800646a       0x36 ./Drivers/STM32F3xx_HAL_Driver/Src/stm32f3xx_hal_tim.o
 .text.TIM_ETR_SetConfig
                0x080064a0       0x40 ./Drivers/STM32F3xx_HAL_Driver/Src/stm32f3xx_hal_tim.o
                0x080064a0                TIM_ETR_SetConfig
 .text.TIM_CCxChannelCmd
                0x080064e0       0x4a ./Drivers/STM32F3xx_HAL_Driver/Src/stm32f3xx_hal_tim.o
                0x080064e0                TIM_CCxChannelCmd
 *fill*         0x0800652a        0x2 
 .text.HAL_TIMEx_MasterConfigSynchronization
                0x0800652c       0xdc ./Drivers/STM32F3xx_HAL_Driver/Src/stm32f3xx_hal_tim_ex.o
                0x0800652c                HAL_TIMEx_MasterConfigSynchronization
 .text.HAL_TIMEx_ConfigBreakDeadTime
                0x08006608       0xf0 ./Drivers/STM32F3xx_HAL_Driver/Src/stm32f3xx_hal_tim_ex.o
                0x08006608                HAL_TIMEx_ConfigBreakDeadTime
 .text.HAL_UART_Init
                0x080066f8       0x9c ./Drivers/STM32F3xx_HAL_Driver/Src/stm32f3xx_hal_uart.o
                0x080066f8                HAL_UART_Init
 .text.UART_SetConfig
                0x08006794      0x26c ./Drivers/STM32F3xx_HAL_Driver/Src/stm32f3xx_hal_uart.o
                0x08006794                UART_SetConfig
 .text.UART_AdvFeatureConfig
                0x08006a00      0x144 ./Drivers/STM32F3xx_HAL_Driver/Src/stm32f3xx_hal_uart.o
                0x08006a00                UART_AdvFeatureConfig
 .text.UART_CheckIdleState
                0x08006b44      0x150 ./Drivers/STM32F3xx_HAL_Driver/Src/stm32f3xx_hal_uart.o
                0x08006b44                UART_CheckIdleState
 .text.UART_WaitOnFlagUntilTimeout
                0x08006c94       0xda ./Drivers/STM32F3xx_HAL_Driver/Src/stm32f3xx_hal_uart.o
                0x08006c94                UART_WaitOnFlagUntilTimeout
 .text.UART_EndRxTransfer
                0x08006d6e       0xc8 ./Drivers/STM32F3xx_HAL_Driver/Src/stm32f3xx_hal_uart.o
 .text.memset   0x08006e36       0x10 C:/ST/STM32CubeIDE_1.19.0/STM32CubeIDE/plugins/com.st.stm32cube.ide.mcu.externaltools.gnu-tools-for-stm32.14.3.rel1.win32_1.0.100.202602081740/tools/bin/../lib/gcc/arm-none-eabi/14.3.1/../../../../arm-none-eabi/lib/thumb/v7e-m+fp/hard\libc_nano.a(libc_a-memset.o)
                0x08006e36                memset
 *fill*         0x08006e46        0x2 
 .text.__libc_init_array
                0x08006e48       0x48 C:/ST/STM32CubeIDE_1.19.0/STM32CubeIDE/plugins/com.st.stm32cube.ide.mcu.externaltools.gnu-tools-for-stm32.14.3.rel1.win32_1.0.100.202602081740/tools/bin/../lib/gcc/arm-none-eabi/14.3.1/../../../../arm-none-eabi/lib/thumb/v7e-m+fp/hard\libc_nano.a(libc_a-init.o)
                0x08006e48                __libc_init_array
 .text.round    0x08006e90       0xa0 C:/ST/STM32CubeIDE_1.19.0/STM32CubeIDE/plugins/com.st.stm32cube.ide.mcu.externaltools.gnu-tools-for-stm32.14.3.rel1.win32_1.0.100.202602081740/tools/bin/../lib/gcc/arm-none-eabi/14.3.1/../../../../arm-none-eabi/lib/thumb/v7e-m+fp/hard\libm.a(libm_a-s_round.o)
                0x08006e90                round
 *(.glue_7)
 .glue_7        0x08006f30        0x0 linker stubs
 *(.glue_7t)
 .glue_7t       0x08006f30        0x0 linker stubs
 *(.eh_frame)
 .eh_frame      0x08006f30        0x0 C:/ST/STM32CubeIDE_1.19.0/STM32CubeIDE/plugins/com.st.stm32cube.ide.mcu.externaltools.gnu-tools-for-stm32.14.3.rel1.win32_1.0.100.202602081740/tools/bin/../lib/gcc/arm-none-eabi/14.3.1/thumb/v7e-m+fp/hard/crtbegin.o
 *(.init)
 .init          0x08006f30        0x4 C:/ST/STM32CubeIDE_1.19.0/STM32CubeIDE/plugins/com.st.stm32cube.ide.mcu.externaltools.gnu-tools-for-stm32.14.3.rel1.win32_1.0.100.202602081740/tools/bin/../lib/gcc/arm-none-eabi/14.3.1/thumb/v7e-m+fp/hard/crti.o
                0x08006f30                _init
 .init          0x08006f34        0x8 C:/ST/STM32CubeIDE_1.19.0/STM32CubeIDE/plugins/com.st.stm32cube.ide.mcu.externaltools.gnu-tools-for-stm32.14.3.rel1.win32_1.0.100.202602081740/tools/bin/../lib/gcc/arm-none-eabi/14.3.1/thumb/v7e-m+fp/hard/crtn.o
 *(.fini)
 .fini          0x08006f3c        0x4 C:/ST/STM32CubeIDE_1.19.0/STM32CubeIDE/plugins/com.st.stm32cube.ide.mcu.externaltools.gnu-tools-for-stm32.14.3.rel1.win32_1.0.100.202602081740/tools/bin/../lib/gcc/arm-none-eabi/14.3.1/thumb/v7e-m+fp/hard/crti.o
                0x08006f3c                _fini
 .fini          0x08006f40        0x8 C:/ST/STM32CubeIDE_1.19.0/STM32CubeIDE/plugins/com.st.stm32cube.ide.mcu.externaltools.gnu-tools-for-stm32.14.3.rel1.win32_1.0.100.202602081740/tools/bin/../lib/gcc/arm-none-eabi/14.3.1/thumb/v7e-m+fp/hard/crtn.o
                0x08006f48                        . = ALIGN (0x4)
                0x08006f48                        _etext = .

.vfp11_veneer   0x08006f48        0x0
 .vfp11_veneer  0x08006f48        0x0 linker stubs

.v4_bx          0x08006f48        0x0
 .v4_bx         0x08006f48        0x0 linker stubs

.iplt           0x08006f48        0x0
 .iplt          0x08006f48        0x0 C:/ST/STM32CubeIDE_1.19.0/STM32CubeIDE/plugins/com.st.stm32cube.ide.mcu.externaltools.gnu-tools-for-stm32.14.3.rel1.win32_1.0.100.202602081740/tools/bin/../lib/gcc/arm-none-eabi/14.3.1/thumb/v7e-m+fp/hard/crtbegin.o

.rodata         0x08006f48       0x38
                0x08006f48                        . = ALIGN (0x4)
 *(.rodata)
 *(.rodata*)
 .rodata.AHBPrescTable
                0x08006f48       0x10 ./Core/Src/system_stm32f3xx.o
                0x08006f48                AHBPrescTable
 .rodata.APBPrescTable
                0x08006f58        0x8 ./Core/Src/system_stm32f3xx.o
                0x08006f58                APBPrescTable
 .rodata.aPLLMULFactorTable
                0x08006f60       0x10 ./Drivers/STM32F3xx_HAL_Driver/Src/stm32f3xx_hal_rcc.o
 .rodata.aPredivFactorTable
                0x08006f70       0x10 ./Drivers/STM32F3xx_HAL_Driver/Src/stm32f3xx_hal_rcc.o
                0x08006f80                        . = ALIGN (0x4)

.ARM.extab      0x08006f80        0x0
                0x08006f80                        . = ALIGN (0x4)
 *(.ARM.extab* .gnu.linkonce.armextab.*)
                0x08006f80                        . = ALIGN (0x4)

.ARM            0x08006f80        0x0
                0x08006f80                        . = ALIGN (0x4)
                0x08006f80                        __exidx_start = .
 *(.ARM.exidx*)
                0x08006f80                        __exidx_end = .
                0x08006f80                        . = ALIGN (0x4)

.preinit_array  0x08006f80        0x0
                0x08006f80                        . = ALIGN (0x4)
                0x08006f80                        PROVIDE (__preinit_array_start = .)
 *(.preinit_array*)
                0x08006f80                        PROVIDE (__preinit_array_end = .)
                0x08006f80                        . = ALIGN (0x4)

.init_array     0x08006f80        0x4
                0x08006f80                        . = ALIGN (0x4)
                0x08006f80                        PROVIDE (__init_array_start = .)
 *(SORT_BY_NAME(.init_array.*))
 *(.init_array*)
 .init_array    0x08006f80        0x4 C:/ST/STM32CubeIDE_1.19.0/STM32CubeIDE/plugins/com.st.stm32cube.ide.mcu.externaltools.gnu-tools-for-stm32.14.3.rel1.win32_1.0.100.202602081740/tools/bin/../lib/gcc/arm-none-eabi/14.3.1/thumb/v7e-m+fp/hard/crtbegin.o
                0x08006f84                        PROVIDE (__init_array_end = .)
                0x08006f84                        . = ALIGN (0x4)

.fini_array     0x08006f84        0x4
                0x08006f84                        . = ALIGN (0x4)
                [!provide]                        PROVIDE (__fini_array_start = .)
 *(SORT_BY_NAME(.fini_array.*))
 *(.fini_array*)
 .fini_array    0x08006f84        0x4 C:/ST/STM32CubeIDE_1.19.0/STM32CubeIDE/plugins/com.st.stm32cube.ide.mcu.externaltools.gnu-tools-for-stm32.14.3.rel1.win32_1.0.100.202602081740/tools/bin/../lib/gcc/arm-none-eabi/14.3.1/thumb/v7e-m+fp/hard/crtbegin.o
                [!provide]                        PROVIDE (__fini_array_end = .)
                0x08006f88                        . = ALIGN (0x4)
                0x08006f88                        _sidata = LOADADDR (.data)

.rel.dyn        0x08006f88        0x0
 .rel.iplt      0x08006f88        0x0 C:/ST/STM32CubeIDE_1.19.0/STM32CubeIDE/plugins/com.st.stm32cube.ide.mcu.externaltools.gnu-tools-for-stm32.14.3.rel1.win32_1.0.100.202602081740/tools/bin/../lib/gcc/arm-none-eabi/14.3.1/thumb/v7e-m+fp/hard/crtbegin.o

.data           0x20000000        0xc load address 0x08006f88
                0x20000000                        . = ALIGN (0x4)
                0x20000000                        _sdata = .
 *(.data)
 *(.data*)
 .data.SystemCoreClock
                0x20000000        0x4 ./Core/Src/system_stm32f3xx.o
                0x20000000                SystemCoreClock
 .data.uwTickPrio
                0x20000004        0x4 ./Drivers/STM32F3xx_HAL_Driver/Src/stm32f3xx_hal.o
                0x20000004                uwTickPrio
 .data.uwTickFreq
                0x20000008        0x1 ./Drivers/STM32F3xx_HAL_Driver/Src/stm32f3xx_hal.o
                0x20000008                uwTickFreq
 *(.RamFunc)
 *(.RamFunc*)
                0x2000000c                        . = ALIGN (0x4)
 *fill*         0x20000009        0x3 
                0x2000000c                        _edata = .
                0x08006f94                        _siccmram = LOADADDR (.ccmram)

.igot.plt       0x2000000c        0x0 load address 0x08006f94
 .igot.plt      0x2000000c        0x0 C:/ST/STM32CubeIDE_1.19.0/STM32CubeIDE/plugins/com.st.stm32cube.ide.mcu.externaltools.gnu-tools-for-stm32.14.3.rel1.win32_1.0.100.202602081740/tools/bin/../lib/gcc/arm-none-eabi/14.3.1/thumb/v7e-m+fp/hard/crtbegin.o

.ccmram         0x10000000        0x0 load address 0x08006f94
                0x10000000                        . = ALIGN (0x4)
                0x10000000                        _sccmram = .
 *(.ccmram)
 *(.ccmram*)
                0x10000000                        . = ALIGN (0x4)
                0x10000000                        _eccmram = .
                0x10000000                        . = ALIGN (0x4)

.bss            0x2000000c      0x8ac
                0x2000000c                        _sbss = .
                0x2000000c                        __bss_start__ = _sbss
 *(.bss)
 .bss           0x2000000c       0x1c C:/ST/STM32CubeIDE_1.19.0/STM32CubeIDE/plugins/com.st.stm32cube.ide.mcu.externaltools.gnu-tools-for-stm32.14.3.rel1.win32_1.0.100.202602081740/tools/bin/../lib/gcc/arm-none-eabi/14.3.1/thumb/v7e-m+fp/hard/crtbegin.o
 *(.bss*)
 .bss.directionVoltage
                0x20000028        0x4 ./App/Src/RB._service.o
                0x20000028                directionVoltage
 .bss.positionCirclesVoltage
                0x2000002c        0x4 ./App/Src/RB._service.o
                0x2000002c                positionCirclesVoltage
 .bss.safeStateVoltage
                0x20000030        0x4 ./App/Src/RB._service.o
                0x20000030                safeStateVoltage
 .bss.middleStopVoltage
                0x20000034        0x4 ./App/Src/RB._service.o
                0x20000034                middleStopVoltage
 .bss.sidePositionVoltage
                0x20000038        0x4 ./App/Src/RB._service.o
                0x20000038                sidePositionVoltage
 .bss.errorHandler
                0x2000003c       0xb4 ./App/Src/RB._service.o
                0x2000003c                errorHandler
 .bss.CAN_buffer
                0x200000f0      0x508 ./App/Src/RB._service.o
                0x200000f0                CAN_buffer
 .bss.statusFrame
                0x200005f8       0x28 ./App/Src/RB._service.o
                0x200005f8                statusFrame
 .bss.directionTimer
                0x20000620        0x4 ./App/Src/RB._service.o
                0x20000620                directionTimer
 .bss.turnStatus
                0x20000624        0x1 ./App/Src/RB._service.o
                0x20000624                turnStatus
 *fill*         0x20000625        0x3 
 .bss.canfilterconfig
                0x20000628       0x28 ./App/Src/app.o
                0x20000628                canfilterconfig
 .bss.PWM       0x20000650       0x10 ./App/Src/app.o
                0x20000650                PWM
 .bss.cadc1     0x20000660       0x11 ./App/Src/app.o
                0x20000660                cadc1
 *fill*         0x20000671        0x3 
 .bss.cadc2     0x20000674       0x11 ./App/Src/app.o
                0x20000674                cadc2
 .bss.brakeStatus
                0x20000685        0x1 ./App/Src/global_variables.o
                0x20000685                brakeStatus
 .bss.positionStatus
                0x20000686        0x1 ./App/Src/global_variables.o
                0x20000686                positionStatus
 .bss.rightTurnStatus
                0x20000687        0x1 ./App/Src/global_variables.o
                0x20000687                rightTurnStatus
 .bss.safeStateStatus
                0x20000688        0x1 ./App/Src/global_variables.o
                0x20000688                safeStateStatus
 .bss.emergencyStatus
                0x20000689        0x1 ./App/Src/global_variables.o
                0x20000689                emergencyStatus
 .bss.brakeChangeFlag
                0x2000068a        0x1 ./App/Src/global_variables.o
                0x2000068a                brakeChangeFlag
 .bss.positionChangeFlag
                0x2000068b        0x1 ./App/Src/global_variables.o
                0x2000068b                positionChangeFlag
 .bss.hadc1     0x2000068c       0x50 ./Core/Src/adc.o
                0x2000068c                hadc1
 .bss.hadc2     0x200006dc       0x50 ./Core/Src/adc.o
                0x200006dc                hadc2
 .bss.hdma_adc1
                0x2000072c       0x44 ./Core/Src/adc.o
                0x2000072c                hdma_adc1
 .bss.hdma_adc2
                0x20000770       0x44 ./Core/Src/adc.o
                0x20000770                hdma_adc2
 .bss.HAL_RCC_ADC12_CLK_ENABLED
                0x200007b4        0x4 ./Core/Src/adc.o
 .bss.hcan      0x200007b8       0x28 ./Core/Src/can.o
                0x200007b8                hcan
 .bss.htim1     0x200007e0       0x4c ./Core/Src/tim.o
                0x200007e0                htim1
 .bss.huart1    0x2000082c       0x88 ./Core/Src/usart.o
                0x2000082c                huart1
 .bss.uwTick    0x200008b4        0x4 ./Drivers/STM32F3xx_HAL_Driver/Src/stm32f3xx_hal.o
                0x200008b4                uwTick
 *(COMMON)
                0x200008b8                        . = ALIGN (0x4)
                0x200008b8                        _ebss = .
                0x200008b8                        __bss_end__ = _ebss

._user_heap_stack
                0x200008b8      0x600
                0x200008b8                        . = ALIGN (0x8)
                [!provide]                        PROVIDE (end = .)
                0x200008b8                        PROVIDE (_end = .)
                0x20000ab8                        . = (. + _Min_Heap_Size)
 *fill*         0x200008b8      0x200 
                0x20000eb8                        . = (. + _Min_Stack_Size)
 *fill*         0x20000ab8      0x400 
                0x20000eb8                        . = ALIGN (0x8)

/DISCARD/
 libc.a(*)
 libm.a(*)
 libgcc.a(*)

.ARM.attributes
                0x00000000       0x30
 *(.ARM.attributes)
 .ARM.attributes
                0x00000000       0x22 C:/ST/STM32CubeIDE_1.19.0/STM32CubeIDE/plugins/com.st.stm32cube.ide.mcu.externaltools.gnu-tools-for-stm32.14.3.rel1.win32_1.0.100.202602081740/tools/bin/../lib/gcc/arm-none-eabi/14.3.1/thumb/v7e-m+fp/hard/crti.o
 .ARM.attributes
                0x00000022       0x34 C:/ST/STM32CubeIDE_1.19.0/STM32CubeIDE/plugins/com.st.stm32cube.ide.mcu.externaltools.gnu-tools-for-stm32.14.3.rel1.win32_1.0.100.202602081740/tools/bin/../lib/gcc/arm-none-eabi/14.3.1/thumb/v7e-m+fp/hard/crtbegin.o
 .ARM.attributes
                0x00000056       0x34 ./App/Eko_Drivers/Src/adc_driver.o
 .ARM.attributes
                0x0000008a       0x34 ./App/Eko_Drivers/Src/adc_utils.o
 .ARM.attributes
                0x000000be       0x34 ./App/Eko_Drivers/Src/can_driver.o
 .ARM.attributes
                0x000000f2       0x34 ./App/Eko_Drivers/Src/error_handler.o
 .ARM.attributes
                0x00000126       0x34 ./App/Eko_Drivers/Src/pwm_driver.o
 .ARM.attributes
                0x0000015a       0x34 ./App/Src/LB_service.o
 .ARM.attributes
                0x0000018e       0x34 ./App/Src/LF_service.o
 .ARM.attributes
                0x000001c2       0x34 ./App/Src/RB._service.o
 .ARM.attributes
                0x000001f6       0x34 ./App/Src/RF_service.o
 .ARM.attributes
                0x0000022a       0x34 ./App/Src/app.o
 .ARM.attributes
                0x0000025e       0x34 ./App/Src/board_selector.o
 .ARM.attributes
                0x00000292       0x34 ./App/Src/global_variables.o
 .ARM.attributes
                0x000002c6       0x34 ./Core/Src/adc.o
 .ARM.attributes
                0x000002fa       0x34 ./Core/Src/can.o
 .ARM.attributes
                0x0000032e       0x34 ./Core/Src/dma.o
 .ARM.attributes
                0x00000362       0x34 ./Core/Src/gpio.o
 .ARM.attributes
                0x00000396       0x34 ./Core/Src/main.o
 .ARM.attributes
                0x000003ca       0x34 ./Core/Src/stm32f3xx_hal_msp.o
 .ARM.attributes
                0x000003fe       0x34 ./Core/Src/stm32f3xx_it.o
 .ARM.attributes
                0x00000432       0x34 ./Core/Src/system_stm32f3xx.o
 .ARM.attributes
                0x00000466       0x34 ./Core/Src/tim.o
 .ARM.attributes
                0x0000049a       0x34 ./Core/Src/usart.o
 .ARM.attributes
                0x000004ce       0x21 ./Core/Startup/startup_stm32f303k8tx.o
 .ARM.attributes
                0x000004ef       0x34 ./Drivers/STM32F3xx_HAL_Driver/Src/stm32f3xx_hal.o
 .ARM.attributes
                0x00000523       0x34 ./Drivers/STM32F3xx_HAL_Driver/Src/stm32f3xx_hal_adc_ex.o
 .ARM.attributes
                0x00000557       0x34 ./Drivers/STM32F3xx_HAL_Driver/Src/stm32f3xx_hal_can.o
 .ARM.attributes
                0x0000058b       0x34 ./Drivers/STM32F3xx_HAL_Driver/Src/stm32f3xx_hal_cortex.o
 .ARM.attributes
                0x000005bf       0x34 ./Drivers/STM32F3xx_HAL_Driver/Src/stm32f3xx_hal_dma.o
 .ARM.attributes
                0x000005f3       0x34 ./Drivers/STM32F3xx_HAL_Driver/Src/stm32f3xx_hal_gpio.o
 .ARM.attributes
                0x00000627       0x34 ./Drivers/STM32F3xx_HAL_Driver/Src/stm32f3xx_hal_rcc.o
 .ARM.attributes
                0x0000065b       0x34 ./Drivers/STM32F3xx_HAL_Driver/Src/stm32f3xx_hal_rcc_ex.o
 .ARM.attributes
                0x0000068f       0x34 ./Drivers/STM32F3xx_HAL_Driver/Src/stm32f3xx_hal_tim.o
 .ARM.attributes
                0x000006c3       0x34 ./Drivers/STM32F3xx_HAL_Driver/Src/stm32f3xx_hal_tim_ex.o
 .ARM.attributes
                0x000006f7       0x34 ./Drivers/STM32F3xx_HAL_Driver/Src/stm32f3xx_hal_uart.o
 .ARM.attributes
                0x0000072b       0x34 C:/ST/STM32CubeIDE_1.19.0/STM32CubeIDE/plugins/com.st.stm32cube.ide.mcu.externaltools.gnu-tools-for-stm32.14.3.rel1.win32_1.0.100.202602081740/tools/bin/../lib/gcc/arm-none-eabi/14.3.1/../../../../arm-none-eabi/lib/thumb/v7e-m+fp/hard\libc_nano.a(libc_a-memset.o)
 .ARM.attributes
                0x0000075f       0x34 C:/ST/STM32CubeIDE_1.19.0/STM32CubeIDE/plugins/com.st.stm32cube.ide.mcu.externaltools.gnu-tools-for-stm32.14.3.rel1.win32_1.0.100.202602081740/tools/bin/../lib/gcc/arm-none-eabi/14.3.1/../../../../arm-none-eabi/lib/thumb/v7e-m+fp/hard\libc_nano.a(libc_a-init.o)
 .ARM.attributes
                0x00000793       0x34 C:/ST/STM32CubeIDE_1.19.0/STM32CubeIDE/plugins/com.st.stm32cube.ide.mcu.externaltools.gnu-tools-for-stm32.14.3.rel1.win32_1.0.100.202602081740/tools/bin/../lib/gcc/arm-none-eabi/14.3.1/../../../../arm-none-eabi/lib/thumb/v7e-m+fp/hard\libm.a(libm_a-s_round.o)
 .ARM.attributes
                0x000007c7       0x22 C:/ST/STM32CubeIDE_1.19.0/STM32CubeIDE/plugins/com.st.stm32cube.ide.mcu.externaltools.gnu-tools-for-stm32.14.3.rel1.win32_1.0.100.202602081740/tools/bin/../lib/gcc/arm-none-eabi/14.3.1/thumb/v7e-m+fp/hard\libgcc.a(_arm_addsubdf3.o)
 .ARM.attributes
                0x000007e9       0x22 C:/ST/STM32CubeIDE_1.19.0/STM32CubeIDE/plugins/com.st.stm32cube.ide.mcu.externaltools.gnu-tools-for-stm32.14.3.rel1.win32_1.0.100.202602081740/tools/bin/../lib/gcc/arm-none-eabi/14.3.1/thumb/v7e-m+fp/hard\libgcc.a(_arm_fixdfsi.o)
 .ARM.attributes
                0x0000080b       0x22 C:/ST/STM32CubeIDE_1.19.0/STM32CubeIDE/plugins/com.st.stm32cube.ide.mcu.externaltools.gnu-tools-for-stm32.14.3.rel1.win32_1.0.100.202602081740/tools/bin/../lib/gcc/arm-none-eabi/14.3.1/thumb/v7e-m+fp/hard/crtn.o
OUTPUT(ligths-driver.elf elf32-littlearm)
LOAD linker stubs
LOAD C:/ST/STM32CubeIDE_1.19.0/STM32CubeIDE/plugins/com.st.stm32cube.ide.mcu.externaltools.gnu-tools-for-stm32.14.3.rel1.win32_1.0.100.202602081740/tools/bin/../lib/gcc/arm-none-eabi/14.3.1/../../../../arm-none-eabi/lib/thumb/v7e-m+fp/hard\libc.a
LOAD C:/ST/STM32CubeIDE_1.19.0/STM32CubeIDE/plugins/com.st.stm32cube.ide.mcu.externaltools.gnu-tools-for-stm32.14.3.rel1.win32_1.0.100.202602081740/tools/bin/../lib/gcc/arm-none-eabi/14.3.1/../../../../arm-none-eabi/lib/thumb/v7e-m+fp/hard\libm.a
LOAD C:/ST/STM32CubeIDE_1.19.0/STM32CubeIDE/plugins/com.st.stm32cube.ide.mcu.externaltools.gnu-tools-for-stm32.14.3.rel1.win32_1.0.100.202602081740/tools/bin/../lib/gcc/arm-none-eabi/14.3.1/thumb/v7e-m+fp/hard\libgcc.a

.debug_info     0x00000000    0x180e8
 .debug_info    0x00000000      0xba3 ./App/Eko_Drivers/Src/adc_driver.o
 .debug_info    0x00000ba3      0x78d ./App/Eko_Drivers/Src/adc_utils.o
 .debug_info    0x00001330      0x882 ./App/Eko_Drivers/Src/can_driver.o
 .debug_info    0x00001bb2      0xd8f ./App/Eko_Drivers/Src/error_handler.o
 .debug_info    0x00002941      0xaa9 ./App/Eko_Drivers/Src/pwm_driver.o
 .debug_info    0x000033ea      0x7b2 ./App/Src/LB_service.o
 .debug_info    0x00003b9c       0x8a ./App/Src/LF_service.o
 .debug_info    0x00003c26     0x1498 ./App/Src/RB._service.o
 .debug_info    0x000050be       0x8a ./App/Src/RF_service.o
 .debug_info    0x00005148     0x127e ./App/Src/app.o
 .debug_info    0x000063c6      0x74d ./App/Src/board_selector.o
 .debug_info    0x00006b13      0x43e ./App/Src/global_variables.o
 .debug_info    0x00006f51      0xb47 ./Core/Src/adc.o
 .debug_info    0x00007a98      0x74d ./Core/Src/can.o
 .debug_info    0x000081e5      0x2f3 ./Core/Src/dma.o
 .debug_info    0x000084d8      0x321 ./Core/Src/gpio.o
 .debug_info    0x000087f9      0x365 ./Core/Src/main.o
 .debug_info    0x00008b5e      0x18d ./Core/Src/stm32f3xx_hal_msp.o
 .debug_info    0x00008ceb      0x371 ./Core/Src/stm32f3xx_it.o
 .debug_info    0x0000905c      0x407 ./Core/Src/system_stm32f3xx.o
 .debug_info    0x00009463      0xbef ./Core/Src/tim.o
 .debug_info    0x0000a052      0x91d ./Core/Src/usart.o
 .debug_info    0x0000a96f       0x30 ./Core/Startup/startup_stm32f303k8tx.o
 .debug_info    0x0000a99f      0x74a ./Drivers/STM32F3xx_HAL_Driver/Src/stm32f3xx_hal.o
 .debug_info    0x0000b0e9     0x15b2 ./Drivers/STM32F3xx_HAL_Driver/Src/stm32f3xx_hal_adc_ex.o
 .debug_info    0x0000c69b      0xf02 ./Drivers/STM32F3xx_HAL_Driver/Src/stm32f3xx_hal_can.o
 .debug_info    0x0000d59d      0xa87 ./Drivers/STM32F3xx_HAL_Driver/Src/stm32f3xx_hal_cortex.o
 .debug_info    0x0000e024      0x6e1 ./Drivers/STM32F3xx_HAL_Driver/Src/stm32f3xx_hal_dma.o
 .debug_info    0x0000e705      0x6a6 ./Drivers/STM32F3xx_HAL_Driver/Src/stm32f3xx_hal_gpio.o
 .debug_info    0x0000edab     0x148a ./Drivers/STM32F3xx_HAL_Driver/Src/stm32f3xx_hal_rcc.o
 .debug_info    0x00010235      0x52e ./Drivers/STM32F3xx_HAL_Driver/Src/stm32f3xx_hal_rcc_ex.o
 .debug_info    0x00010763     0x2a70 ./Drivers/STM32F3xx_HAL_Driver/Src/stm32f3xx_hal_tim.o
 .debug_info    0x000131d3     0x156d ./Drivers/STM32F3xx_HAL_Driver/Src/stm32f3xx_hal_tim_ex.o
 .debug_info    0x00014740     0x39a8 ./Drivers/STM32F3xx_HAL_Driver/Src/stm32f3xx_hal_uart.o

.debug_abbrev   0x00000000     0x3e36
 .debug_abbrev  0x00000000      0x254 ./App/Eko_Drivers/Src/adc_driver.o
 .debug_abbrev  0x00000254      0x17a ./App/Eko_Drivers/Src/adc_utils.o
 .debug_abbrev  0x000003ce      0x227 ./App/Eko_Drivers/Src/can_driver.o
 .debug_abbrev  0x000005f5      0x262 ./App/Eko_Drivers/Src/error_handler.o
 .debug_abbrev  0x00000857      0x1e1 ./App/Eko_Drivers/Src/pwm_driver.o
 .debug_abbrev  0x00000a38      0x19f ./App/Src/LB_service.o
 .debug_abbrev  0x00000bd7       0x43 ./App/Src/LF_service.o
 .debug_abbrev  0x00000c1a      0x2f8 ./App/Src/RB._service.o
 .debug_abbrev  0x00000f12       0x43 ./App/Src/RF_service.o
 .debug_abbrev  0x00000f55      0x2d5 ./App/Src/app.o
 .debug_abbrev  0x0000122a      0x173 ./App/Src/board_selector.o
 .debug_abbrev  0x0000139d       0x7c ./App/Src/global_variables.o
 .debug_abbrev  0x00001419      0x249 ./Core/Src/adc.o
 .debug_abbrev  0x00001662      0x201 ./Core/Src/can.o
 .debug_abbrev  0x00001863       0xfc ./Core/Src/dma.o
 .debug_abbrev  0x0000195f      0x151 ./Core/Src/gpio.o
 .debug_abbrev  0x00001ab0      0x1aa ./Core/Src/main.o
 .debug_abbrev  0x00001c5a       0xc6 ./Core/Src/stm32f3xx_hal_msp.o
 .debug_abbrev  0x00001d20      0x170 ./Core/Src/stm32f3xx_it.o
 .debug_abbrev  0x00001e90      0x11a ./Core/Src/system_stm32f3xx.o
 .debug_abbrev  0x00001faa      0x218 ./Core/Src/tim.o
 .debug_abbrev  0x000021c2      0x1f5 ./Core/Src/usart.o
 .debug_abbrev  0x000023b7       0x24 ./Core/Startup/startup_stm32f303k8tx.o
 .debug_abbrev  0x000023db      0x215 ./Drivers/STM32F3xx_HAL_Driver/Src/stm32f3xx_hal.o
 .debug_abbrev  0x000025f0      0x28e ./Drivers/STM32F3xx_HAL_Driver/Src/stm32f3xx_hal_adc_ex.o
 .debug_abbrev  0x0000287e      0x1fc ./Drivers/STM32F3xx_HAL_Driver/Src/stm32f3xx_hal_can.o
 .debug_abbrev  0x00002a7a      0x2f8 ./Drivers/STM32F3xx_HAL_Driver/Src/stm32f3xx_hal_cortex.o
 .debug_abbrev  0x00002d72      0x20d ./Drivers/STM32F3xx_HAL_Driver/Src/stm32f3xx_hal_dma.o
 .debug_abbrev  0x00002f7f      0x1ca ./Drivers/STM32F3xx_HAL_Driver/Src/stm32f3xx_hal_gpio.o
 .debug_abbrev  0x00003149      0x300 ./Drivers/STM32F3xx_HAL_Driver/Src/stm32f3xx_hal_rcc.o
 .debug_abbrev  0x00003449      0x221 ./Drivers/STM32F3xx_HAL_Driver/Src/stm32f3xx_hal_rcc_ex.o
 .debug_abbrev  0x0000366a      0x278 ./Drivers/STM32F3xx_HAL_Driver/Src/stm32f3xx_hal_tim.o
 .debug_abbrev  0x000038e2      0x283 ./Drivers/STM32F3xx_HAL_Driver/Src/stm32f3xx_hal_tim_ex.o
 .debug_abbrev  0x00003b65      0x2d1 ./Drivers/STM32F3xx_HAL_Driver/Src/stm32f3xx_hal_uart.o

.debug_aranges  0x00000000     0x13e0
 .debug_aranges
                0x00000000       0x68 ./App/Eko_Drivers/Src/adc_driver.o
 .debug_aranges
                0x00000068       0x40 ./App/Eko_Drivers/Src/adc_utils.o
 .debug_aranges
                0x000000a8       0x38 ./App/Eko_Drivers/Src/can_driver.o
 .debug_aranges
                0x000000e0       0x98 ./App/Eko_Drivers/Src/error_handler.o
 .debug_aranges
                0x00000178       0x40 ./App/Eko_Drivers/Src/pwm_driver.o
 .debug_aranges
                0x000001b8       0x28 ./App/Src/LB_service.o
 .debug_aranges
                0x000001e0       0x20 ./App/Src/LF_service.o
 .debug_aranges
                0x00000200       0x48 ./App/Src/RB._service.o
 .debug_aranges
                0x00000248       0x20 ./App/Src/RF_service.o
 .debug_aranges
                0x00000268       0x30 ./App/Src/app.o
 .debug_aranges
                0x00000298       0x20 ./App/Src/board_selector.o
 .debug_aranges
                0x000002b8      0x168 ./App/Src/global_variables.o
 .debug_aranges
                0x00000420       0x38 ./Core/Src/adc.o
 .debug_aranges
                0x00000458       0x30 ./Core/Src/can.o
 .debug_aranges
                0x00000488       0x20 ./Core/Src/dma.o
 .debug_aranges
                0x000004a8       0x20 ./Core/Src/gpio.o
 .debug_aranges
                0x000004c8       0x30 ./Core/Src/main.o
 .debug_aranges
                0x000004f8       0x20 ./Core/Src/stm32f3xx_hal_msp.o
 .debug_aranges
                0x00000518       0x70 ./Core/Src/stm32f3xx_it.o
 .debug_aranges
                0x00000588       0x28 ./Core/Src/system_stm32f3xx.o
 .debug_aranges
                0x000005b0       0x38 ./Core/Src/tim.o
 .debug_aranges
                0x000005e8       0x30 ./Core/Src/usart.o
 .debug_aranges
                0x00000618       0x28 ./Core/Startup/startup_stm32f303k8tx.o
 .debug_aranges
                0x00000640       0xe0 ./Drivers/STM32F3xx_HAL_Driver/Src/stm32f3xx_hal.o
 .debug_aranges
                0x00000720      0x168 ./Drivers/STM32F3xx_HAL_Driver/Src/stm32f3xx_hal_adc_ex.o
 .debug_aranges
                0x00000888      0x138 ./Drivers/STM32F3xx_HAL_Driver/Src/stm32f3xx_hal_can.o
 .debug_aranges
                0x000009c0      0x100 ./Drivers/STM32F3xx_HAL_Driver/Src/stm32f3xx_hal_cortex.o
 .debug_aranges
                0x00000ac0       0x88 ./Drivers/STM32F3xx_HAL_Driver/Src/stm32f3xx_hal_dma.o
 .debug_aranges
                0x00000b48       0x58 ./Drivers/STM32F3xx_HAL_Driver/Src/stm32f3xx_hal_gpio.o
 .debug_aranges
                0x00000ba0       0x88 ./Drivers/STM32F3xx_HAL_Driver/Src/stm32f3xx_hal_rcc.o
 .debug_aranges
                0x00000c28       0x38 ./Drivers/STM32F3xx_HAL_Driver/Src/stm32f3xx_hal_rcc_ex.o
 .debug_aranges
                0x00000c60      0x3e0 ./Drivers/STM32F3xx_HAL_Driver/Src/stm32f3xx_hal_tim.o
 .debug_aranges
                0x00001040      0x178 ./Drivers/STM32F3xx_HAL_Driver/Src/stm32f3xx_hal_tim_ex.o
 .debug_aranges
                0x000011b8      0x228 ./Drivers/STM32F3xx_HAL_Driver/Src/stm32f3xx_hal_uart.o

.debug_rnglists
                0x00000000      0xf8f
 .debug_rnglists
                0x00000000       0x4d ./App/Eko_Drivers/Src/adc_driver.o
 .debug_rnglists
                0x0000004d       0x2b ./App/Eko_Drivers/Src/adc_utils.o
 .debug_rnglists
                0x00000078       0x51 ./App/Eko_Drivers/Src/can_driver.o
 .debug_rnglists
                0x000000c9       0x84 ./App/Eko_Drivers/Src/error_handler.o
 .debug_rnglists
                0x0000014d       0x2f ./App/Eko_Drivers/Src/pwm_driver.o
 .debug_rnglists
                0x0000017c       0x1a ./App/Src/LB_service.o
 .debug_rnglists
                0x00000196       0x13 ./App/Src/LF_service.o
 .debug_rnglists
                0x000001a9       0x34 ./App/Src/RB._service.o
 .debug_rnglists
                0x000001dd       0x13 ./App/Src/RF_service.o
 .debug_rnglists
                0x000001f0       0x3d ./App/Src/app.o
 .debug_rnglists
                0x0000022d       0x14 ./App/Src/board_selector.o
 .debug_rnglists
                0x00000241      0x109 ./App/Src/global_variables.o
 .debug_rnglists
                0x0000034a       0x29 ./Core/Src/adc.o
 .debug_rnglists
                0x00000373       0x20 ./Core/Src/can.o
 .debug_rnglists
                0x00000393       0x13 ./Core/Src/dma.o
 .debug_rnglists
                0x000003a6       0x14 ./Core/Src/gpio.o
 .debug_rnglists
                0x000003ba       0x20 ./Core/Src/main.o
 .debug_rnglists
                0x000003da       0x13 ./Core/Src/stm32f3xx_hal_msp.o
 .debug_rnglists
                0x000003ed       0x4f ./Core/Src/stm32f3xx_it.o
 .debug_rnglists
                0x0000043c       0x1a ./Core/Src/system_stm32f3xx.o
 .debug_rnglists
                0x00000456       0x26 ./Core/Src/tim.o
 .debug_rnglists
                0x0000047c       0x20 ./Core/Src/usart.o
 .debug_rnglists
                0x0000049c       0x19 ./Core/Startup/startup_stm32f303k8tx.o
 .debug_rnglists
                0x000004b5       0xa3 ./Drivers/STM32F3xx_HAL_Driver/Src/stm32f3xx_hal.o
 .debug_rnglists
                0x00000558      0x126 ./Drivers/STM32F3xx_HAL_Driver/Src/stm32f3xx_hal_adc_ex.o
 .debug_rnglists
                0x0000067e       0xee ./Drivers/STM32F3xx_HAL_Driver/Src/stm32f3xx_hal_can.o
 .debug_rnglists
                0x0000076c       0xbb ./Drivers/STM32F3xx_HAL_Driver/Src/stm32f3xx_hal_cortex.o
 .debug_rnglists
                0x00000827       0x69 ./Drivers/STM32F3xx_HAL_Driver/Src/stm32f3xx_hal_dma.o
 .debug_rnglists
                0x00000890       0x3f ./Drivers/STM32F3xx_HAL_Driver/Src/stm32f3xx_hal_gpio.o
 .debug_rnglists
                0x000008cf       0x66 ./Drivers/STM32F3xx_HAL_Driver/Src/stm32f3xx_hal_rcc.o
 .debug_rnglists
                0x00000935       0x27 ./Drivers/STM32F3xx_HAL_Driver/Src/stm32f3xx_hal_rcc_ex.o
 .debug_rnglists
                0x0000095c      0x328 ./Drivers/STM32F3xx_HAL_Driver/Src/stm32f3xx_hal_tim.o
 .debug_rnglists
                0x00000c84      0x131 ./Drivers/STM32F3xx_HAL_Driver/Src/stm32f3xx_hal_tim_ex.o
 .debug_rnglists
                0x00000db5      0x1da ./Drivers/STM32F3xx_HAL_Driver/Src/stm32f3xx_hal_uart.o

.debug_macro    0x00000000    0x1f3fe
 .debug_macro   0x00000000      0x222 ./App/Eko_Drivers/Src/adc_driver.o
 .debug_macro   0x00000222      0xad8 ./App/Eko_Drivers/Src/adc_driver.o
 .debug_macro   0x00000cfa       0x22 ./App/Eko_Drivers/Src/adc_driver.o
 .debug_macro   0x00000d1c       0x8e ./App/Eko_Drivers/Src/adc_driver.o
 .debug_macro   0x00000daa       0x51 ./App/Eko_Drivers/Src/adc_driver.o
 .debug_macro   0x00000dfb      0x103 ./App/Eko_Drivers/Src/adc_driver.o
 .debug_macro   0x00000efe       0x6a ./App/Eko_Drivers/Src/adc_driver.o
 .debug_macro   0x00000f68      0x1df ./App/Eko_Drivers/Src/adc_driver.o
 .debug_macro   0x00001147       0x10 ./App/Eko_Drivers/Src/adc_driver.o
 .debug_macro   0x00001157      0x16a ./App/Eko_Drivers/Src/adc_driver.o
 .debug_macro   0x000012c1       0x2e ./App/Eko_Drivers/Src/adc_driver.o
 .debug_macro   0x000012ef       0x28 ./App/Eko_Drivers/Src/adc_driver.o
 .debug_macro   0x00001317       0x1c ./App/Eko_Drivers/Src/adc_driver.o
 .debug_macro   0x00001333       0x22 ./App/Eko_Drivers/Src/adc_driver.o
 .debug_macro   0x00001355       0xd9 ./App/Eko_Drivers/Src/adc_driver.o
 .debug_macro   0x0000142e      0xf07 ./App/Eko_Drivers/Src/adc_driver.o
 .debug_macro   0x00002335    0x10be0 ./App/Eko_Drivers/Src/adc_driver.o
 .debug_macro   0x00012f15       0x6d ./App/Eko_Drivers/Src/adc_driver.o
 .debug_macro   0x00012f82     0x3574 ./App/Eko_Drivers/Src/adc_driver.o
 .debug_macro   0x000164f6      0x190 ./App/Eko_Drivers/Src/adc_driver.o
 .debug_macro   0x00016686       0x55 ./App/Eko_Drivers/Src/adc_driver.o
 .debug_macro   0x000166db      0x8f8 ./App/Eko_Drivers/Src/adc_driver.o
 .debug_macro   0x00016fd3      0x304 ./App/Eko_Drivers/Src/adc_driver.o
 .debug_macro   0x000172d7      0x1b5 ./App/Eko_Drivers/Src/adc_driver.o
 .debug_macro   0x0001748c      0x11b ./App/Eko_Drivers/Src/adc_driver.o
 .debug_macro   0x000175a7      0x1d5 ./App/Eko_Drivers/Src/adc_driver.o
 .debug_macro   0x0001777c      0x1bc ./App/Eko_Drivers/Src/adc_driver.o
 .debug_macro   0x00017938       0x34 ./App/Eko_Drivers/Src/adc_driver.o
 .debug_macro   0x0001796c       0x3c ./App/Eko_Drivers/Src/adc_driver.o
 .debug_macro   0x000179a8       0x57 ./App/Eko_Drivers/Src/adc_driver.o
 .debug_macro   0x000179ff      0x87d ./App/Eko_Drivers/Src/adc_driver.o
 .debug_macro   0x0001827c       0x77 ./App/Eko_Drivers/Src/adc_driver.o
 .debug_macro   0x000182f3      0x408 ./App/Eko_Drivers/Src/adc_driver.o
 .debug_macro   0x000186fb       0xc5 ./App/Eko_Drivers/Src/adc_driver.o
 .debug_macro   0x000187c0      0x19f ./App/Eko_Drivers/Src/adc_driver.o
 .debug_macro   0x0001895f      0x22c ./App/Eko_Drivers/Src/adc_driver.o
 .debug_macro   0x00018b8b       0x5b ./App/Eko_Drivers/Src/adc_driver.o
 .debug_macro   0x00018be6       0xa5 ./App/Eko_Drivers/Src/adc_driver.o
 .debug_macro   0x00018c8b       0x81 ./App/Eko_Drivers/Src/adc_driver.o
 .debug_macro   0x00018d0c       0xd3 ./App/Eko_Drivers/Src/adc_driver.o
 .debug_macro   0x00018ddf      0xa60 ./App/Eko_Drivers/Src/adc_driver.o
 .debug_macro   0x0001983f       0x59 ./App/Eko_Drivers/Src/adc_driver.o
 .debug_macro   0x00019898      0x5ba ./App/Eko_Drivers/Src/adc_driver.o
 .debug_macro   0x00019e52       0x44 ./App/Eko_Drivers/Src/adc_driver.o
 .debug_macro   0x00019e96      0x285 ./App/Eko_Drivers/Src/adc_driver.o
 .debug_macro   0x0001a11b       0x52 ./App/Eko_Drivers/Src/adc_driver.o
 .debug_macro   0x0001a16d       0x22 ./App/Eko_Drivers/Src/adc_driver.o
 .debug_macro   0x0001a18f       0x10 ./App/Eko_Drivers/Src/adc_driver.o
 .debug_macro   0x0001a19f      0x20a ./App/Eko_Drivers/Src/adc_utils.o
 .debug_macro   0x0001a3a9      0x2fb ./App/Eko_Drivers/Src/can_driver.o
 .debug_macro   0x0001a6a4       0x22 ./App/Eko_Drivers/Src/can_driver.o
 .debug_macro   0x0001a6c6       0x61 ./App/Eko_Drivers/Src/can_driver.o
 .debug_macro   0x0001a727       0x2a ./App/Eko_Drivers/Src/can_driver.o
 .debug_macro   0x0001a751       0x43 ./App/Eko_Drivers/Src/can_driver.o
 .debug_macro   0x0001a794       0x34 ./App/Eko_Drivers/Src/can_driver.o
 .debug_macro   0x0001a7c8       0x16 ./App/Eko_Drivers/Src/can_driver.o
 .debug_macro   0x0001a7de       0x3c ./App/Eko_Drivers/Src/can_driver.o
 .debug_macro   0x0001a81a      0x364 ./App/Eko_Drivers/Src/can_driver.o
 .debug_macro   0x0001ab7e       0x10 ./App/Eko_Drivers/Src/can_driver.o
 .debug_macro   0x0001ab8e       0x16 ./App/Eko_Drivers/Src/can_driver.o
 .debug_macro   0x0001aba4       0x4a ./App/Eko_Drivers/Src/can_driver.o
 .debug_macro   0x0001abee       0x34 ./App/Eko_Drivers/Src/can_driver.o
 .debug_macro   0x0001ac22       0x10 ./App/Eko_Drivers/Src/can_driver.o
 .debug_macro   0x0001ac32       0x58 ./App/Eko_Drivers/Src/can_driver.o
 .debug_macro   0x0001ac8a       0x8e ./App/Eko_Drivers/Src/can_driver.o
 .debug_macro   0x0001ad18       0x1c ./App/Eko_Drivers/Src/can_driver.o
 .debug_macro   0x0001ad34      0x17e ./App/Eko_Drivers/Src/can_driver.o
 .debug_macro   0x0001aeb2       0x16 ./App/Eko_Drivers/Src/can_driver.o
 .debug_macro   0x0001aec8       0x16 ./App/Eko_Drivers/Src/can_driver.o
 .debug_macro   0x0001aede      0x146 ./App/Eko_Drivers/Src/can_driver.o
 .debug_macro   0x0001b024       0x1c ./App/Eko_Drivers/Src/can_driver.o
 .debug_macro   0x0001b040       0x2e ./App/Eko_Drivers/Src/can_driver.o
 .debug_macro   0x0001b06e      0x321 ./App/Eko_Drivers/Src/error_handler.o
 .debug_macro   0x0001b38f       0x16 ./App/Eko_Drivers/Src/error_handler.o
 .debug_macro   0x0001b3a5       0x20 ./App/Eko_Drivers/Src/error_handler.o
 .debug_macro   0x0001b3c5      0x2af ./App/Eko_Drivers/Src/pwm_driver.o
 .debug_macro   0x0001b674       0x10 ./App/Eko_Drivers/Src/pwm_driver.o
 .debug_macro   0x0001b684      0x19b ./App/Eko_Drivers/Src/pwm_driver.o
 .debug_macro   0x0001b81f       0x22 ./App/Eko_Drivers/Src/pwm_driver.o
 .debug_macro   0x0001b841      0x306 ./App/Src/LB_service.o
 .debug_macro   0x0001bb47       0x5e ./App/Src/LB_service.o
 .debug_macro   0x0001bba5       0x94 ./App/Src/LB_service.o
 .debug_macro   0x0001bc39      0x208 ./App/Src/LF_service.o
 .debug_macro   0x0001be41      0x377 ./App/Src/RB._service.o
 .debug_macro   0x0001c1b8      0x208 ./App/Src/RF_service.o
 .debug_macro   0x0001c3c0      0x376 ./App/Src/app.o
 .debug_macro   0x0001c736       0x34 ./App/Src/app.o
 .debug_macro   0x0001c76a      0x2d6 ./App/Src/board_selector.o
 .debug_macro   0x0001ca40       0x1e ./App/Src/global_variables.o
 .debug_macro   0x0001ca5e      0x1fc ./Core/Src/adc.o
 .debug_macro   0x0001cc5a      0x1fc ./Core/Src/can.o
 .debug_macro   0x0001ce56      0x1fc ./Core/Src/dma.o
 .debug_macro   0x0001d052      0x1fc ./Core/Src/gpio.o
 .debug_macro   0x0001d24e      0x244 ./Core/Src/main.o
 .debug_macro   0x0001d492      0x1f2 ./Core/Src/stm32f3xx_hal_msp.o
 .debug_macro   0x0001d684      0x1fc ./Core/Src/stm32f3xx_it.o
 .debug_macro   0x0001d880      0x1e8 ./Core/Src/system_stm32f3xx.o
 .debug_macro   0x0001da68      0x1fc ./Core/Src/tim.o
 .debug_macro   0x0001dc64      0x1fc ./Core/Src/usart.o
 .debug_macro   0x0001de60      0x20c ./Drivers/STM32F3xx_HAL_Driver/Src/stm32f3xx_hal.o
 .debug_macro   0x0001e06c      0x212 ./Drivers/STM32F3xx_HAL_Driver/Src/stm32f3xx_hal_adc_ex.o
 .debug_macro   0x0001e27e      0x1f7 ./Drivers/STM32F3xx_HAL_Driver/Src/stm32f3xx_hal_can.o
 .debug_macro   0x0001e475      0x1e8 ./Drivers/STM32F3xx_HAL_Driver/Src/stm32f3xx_hal_cortex.o
 .debug_macro   0x0001e65d      0x1e8 ./Drivers/STM32F3xx_HAL_Driver/Src/stm32f3xx_hal_dma.o
 .debug_macro   0x0001e845      0x1ef ./Drivers/STM32F3xx_HAL_Driver/Src/stm32f3xx_hal_gpio.o
 .debug_macro   0x0001ea34      0x20c ./Drivers/STM32F3xx_HAL_Driver/Src/stm32f3xx_hal_rcc.o
 .debug_macro   0x0001ec40      0x1e8 ./Drivers/STM32F3xx_HAL_Driver/Src/stm32f3xx_hal_rcc_ex.o
 .debug_macro   0x0001ee28      0x1e9 ./Drivers/STM32F3xx_HAL_Driver/Src/stm32f3xx_hal_tim.o
 .debug_macro   0x0001f011      0x1e8 ./Drivers/STM32F3xx_HAL_Driver/Src/stm32f3xx_hal_tim_ex.o
 .debug_macro   0x0001f1f9      0x205 ./Drivers/STM32F3xx_HAL_Driver/Src/stm32f3xx_hal_uart.o

.debug_line     0x00000000    0x1d729
 .debug_line    0x00000000      0xbac ./App/Eko_Drivers/Src/adc_driver.o
 .debug_line    0x00000bac      0x8dc ./App/Eko_Drivers/Src/adc_utils.o
 .debug_line    0x00001488      0xb63 ./App/Eko_Drivers/Src/can_driver.o
 .debug_line    0x00001feb      0xf5a ./App/Eko_Drivers/Src/error_handler.o
 .debug_line    0x00002f45      0xaff ./App/Eko_Drivers/Src/pwm_driver.o
 .debug_line    0x00003a44      0xa70 ./App/Src/LB_service.o
 .debug_line    0x000044b4      0x7ff ./App/Src/LF_service.o
 .debug_line    0x00004cb3      0xc27 ./App/Src/RB._service.o
 .debug_line    0x000058da      0x7ff ./App/Src/RF_service.o
 .debug_line    0x000060d9      0xd00 ./App/Src/app.o
 .debug_line    0x00006dd9      0x9dc ./App/Src/board_selector.o
 .debug_line    0x000077b5      0x521 ./App/Src/global_variables.o
 .debug_line    0x00007cd6      0x9aa ./Core/Src/adc.o
 .debug_line    0x00008680      0x824 ./Core/Src/can.o
 .debug_line    0x00008ea4      0x7b0 ./Core/Src/dma.o
 .debug_line    0x00009654      0x7cf ./Core/Src/gpio.o
 .debug_line    0x00009e23      0x8c3 ./Core/Src/main.o
 .debug_line    0x0000a6e6      0x7b2 ./Core/Src/stm32f3xx_hal_msp.o
 .debug_line    0x0000ae98      0x891 ./Core/Src/stm32f3xx_it.o
 .debug_line    0x0000b729      0x82c ./Core/Src/system_stm32f3xx.o
 .debug_line    0x0000bf55      0x8c0 ./Core/Src/tim.o
 .debug_line    0x0000c815      0x826 ./Core/Src/usart.o
 .debug_line    0x0000d03b       0x7a ./Core/Startup/startup_stm32f303k8tx.o
 .debug_line    0x0000d0b5      0xa6b ./Drivers/STM32F3xx_HAL_Driver/Src/stm32f3xx_hal.o
 .debug_line    0x0000db20     0x2011 ./Drivers/STM32F3xx_HAL_Driver/Src/stm32f3xx_hal_adc_ex.o
 .debug_line    0x0000fb31     0x1259 ./Drivers/STM32F3xx_HAL_Driver/Src/stm32f3xx_hal_can.o
 .debug_line    0x00010d8a      0xc2c ./Drivers/STM32F3xx_HAL_Driver/Src/stm32f3xx_hal_cortex.o
 .debug_line    0x000119b6      0xd32 ./Drivers/STM32F3xx_HAL_Driver/Src/stm32f3xx_hal_dma.o
 .debug_line    0x000126e8      0xb9f ./Drivers/STM32F3xx_HAL_Driver/Src/stm32f3xx_hal_gpio.o
 .debug_line    0x00013287     0x15c8 ./Drivers/STM32F3xx_HAL_Driver/Src/stm32f3xx_hal_rcc.o
 .debug_line    0x0001484f      0xb28 ./Drivers/STM32F3xx_HAL_Driver/Src/stm32f3xx_hal_rcc_ex.o
 .debug_line    0x00015377     0x3d39 ./Drivers/STM32F3xx_HAL_Driver/Src/stm32f3xx_hal_tim.o
 .debug_line    0x000190b0     0x1a27 ./Drivers/STM32F3xx_HAL_Driver/Src/stm32f3xx_hal_tim_ex.o
 .debug_line    0x0001aad7     0x2c52 ./Drivers/STM32F3xx_HAL_Driver/Src/stm32f3xx_hal_uart.o

.debug_str      0x00000000    0xb04bb
 .debug_str     0x00000000    0xb04bb ./App/Eko_Drivers/Src/adc_driver.o
                              0xa6d3c (size before relaxing)
 .debug_str     0x000b04bb    0xa6a39 ./App/Eko_Drivers/Src/adc_utils.o
 .debug_str     0x000b04bb    0xaa2db ./App/Eko_Drivers/Src/can_driver.o
 .debug_str     0x000b04bb    0xaa4f3 ./App/Eko_Drivers/Src/error_handler.o
 .debug_str     0x000b04bb    0xaa4ce ./App/Eko_Drivers/Src/pwm_driver.o
 .debug_str     0x000b04bb    0xaa6a8 ./App/Src/LB_service.o
 .debug_str     0x000b04bb    0xa65a4 ./App/Src/LF_service.o
 .debug_str     0x000b04bb    0xabb24 ./App/Src/RB._service.o
 .debug_str     0x000b04bb    0xa65a4 ./App/Src/RF_service.o
 .debug_str     0x000b04bb    0xabb3c ./App/Src/app.o
 .debug_str     0x000b04bb    0xaa4dd ./App/Src/board_selector.o
 .debug_str     0x000b04bb     0x3338 ./App/Src/global_variables.o
 .debug_str     0x000b04bb    0xa6af4 ./Core/Src/adc.o
 .debug_str     0x000b04bb    0xa682a ./Core/Src/can.o
 .debug_str     0x000b04bb    0xa678a ./Core/Src/dma.o
 .debug_str     0x000b04bb    0xa6542 ./Core/Src/gpio.o
 .debug_str     0x000b04bb    0xa68b8 ./Core/Src/main.o
 .debug_str     0x000b04bb    0xa6477 ./Core/Src/stm32f3xx_hal_msp.o
 .debug_str     0x000b04bb    0xa66ea ./Core/Src/stm32f3xx_it.o
 .debug_str     0x000b04bb    0xa6535 ./Core/Src/system_stm32f3xx.o
 .debug_str     0x000b04bb    0xa6d2f ./Core/Src/tim.o
 .debug_str     0x000b04bb    0xa69ca ./Core/Src/usart.o
 .debug_str     0x000b04bb       0x74 ./Core/Startup/startup_stm32f303k8tx.o
 .debug_str     0x000b04bb    0xa6c25 ./Drivers/STM32F3xx_HAL_Driver/Src/stm32f3xx_hal.o
 .debug_str     0x000b04bb    0xa723b ./Drivers/STM32F3xx_HAL_Driver/Src/stm32f3xx_hal_adc_ex.o
 .debug_str     0x000b04bb    0xa6cc4 ./Drivers/STM32F3xx_HAL_Driver/Src/stm32f3xx_hal_can.o
 .debug_str     0x000b04bb    0xa6b4a ./Drivers/STM32F3xx_HAL_Driver/Src/stm32f3xx_hal_cortex.o
 .debug_str     0x000b04bb    0xa687d ./Drivers/STM32F3xx_HAL_Driver/Src/stm32f3xx_hal_dma.o
 .debug_str     0x000b04bb    0xa6714 ./Drivers/STM32F3xx_HAL_Driver/Src/stm32f3xx_hal_gpio.o
 .debug_str     0x000b04bb    0xa69d5 ./Drivers/STM32F3xx_HAL_Driver/Src/stm32f3xx_hal_rcc.o
 .debug_str     0x000b04bb    0xa66d4 ./Drivers/STM32F3xx_HAL_Driver/Src/stm32f3xx_hal_rcc_ex.o
 .debug_str     0x000b04bb    0xa796c ./Drivers/STM32F3xx_HAL_Driver/Src/stm32f3xx_hal_tim.o
 .debug_str     0x000b04bb    0xa71b2 ./Drivers/STM32F3xx_HAL_Driver/Src/stm32f3xx_hal_tim_ex.o
 .debug_str     0x000b04bb    0xa7258 ./Drivers/STM32F3xx_HAL_Driver/Src/stm32f3xx_hal_uart.o

.comment        0x00000000       0x43
 .comment       0x00000000       0x43 ./App/Eko_Drivers/Src/adc_driver.o
                                 0x44 (size before relaxing)
 .comment       0x00000043       0x44 ./App/Eko_Drivers/Src/adc_utils.o
 .comment       0x00000043       0x44 ./App/Eko_Drivers/Src/can_driver.o
 .comment       0x00000043       0x44 ./App/Eko_Drivers/Src/error_handler.o
 .comment       0x00000043       0x44 ./App/Eko_Drivers/Src/pwm_driver.o
 .comment       0x00000043       0x44 ./App/Src/LB_service.o
 .comment       0x00000043       0x44 ./App/Src/LF_service.o
 .comment       0x00000043       0x44 ./App/Src/RB._service.o
 .comment       0x00000043       0x44 ./App/Src/RF_service.o
 .comment       0x00000043       0x44 ./App/Src/app.o
 .comment       0x00000043       0x44 ./App/Src/board_selector.o
 .comment       0x00000043       0x44 ./App/Src/global_variables.o
 .comment       0x00000043       0x44 ./Core/Src/adc.o
 .comment       0x00000043       0x44 ./Core/Src/can.o
 .comment       0x00000043       0x44 ./Core/Src/dma.o
 .comment       0x00000043       0x44 ./Core/Src/gpio.o
 .comment       0x00000043       0x44 ./Core/Src/main.o
 .comment       0x00000043       0x44 ./Core/Src/stm32f3xx_hal_msp.o
 .comment       0x00000043       0x44 ./Core/Src/stm32f3xx_it.o
 .comment       0x00000043       0x44 ./Core/Src/system_stm32f3xx.o
 .comment       0x00000043       0x44 ./Core/Src/tim.o
 .comment       0x00000043       0x44 ./Core/Src/usart.o
 .comment       0x00000043       0x44 ./Drivers/STM32F3xx_HAL_Driver/Src/stm32f3xx_hal.o
 .comment       0x00000043       0x44 ./Drivers/STM32F3xx_HAL_Driver/Src/stm32f3xx_hal_adc_ex.o
 .comment       0x00000043       0x44 ./Drivers/STM32F3xx_HAL_Driver/Src/stm32f3xx_hal_can.o
 .comment       0x00000043       0x44 ./Drivers/STM32F3xx_HAL_Driver/Src/stm32f3xx_hal_cortex.o
 .comment       0x00000043       0x44 ./Drivers/STM32F3xx_HAL_Driver/Src/stm32f3xx_hal_dma.o
 .comment       0x00000043       0x44 ./Drivers/STM32F3xx_HAL_Driver/Src/stm32f3xx_hal_gpio.o
 .comment       0x00000043       0x44 ./Drivers/STM32F3xx_HAL_Driver/Src/stm32f3xx_hal_rcc.o
 .comment       0x00000043       0x44 ./Drivers/STM32F3xx_HAL_Driver/Src/stm32f3xx_hal_rcc_ex.o
 .comment       0x00000043       0x44 ./Drivers/STM32F3xx_HAL_Driver/Src/stm32f3xx_hal_tim.o
 .comment       0x00000043       0x44 ./Drivers/STM32F3xx_HAL_Driver/Src/stm32f3xx_hal_tim_ex.o
 .comment       0x00000043       0x44 ./Drivers/STM32F3xx_HAL_Driver/Src/stm32f3xx_hal_uart.o

.debug_frame    0x00000000     0x4b90
 .debug_frame   0x00000000      0x188 ./App/Eko_Drivers/Src/adc_driver.o
 .debug_frame   0x00000188       0xc4 ./App/Eko_Drivers/Src/adc_utils.o
 .debug_frame   0x0000024c       0xac ./App/Eko_Drivers/Src/can_driver.o
 .debug_frame   0x000002f8      0x254 ./App/Eko_Drivers/Src/error_handler.o
 .debug_frame   0x0000054c       0xc4 ./App/Eko_Drivers/Src/pwm_driver.o
 .debug_frame   0x00000610       0x50 ./App/Src/LB_service.o
 .debug_frame   0x00000660       0x2c ./App/Src/LF_service.o
 .debug_frame   0x0000068c       0xc8 ./App/Src/RB._service.o
 .debug_frame   0x00000754       0x2c ./App/Src/RF_service.o
 .debug_frame   0x00000780       0x78 ./App/Src/app.o
 .debug_frame   0x000007f8       0x34 ./App/Src/board_selector.o
 .debug_frame   0x0000082c      0x4a8 ./App/Src/global_variables.o
 .debug_frame   0x00000cd4       0xa0 ./Core/Src/adc.o
 .debug_frame   0x00000d74       0x74 ./Core/Src/can.o
 .debug_frame   0x00000de8       0x34 ./Core/Src/dma.o
 .debug_frame   0x00000e1c       0x34 ./Core/Src/gpio.o
 .debug_frame   0x00000e50       0x68 ./Core/Src/main.o
 .debug_frame   0x00000eb8       0x34 ./Core/Src/stm32f3xx_hal_msp.o
 .debug_frame   0x00000eec      0x130 ./Core/Src/stm32f3xx_it.o
 .debug_frame   0x0000101c       0x50 ./Core/Src/system_stm32f3xx.o
 .debug_frame   0x0000106c       0xa0 ./Core/Src/tim.o
 .debug_frame   0x0000110c       0x74 ./Core/Src/usart.o
 .debug_frame   0x00001180      0x2e4 ./Drivers/STM32F3xx_HAL_Driver/Src/stm32f3xx_hal.o
 .debug_frame   0x00001464      0x604 ./Drivers/STM32F3xx_HAL_Driver/Src/stm32f3xx_hal_adc_ex.o
 .debug_frame   0x00001a68      0x524 ./Drivers/STM32F3xx_HAL_Driver/Src/stm32f3xx_hal_can.o
 .debug_frame   0x00001f8c      0x3f0 ./Drivers/STM32F3xx_HAL_Driver/Src/stm32f3xx_hal_cortex.o
 .debug_frame   0x0000237c      0x208 ./Drivers/STM32F3xx_HAL_Driver/Src/stm32f3xx_hal_dma.o
 .debug_frame   0x00002584      0x130 ./Drivers/STM32F3xx_HAL_Driver/Src/stm32f3xx_hal_gpio.o
 .debug_frame   0x000026b4      0x1f8 ./Drivers/STM32F3xx_HAL_Driver/Src/stm32f3xx_hal_rcc.o
 .debug_frame   0x000028ac       0xa4 ./Drivers/STM32F3xx_HAL_Driver/Src/stm32f3xx_hal_rcc_ex.o
 .debug_frame   0x00002950     0x1140 ./Drivers/STM32F3xx_HAL_Driver/Src/stm32f3xx_hal_tim.o
 .debug_frame   0x00003a90      0x648 ./Drivers/STM32F3xx_HAL_Driver/Src/stm32f3xx_hal_tim_ex.o
 .debug_frame   0x000040d8      0x974 ./Drivers/STM32F3xx_HAL_Driver/Src/stm32f3xx_hal_uart.o
 .debug_frame   0x00004a4c       0x20 C:/ST/STM32CubeIDE_1.19.0/STM32CubeIDE/plugins/com.st.stm32cube.ide.mcu.externaltools.gnu-tools-for-stm32.14.3.rel1.win32_1.0.100.202602081740/tools/bin/../lib/gcc/arm-none-eabi/14.3.1/../../../../arm-none-eabi/lib/thumb/v7e-m+fp/hard\libc_nano.a(libc_a-memset.o)
 .debug_frame   0x00004a6c       0x2c C:/ST/STM32CubeIDE_1.19.0/STM32CubeIDE/plugins/com.st.stm32cube.ide.mcu.externaltools.gnu-tools-for-stm32.14.3.rel1.win32_1.0.100.202602081740/tools/bin/../lib/gcc/arm-none-eabi/14.3.1/../../../../arm-none-eabi/lib/thumb/v7e-m+fp/hard\libc_nano.a(libc_a-init.o)
 .debug_frame   0x00004a98       0x28 C:/ST/STM32CubeIDE_1.19.0/STM32CubeIDE/plugins/com.st.stm32cube.ide.mcu.externaltools.gnu-tools-for-stm32.14.3.rel1.win32_1.0.100.202602081740/tools/bin/../lib/gcc/arm-none-eabi/14.3.1/../../../../arm-none-eabi/lib/thumb/v7e-m+fp/hard\libm.a(libm_a-s_round.o)
 .debug_frame   0x00004ac0       0xac C:/ST/STM32CubeIDE_1.19.0/STM32CubeIDE/plugins/com.st.stm32cube.ide.mcu.externaltools.gnu-tools-for-stm32.14.3.rel1.win32_1.0.100.202602081740/tools/bin/../lib/gcc/arm-none-eabi/14.3.1/thumb/v7e-m+fp/hard\libgcc.a(_arm_addsubdf3.o)
 .debug_frame   0x00004b6c       0x24 C:/ST/STM32CubeIDE_1.19.0/STM32CubeIDE/plugins/com.st.stm32cube.ide.mcu.externaltools.gnu-tools-for-stm32.14.3.rel1.win32_1.0.100.202602081740/tools/bin/../lib/gcc/arm-none-eabi/14.3.1/thumb/v7e-m+fp/hard\libgcc.a(_arm_fixdfsi.o)

.debug_line_str
                0x00000000       0x58
 .debug_line_str
                0x00000000       0x58 ./Core/Startup/startup_stm32f303k8tx.o
