Archive member included to satisfy reference by file (symbol)

C:/ST/STM32CubeIDE_1.19.0/STM32CubeIDE/plugins/com.st.stm32cube.ide.mcu.externaltools.gnu-tools-for-stm32.14.3.rel1.win32_1.0.100.202602081740/tools/bin/../lib/gcc/arm-none-eabi/14.3.1/../../../../arm-none-eabi/lib/thumb/v7e-m+fp/hard\libc_nano.a(libc_a-exit.o)
                              C:/ST/STM32CubeIDE_1.19.0/STM32CubeIDE/plugins/com.st.stm32cube.ide.mcu.externaltools.gnu-tools-for-stm32.14.3.rel1.win32_1.0.100.202602081740/tools/bin/../lib/gcc/arm-none-eabi/14.3.1/../../../../arm-none-eabi/lib/thumb/v7e-m+fp/hard/crt0.o (exit)
C:/ST/STM32CubeIDE_1.19.0/STM32CubeIDE/plugins/com.st.stm32cube.ide.mcu.externaltools.gnu-tools-for-stm32.14.3.rel1.win32_1.0.100.202602081740/tools/bin/../lib/gcc/arm-none-eabi/14.3.1/../../../../arm-none-eabi/lib/thumb/v7e-m+fp/hard\libc_nano.a(libc_a-findfp.o)
                              C:/ST/STM32CubeIDE_1.19.0/STM32CubeIDE/plugins/com.st.stm32cube.ide.mcu.externaltools.gnu-tools-for-stm32.14.3.rel1.win32_1.0.100.202602081740/tools/bin/../lib/gcc/arm-none-eabi/14.3.1/../../../../arm-none-eabi/lib/thumb/v7e-m+fp/hard\libc_nano.a(libc_a-exit.o) (__stdio_exit_handler)
C:/ST/STM32CubeIDE_1.19.0/STM32CubeIDE/plugins/com.st.stm32cube.ide.mcu.externaltools.gnu-tools-for-stm32.14.3.rel1.win32_1.0.100.202602081740/tools/bin/../lib/gcc/arm-none-eabi/14.3.1/../../../../arm-none-eabi/lib/thumb/v7e-m+fp/hard\libc_nano.a(libc_a-fwalk.o)
                              C:/ST/STM32CubeIDE_1.19.0/STM32CubeIDE/plugins/com.st.stm32cube.ide.mcu.externaltools.gnu-tools-for-stm32.14.3.rel1.win32_1.0.100.202602081740/tools/bin/../lib/gcc/arm-none-eabi/14.3.1/../../../../arm-none-eabi/lib/thumb/v7e-m+fp/hard\libc_nano.a(libc_a-findfp.o) (_fwalk_sglue)
C:/ST/STM32CubeIDE_1.19.0/STM32CubeIDE/plugins/com.st.stm32cube.ide.mcu.externaltools.gnu-tools-for-stm32.14.3.rel1.win32_1.0.100.202602081740/tools/bin/../lib/gcc/arm-none-eabi/14.3.1/../../../../arm-none-eabi/lib/thumb/v7e-m+fp/hard\libc_nano.a(libc_a-stdio.o)
                              C:/ST/STM32CubeIDE_1.19.0/STM32CubeIDE/plugins/com.st.stm32cube.ide.mcu.externaltools.gnu-tools-for-stm32.14.3.rel1.win32_1.0.100.202602081740/tools/bin/../lib/gcc/arm-none-eabi/14.3.1/../../../../arm-none-eabi/lib/thumb/v7e-m+fp/hard\libc_nano.a(libc_a-findfp.o) (__sread)
C:/ST/STM32CubeIDE_1.19.0/STM32CubeIDE/plugins/com.st.stm32cube.ide.mcu.externaltools.gnu-tools-for-stm32.14.3.rel1.win32_1.0.100.202602081740/tools/bin/../lib/gcc/arm-none-eabi/14.3.1/../../../../arm-none-eabi/lib/thumb/v7e-m+fp/hard\libc_nano.a(libc_a-memset.o)
                              C:/ST/STM32CubeIDE_1.19.0/STM32CubeIDE/plugins/com.st.stm32cube.ide.mcu.externaltools.gnu-tools-for-stm32.14.3.rel1.win32_1.0.100.202602081740/tools/bin/../lib/gcc/arm-none-eabi/14.3.1/../../../../arm-none-eabi/lib/thumb/v7e-m+fp/hard/crt0.o (memset)
C:/ST/STM32CubeIDE_1.19.0/STM32CubeIDE/plugins/com.st.stm32cube.ide.mcu.externaltools.gnu-tools-for-stm32.14.3.rel1.win32_1.0.100.202602081740/tools/bin/../lib/gcc/arm-none-eabi/14.3.1/../../../../arm-none-eabi/lib/thumb/v7e-m+fp/hard\libc_nano.a(libc_a-closer.o)
                              C:/ST/STM32CubeIDE_1.19.0/STM32CubeIDE/plugins/com.st.stm32cube.ide.mcu.externaltools.gnu-tools-for-stm32.14.3.rel1.win32_1.0.100.202602081740/tools/bin/../lib/gcc/arm-none-eabi/14.3.1/../../../../arm-none-eabi/lib/thumb/v7e-m+fp/hard\libc_nano.a(libc_a-stdio.o) (_close_r)
C:/ST/STM32CubeIDE_1.19.0/STM32CubeIDE/plugins/com.st.stm32cube.ide.mcu.externaltools.gnu-tools-for-stm32.14.3.rel1.win32_1.0.100.202602081740/tools/bin/../lib/gcc/arm-none-eabi/14.3.1/../../../../arm-none-eabi/lib/thumb/v7e-m+fp/hard\libc_nano.a(libc_a-reent.o)
                              C:/ST/STM32CubeIDE_1.19.0/STM32CubeIDE/plugins/com.st.stm32cube.ide.mcu.externaltools.gnu-tools-for-stm32.14.3.rel1.win32_1.0.100.202602081740/tools/bin/../lib/gcc/arm-none-eabi/14.3.1/../../../../arm-none-eabi/lib/thumb/v7e-m+fp/hard\libc_nano.a(libc_a-closer.o) (errno)
C:/ST/STM32CubeIDE_1.19.0/STM32CubeIDE/plugins/com.st.stm32cube.ide.mcu.externaltools.gnu-tools-for-stm32.14.3.rel1.win32_1.0.100.202602081740/tools/bin/../lib/gcc/arm-none-eabi/14.3.1/../../../../arm-none-eabi/lib/thumb/v7e-m+fp/hard\libc_nano.a(libc_a-impure.o)
                              C:/ST/STM32CubeIDE_1.19.0/STM32CubeIDE/plugins/com.st.stm32cube.ide.mcu.externaltools.gnu-tools-for-stm32.14.3.rel1.win32_1.0.100.202602081740/tools/bin/../lib/gcc/arm-none-eabi/14.3.1/../../../../arm-none-eabi/lib/thumb/v7e-m+fp/hard\libc_nano.a(libc_a-reent.o) (_impure_ptr)
C:/ST/STM32CubeIDE_1.19.0/STM32CubeIDE/plugins/com.st.stm32cube.ide.mcu.externaltools.gnu-tools-for-stm32.14.3.rel1.win32_1.0.100.202602081740/tools/bin/../lib/gcc/arm-none-eabi/14.3.1/../../../../arm-none-eabi/lib/thumb/v7e-m+fp/hard\libc_nano.a(libc_a-lseekr.o)
[...]
Memory Configuration

Name             Origin             Length             Attributes
CCMRAM           0x10000000         0x00001000         xrw
RAM              0x20000000         0x00003000         xrw
FLASH            0x08000000         0x00010000         xr
*default*        0x00000000         0xffffffff

Linker script and memory map

LOAD C:/ST/STM32CubeIDE_1.19.0/STM32CubeIDE/plugins/com.st.stm32cube.ide.mcu.externaltools.gnu-tools-for-stm32.14.3.rel1.win32_1.0.100.202602081740/tools/bin/../lib/gcc/arm-none-eabi/14.3.1/thumb/v7e-m+fp/hard/crti.o
LOAD C:/ST/STM32CubeIDE_1.19.0/STM32CubeIDE/plugins/com.st.stm32cube.ide.mcu.externaltools.gnu-tools-for-stm32.14.3.rel1.win32_1.0.100.202602081740/tools/bin/../lib/gcc/arm-none-eabi/14.3.1/thumb/v7e-m+fp/hard/crtbegin.o
LOAD C:/ST/STM32CubeIDE_1.19.0/STM32CubeIDE/plugins/com.st.stm32cube.ide.mcu.externaltools.gnu-tools-for-stm32.14.3.rel1.win32_1.0.100.202602081740/tools/bin/../lib/gcc/arm-none-eabi/14.3.1/../../../../arm-none-eabi/lib/thumb/v7e-m+fp/hard/crt0.o
LOAD ./App/Eko_Drivers/Src/adc_driver.o
LOAD ./App/Eko_Drivers/Src/adc_utils.o
LOAD ./App/Eko_Drivers/Src/can_driver.o
LOAD ./App/Eko_Drivers/Src/dma_driver.o
LOAD ./App/Eko_Drivers/Src/error_handler.o
LOAD ./App/Eko_Drivers/Src/pwm_driver.o
LOAD ./App/Src/LF_service.o
LOAD ./App/Src/RF_service.o
LOAD ./App/Src/app.o
LOAD ./App/Src/board_selector.o
LOAD ./App/Src/rear_service.o
LOAD ./Core/Src/adc.o
LOAD ./Core/Src/can.o
LOAD ./Core/Src/gpio.o
LOAD ./Core/Src/main.o
LOAD ./Core/Src/stm32f3xx_hal_msp.o
LOAD ./Core/Src/stm32f3xx_it.o
LOAD ./Core/Src/syscalls.o
LOAD ./Core/Src/sysmem.o
LOAD ./Core/Src/system_stm32f3xx.o
LOAD ./Core/Src/tim.o
LOAD ./Core/Src/usart.o
LOAD ./Core/Startup/startup_stm32f303k8tx.o
LOAD ./Drivers/STM32F3xx_HAL_Driver/Src/stm32f3xx_hal.o
LOAD ./Drivers/STM32F3xx_HAL_Driver/Src/stm32f3xx_hal_adc.o
LOAD ./Drivers/STM32F3xx_HAL_Driver/Src/stm32f3xx_hal_adc_ex.o
LOAD ./Drivers/STM32F3xx_HAL_Driver/Src/stm32f3xx_hal_can.o
LOAD ./Drivers/STM32F3xx_HAL_Driver/Src/stm32f3xx_hal_cortex.o
LOAD ./Drivers/STM32F3xx_HAL_Driver/Src/stm32f3xx_hal_dma.o
LOAD ./Drivers/STM32F3xx_HAL_Driver/Src/stm32f3xx_hal_exti.o
LOAD ./Drivers/STM32F3xx_HAL_Driver/Src/stm32f3xx_hal_flash.o
LOAD ./Drivers/STM32F3xx_HAL_Driver/Src/stm32f3xx_hal_flash_ex.o
LOAD ./Drivers/STM32F3xx_HAL_Driver/Src/stm32f3xx_hal_gpio.o
LOAD ./Drivers/STM32F3xx_HAL_Driver/Src/stm32f3xx_hal_i2c.o
LOAD ./Drivers/STM32F3xx_HAL_Driver/Src/stm32f3xx_hal_i2c_ex.o
LOAD ./Drivers/STM32F3xx_HAL_Driver/Src/stm32f3xx_hal_pwr.o
LOAD ./Drivers/STM32F3xx_HAL_Driver/Src/stm32f3xx_hal_pwr_ex.o
LOAD ./Drivers/STM32F3xx_HAL_Driver/Src/stm32f3xx_hal_rcc.o
LOAD ./Drivers/STM32F3xx_HAL_Driver/Src/stm32f3xx_hal_rcc_ex.o
LOAD ./Drivers/STM32F3xx_HAL_Driver/Src/stm32f3xx_hal_tim.o
LOAD ./Drivers/STM32F3xx_HAL_Driver/Src/stm32f3xx_hal_tim_ex.o
LOAD ./Drivers/STM32F3xx_HAL_Driver/Src/stm32f3xx_hal_uart.o
LOAD ./Drivers/STM32F3xx_HAL_Driver/Src/stm32f3xx_hal_uart_ex.o
START GROUP
LOAD C:/ST/STM32CubeIDE_1.19.0/STM32CubeIDE/plugins/com.st.stm32cube.ide.mcu.externaltools.gnu-tools-for-stm32.14.3.rel1.win32_1.0.100.202602081740/tools/bin/../lib/gcc/arm-none-eabi/14.3.1/../../../../arm-none-eabi/lib/thumb/v7e-m+fp/hard\libc_nano.a
LOAD C:/ST/STM32CubeIDE_1.19.0/STM32CubeIDE/plugins/com.st.stm32cube.ide.mcu.externaltools.gnu-tools-for-stm32.14.3.rel1.win32_1.0.100.202602081740/tools/bin/../lib/gcc/arm-none-eabi/14.3.1/../../../../arm-none-eabi/lib/thumb/v7e-m+fp/hard\libm.a
END GROUP
START GROUP
LOAD C:/ST/STM32CubeIDE_1.19.0/STM32CubeIDE/plugins/com.st.stm32cube.ide.mcu.externaltools.gnu-tools-for-stm32.14.3.rel1.win32_1.0.100.202602081740/tools/bin/../lib/gcc/arm-none-eabi/14.3.1/thumb/v7e-m+fp/hard\libgcc.a
LOAD C:/ST/STM32CubeIDE_1.19.0/STM32CubeIDE/plugins/com.st.stm32cube.ide.mcu.externaltools.gnu-tools-for-stm32.14.3.rel1.win32_1.0.100.202602081740/tools/bin/../lib/gcc/arm-none-eabi/14.3.1/../../../../arm-none-eabi/lib/thumb/v7e-m+fp/hard\libc_nano.a
END GROUP
START GROUP
LOAD C:/ST/STM32CubeIDE_1.19.0/STM32CubeIDE/plugins/com.st.stm32cube.ide.mcu.externaltools.gnu-tools-for-stm32.14.3.rel1.win32_1.0.100.202602081740/tools/bin/../lib/gcc/arm-none-eabi/14.3.1/thumb/v7e-m+fp/hard\libgcc.a
LOAD C:/ST/STM32CubeIDE_1.19.0/STM32CubeIDE/plugins/com.st.stm32cube.ide.mcu.externaltools.gnu-tools-for-stm32.14.3.rel1.win32_1.0.100.202602081740/tools/bin/../lib/gcc/arm-none-eabi/14.3.1/../../../../arm-none-eabi/lib/thumb/v7e-m+fp/hard\libc_nano.a
LOAD C:/ST/STM32CubeIDE_1.19.0/STM32CubeIDE/plugins/com.st.stm32cube.ide.mcu.externaltools.gnu-tools-for-stm32.14.3.rel1.win32_1.0.100.202602081740/tools/bin/../lib/gcc/arm-none-eabi/14.3.1/../../../../arm-none-eabi/lib/thumb/v7e-m+fp/hard\libnosys.a
END GROUP
START GROUP
LOAD C:/ST/STM32CubeIDE_1.19.0/STM32CubeIDE/plugins/com.st.stm32cube.ide.mcu.externaltools.gnu-tools-for-stm32.14.3.rel1.win32_1.0.100.202602081740/tools/bin/../lib/gcc/arm-none-eabi/14.3.1/thumb/v7e-m+fp/hard\libgcc.a
LOAD C:/ST/STM32CubeIDE_1.19.0/STM32CubeIDE/plugins/com.st.stm32cube.ide.mcu.externaltools.gnu-tools-for-stm32.14.3.rel1.win32_1.0.100.202602081740/tools/bin/../lib/gcc/arm-none-eabi/14.3.1/../../../../arm-none-eabi/lib/thumb/v7e-m+fp/hard\libc_nano.a
LOAD C:/ST/STM32CubeIDE_1.19.0/STM32CubeIDE/plugins/com.st.stm32cube.ide.mcu.externaltools.gnu-tools-for-stm32.14.3.rel1.win32_1.0.100.202602081740/tools/bin/../lib/gcc/arm-none-eabi/14.3.1/../../../../arm-none-eabi/lib/thumb/v7e-m+fp/hard\libnosys.a
END GROUP
LOAD C:/ST/STM32CubeIDE_1.19.0/STM32CubeIDE/plugins/com.st.stm32cube.ide.mcu.externaltools.gnu-tools-for-stm32.14.3.rel1.win32_1.0.100.202602081740/tools/bin/../lib/gcc/arm-none-eabi/14.3.1/thumb/v7e-m+fp/hard/crtend.o
LOAD C:/ST/STM32CubeIDE_1.19.0/STM32CubeIDE/plugins/com.st.stm32cube.ide.mcu.externaltools.gnu-tools-for-stm32.14.3.rel1.win32_1.0.100.202602081740/tools/bin/../lib/gcc/arm-none-eabi/14.3.1/thumb/v7e-m+fp/hard/crtn.o
                0x20003000                        _estack = (ORIGIN (RAM) + LENGTH (RAM))
                0x00000200                        _Min_Heap_Size = 0x200
                0x00000400                        _Min_Stack_Size = 0x400

.isr_vector     0x08000000      0x188
                0x08000000                        . = ALIGN (0x4)
 *(.isr_vector)
 .isr_vector    0x08000000      0x188 ./Core/Startup/startup_stm32f303k8tx.o
                0x08000000                g_pfnVectors
                0x08000188                        . = ALIGN (0x4)

.text           0x08000188     0x6cd8
                0x08000188                        . = ALIGN (0x4)
 *(.text)
 .text          0x08000188       0x40 C:/ST/STM32CubeIDE_1.19.0/STM32CubeIDE/plugins/com.st.stm32cube.ide.mcu.externaltools.gnu-tools-for-stm32.14.3.rel1.win32_1.0.100.202602081740/tools/bin/../lib/gcc/arm-none-eabi/14.3.1/thumb/v7e-m+fp/hard/crtbegin.o
 *(.text*)
 .text.ADC_Init_NoDMA_Independent
                0x080001c8       0x22 ./App/Eko_Drivers/Src/adc_driver.o
 .text.ADC_ReadChannel_NoDMA_Independent
                0x080001ea       0x9c ./App/Eko_Drivers/Src/adc_driver.o
 .text.ADC_ReadChannel_NoDMA_Independent_SingleConversion
                0x08000286       0x76 ./App/Eko_Drivers/Src/adc_driver.o
 .text.ADC_ChannelsNumberConfig
                0x080002fc       0x3a ./App/Eko_Drivers/Src/adc_driver.o
 .text.ADC_ChannelsConfig
                0x08000336       0xe6 ./App/Eko_Drivers/Src/adc_driver.o
 .text.ADC_Init
                0x0800041c       0x70 ./App/Eko_Drivers/Src/adc_driver.o
                0x0800041c                ADC_Init
 .text.ADC_ReadChannel
                0x0800048c       0xa8 ./App/Eko_Drivers/Src/adc_driver.o
                0x0800048c                ADC_ReadChannel
 .text.ADC_Get_PinVoltage
                0x08000534       0xac ./App/Eko_Drivers/Src/adc_driver.o
                0x08000534                ADC_Get_PinVoltage
 .text.ADC_Get_ChannelRank
                0x080005e0       0x4a ./App/Eko_Drivers/Src/adc_driver.o
                0x080005e0                ADC_Get_ChannelRank
 .text.ADC_Get_ChannelsConfiguration
                0x0800062a       0x38 ./App/Eko_Drivers/Src/adc_driver.o
                0x0800062a                ADC_Get_ChannelsConfiguration
 .text.ADC_Discontinuous
                0x08000662       0x34 ./App/Eko_Drivers/Src/adc_utils.o
                0x08000662                ADC_Discontinuous
 .text.ADC_DMA_ENABLED
                0x08000696       0x2c ./App/Eko_Drivers/Src/adc_utils.o
                0x08000696                ADC_DMA_ENABLED
 .text.ADC_Resolution
                0x080006c2       0x54 ./App/Eko_Drivers/Src/adc_utils.o
                0x080006c2                ADC_Resolution
 .text.CAN_Init
                0x08000716       0x70 ./App/Eko_Drivers/Src/can_driver.o
                0x08000716                CAN_Init
 .text.CAN_AddScheduledMsg
                0x08000786      0x10e ./App/Eko_Drivers/Src/can_driver.o
                0x08000786                CAN_AddScheduledMsg
 .text.CAN_RemoveScheduledMsg
                0x08000894       0xe4 ./App/Eko_Drivers/Src/can_driver.o
                0x08000894                CAN_RemoveScheduledMsg
 .text.CAN_HandleScheduled
                0x08000978       0xba ./App/Eko_Drivers/Src/can_driver.o
                0x08000978                CAN_HandleScheduled
 *fill*         0x08000a32        0x2 
 .text.EH_init  0x08000a34       0xac ./App/Eko_Drivers/Src/error_handler.o
                0x08000a34                EH_init
 .text.EH_report
                0x08000ae0       0x28 ./App/Eko_Drivers/Src/error_handler.o
                0x08000ae0                EH_report
 .text.EH_stop  0x08000b08       0x28 ./App/Eko_Drivers/Src/error_handler.o
                0x08000b08                EH_stop
 .text.EH_reportEx
                0x08000b30      0x2c4 ./App/Eko_Drivers/Src/error_handler.o
                0x08000b30                EH_reportEx
 .text.EH_stopEx
                0x08000df4       0x30 ./App/Eko_Drivers/Src/error_handler.o
                0x08000df4                EH_stopEx
 .text.updateTransmissionInterval
                0x08000e24       0x9a ./App/Eko_Drivers/Src/error_handler.o
 .text.getData_HeightbeatOK
                0x08000ebe       0x68 ./App/Eko_Drivers/Src/error_handler.o
 .text.getData_Error
                0x08000f26       0xd0 ./App/Eko_Drivers/Src/error_handler.o
 .text.haltNode
                0x08000ff6       0x40 ./App/Eko_Drivers/Src/error_handler.o
 .text.LF_Service
                0x08001036        0xe ./App/Src/LF_service.o
                0x08001036                LF_Service
 .text.RF_Service
                0x08001044        0xe ./App/Src/RF_service.o
                0x08001044                RF_Service
 *fill*         0x08001052        0x2 
 .text.HAL_CAN_RxFifo0MsgPendingCallback
                0x08001054      0x100 ./App/Src/app.o
                0x08001054                HAL_CAN_RxFifo0MsgPendingCallback
 .text.APP_InterpretFrames
                0x08001154      0x3c8 ./App/Src/app.o
                0x08001154                APP_InterpretFrames
 .text.SetCanFilters
                0x0800151c       0x6c ./App/Src/app.o
 .text.APP_Main
                0x08001588       0x9c ./App/Src/app.o
                0x08001588                APP_Main
 .text.BOARD_ChooseBoard
                0x08001624       0xc0 ./App/Src/board_selector.o
                0x08001624                BOARD_ChooseBoard
 .text.ReadBoardStatus
                0x080016e4      0x110 ./App/Src/rear_service.o
 .text.CheckForMalfunction
                0x080017f4      0x1fc ./App/Src/rear_service.o
 .text.MakeAdcReadings
                0x080019f0       0x8c ./App/Src/rear_service.o
 .text.ServiceLights
                0x08001a7c      0x238 ./App/Src/rear_service.o
 .text.CheckForSafeState
                0x08001cb4       0x88 ./App/Src/rear_service.o
 .text.InitService
                0x08001d3c       0xa0 ./App/Src/rear_service.o
 .text.RearService
                0x08001ddc       0x4c ./App/Src/rear_service.o
                0x08001ddc                RearService
 .text.MX_ADC1_Init
                0x08001e28      0x138 ./Core/Src/adc.o
                0x08001e28                MX_ADC1_Init
 .text.MX_ADC2_Init
                0x08001f60       0xdc ./Core/Src/adc.o
                0x08001f60                MX_ADC2_Init
 .text.HAL_ADC_MspInit
                0x0800203c       0xfc ./Core/Src/adc.o
                0x0800203c                HAL_ADC_MspInit
 .text.MX_CAN_Init
                0x08002138       0x6c ./Core/Src/can.o
                0x08002138                MX_CAN_Init
 .text.HAL_CAN_MspInit
                0x080021a4       0xa8 ./Core/Src/can.o
                0x080021a4                HAL_CAN_MspInit
 .text.MX_GPIO_Init
                0x0800224c       0xc8 ./Core/Src/gpio.o
                0x0800224c                MX_GPIO_Init
 .text.main     0x08002314       0x2c ./Core/Src/main.o
                0x08002314                main
 .text.SystemClock_Config
                0x08002340       0xbc ./Core/Src/main.o
                0x08002340                SystemClock_Config
 .text.Error_Handler
                0x080023fc        0xc ./Core/Src/main.o
                0x080023fc                Error_Handler
 .text.HAL_MspInit
                0x08002408       0x48 ./Core/Src/stm32f3xx_hal_msp.o
                0x08002408                HAL_MspInit
 .text.NMI_Handler
                0x08002450        0x8 ./Core/Src/stm32f3xx_it.o
                0x08002450                NMI_Handler
 .text.HardFault_Handler
                0x08002458        0x8 ./Core/Src/stm32f3xx_it.o
                0x08002458                HardFault_Handler
 .text.MemManage_Handler
                0x08002460        0x8 ./Core/Src/stm32f3xx_it.o
                0x08002460                MemManage_Handler
 .text.BusFault_Handler
                0x08002468        0x8 ./Core/Src/stm32f3xx_it.o
                0x08002468                BusFault_Handler
 .text.UsageFault_Handler
                0x08002470        0x8 ./Core/Src/stm32f3xx_it.o
                0x08002470                UsageFault_Handler
 .text.SVC_Handler
                0x08002478        0xe ./Core/Src/stm32f3xx_it.o
                0x08002478                SVC_Handler
 .text.DebugMon_Handler
                0x08002486        0xe ./Core/Src/stm32f3xx_it.o
                0x08002486                DebugMon_Handler
 .text.PendSV_Handler
                0x08002494        0xe ./Core/Src/stm32f3xx_it.o
                0x08002494                PendSV_Handler
 .text.SysTick_Handler
                0x080024a2        0xc ./Core/Src/stm32f3xx_it.o
                0x080024a2                SysTick_Handler
 *fill*         0x080024ae        0x2 
 .text.CAN_RX0_IRQHandler
                0x080024b0       0x14 ./Core/Src/stm32f3xx_it.o
                0x080024b0                CAN_RX0_IRQHandler
 .text.CAN_RX1_IRQHandler
                0x080024c4       0x14 ./Core/Src/stm32f3xx_it.o
                0x080024c4                CAN_RX1_IRQHandler
 .text.SystemInit
                0x080024d8       0x24 ./Core/Src/system_stm32f3xx.o
                0x080024d8                SystemInit
 .text.MX_TIM1_Init
                0x080024fc       0xa8 ./Core/Src/tim.o
                0x080024fc                MX_TIM1_Init
 .text.HAL_TIM_Base_MspInit
                0x080025a4       0x40 ./Core/Src/tim.o
                0x080025a4                HAL_TIM_Base_MspInit
 .text.MX_USART1_UART_Init
                0x080025e4       0x60 ./Core/Src/usart.o
                0x080025e4                MX_USART1_UART_Init
 .text.HAL_UART_MspInit
                0x08002644       0x88 ./Core/Src/usart.o
                0x08002644                HAL_UART_MspInit
 .text.Reset_Handler
                0x080026cc       0x50 ./Core/Startup/startup_stm32f303k8tx.o
                0x080026cc                Reset_Handler
 .text.Default_Handler
                0x0800271c        0x2 ./Core/Startup/startup_stm32f303k8tx.o
                0x0800271c                RTC_Alarm_IRQHandler
                0x0800271c                TIM1_CC_IRQHandler
                0x0800271c                PVD_IRQHandler
                0x0800271c                TAMP_STAMP_IRQHandler
                0x0800271c                EXTI3_IRQHandler
                0x0800271c                EXTI0_IRQHandler
                0x0800271c                FPU_IRQHandler
                0x0800271c                CAN_TX_IRQHandler
                0x0800271c                TIM1_UP_TIM16_IRQHandler
                0x0800271c                ADC1_2_IRQHandler
                0x0800271c                SPI1_IRQHandler
                0x0800271c                CAN_SCE_IRQHandler
                0x0800271c                DMA1_Channel4_IRQHandler
                0x0800271c                USART3_IRQHandler
                0x0800271c                DMA1_Channel7_IRQHandler
                0x0800271c                TIM7_DAC2_IRQHandler
                0x0800271c                I2C1_EV_IRQHandler
                0x0800271c                DMA1_Channel6_IRQHandler
                0x0800271c                TIM3_IRQHandler
                0x0800271c                RCC_IRQHandler
                0x0800271c                DMA1_Channel1_IRQHandler
                0x0800271c                Default_Handler
                0x0800271c                EXTI15_10_IRQHandler
                0x0800271c                COMP2_IRQHandler
                0x0800271c                TIM6_DAC1_IRQHandler
                0x0800271c                EXTI9_5_IRQHandler
                0x0800271c                RTC_WKUP_IRQHandler
                0x0800271c                DMA1_Channel5_IRQHandler
                0x0800271c                EXTI4_IRQHandler
                0x0800271c                TIM1_TRG_COM_TIM17_IRQHandler
                0x0800271c                DMA1_Channel3_IRQHandler
                0x0800271c                WWDG_IRQHandler
                0x0800271c                TIM2_IRQHandler
                0x0800271c                EXTI1_IRQHandler
                0x0800271c                COMP4_6_IRQHandler
                0x0800271c                USART2_IRQHandler
                0x0800271c                DMA1_Channel2_IRQHandler
                0x0800271c                FLASH_IRQHandler
                0x0800271c                USART1_IRQHandler
                0x0800271c                I2C1_ER_IRQHandler
                0x0800271c                EXTI2_TSC_IRQHandler
                0x0800271c                TIM1_BRK_TIM15_IRQHandler
 *fill*         0x0800271e        0x2 
 .text.HAL_Init
                0x08002720       0x2c ./Drivers/STM32F3xx_HAL_Driver/Src/stm32f3xx_hal.o
                0x08002720                HAL_Init
 .text.HAL_InitTick
                0x0800274c       0x60 ./Drivers/STM32F3xx_HAL_Driver/Src/stm32f3xx_hal.o
                0x0800274c                HAL_InitTick
 .text.HAL_IncTick
                0x080027ac       0x28 ./Drivers/STM32F3xx_HAL_Driver/Src/stm32f3xx_hal.o
                0x080027ac                HAL_IncTick
 .text.HAL_GetTick
                0x080027d4       0x18 ./Drivers/STM32F3xx_HAL_Driver/Src/stm32f3xx_hal.o
                0x080027d4                HAL_GetTick
 .text.HAL_ADC_Init
                0x080027ec      0x324 ./Drivers/STM32F3xx_HAL_Driver/Src/stm32f3xx_hal_adc_ex.o
                0x080027ec                HAL_ADC_Init
 .text.HAL_ADC_Start
                0x08002b10      0x16c ./Drivers/STM32F3xx_HAL_Driver/Src/stm32f3xx_hal_adc_ex.o
                0x08002b10                HAL_ADC_Start
 .text.HAL_ADC_Stop
                0x08002c7c       0x6a ./Drivers/STM32F3xx_HAL_Driver/Src/stm32f3xx_hal_adc_ex.o
                0x08002c7c                HAL_ADC_Stop
 *fill*         0x08002ce6        0x2 
 .text.HAL_ADC_PollForConversion
                0x08002ce8      0x19c ./Drivers/STM32F3xx_HAL_Driver/Src/stm32f3xx_hal_adc_ex.o
                0x08002ce8                HAL_ADC_PollForConversion
 .text.HAL_ADC_GetValue
                0x08002e84       0x1a ./Drivers/STM32F3xx_HAL_Driver/Src/stm32f3xx_hal_adc_ex.o
                0x08002e84                HAL_ADC_GetValue
 *fill*         0x08002e9e        0x2 
 .text.HAL_ADC_ConfigChannel
                0x08002ea0      0x57c ./Drivers/STM32F3xx_HAL_Driver/Src/stm32f3xx_hal_adc_ex.o
                0x08002ea0                HAL_ADC_ConfigChannel
 .text.HAL_ADCEx_MultiModeConfigChannel
                0x0800341c      0x18c ./Drivers/STM32F3xx_HAL_Driver/Src/stm32f3xx_hal_adc_ex.o
                0x0800341c                HAL_ADCEx_MultiModeConfigChannel
 .text.ADC_Enable
                0x080035a8       0xc8 ./Drivers/STM32F3xx_HAL_Driver/Src/stm32f3xx_hal_adc_ex.o
 .text.ADC_Disable
                0x08003670       0xcc ./Drivers/STM32F3xx_HAL_Driver/Src/stm32f3xx_hal_adc_ex.o
 .text.ADC_ConversionStop
                0x0800373c      0x16c ./Drivers/STM32F3xx_HAL_Driver/Src/stm32f3xx_hal_adc_ex.o
 .text.HAL_CAN_Init
                0x080038a8      0x1f6 ./Drivers/STM32F3xx_HAL_Driver/Src/stm32f3xx_hal_can.o
                0x080038a8                HAL_CAN_Init
 .text.HAL_CAN_ConfigFilter
                0x08003a9e      0x194 ./Drivers/STM32F3xx_HAL_Driver/Src/stm32f3xx_hal_can.o
                0x08003a9e                HAL_CAN_ConfigFilter
 .text.HAL_CAN_Start
                0x08003c32       0x88 ./Drivers/STM32F3xx_HAL_Driver/Src/stm32f3xx_hal_can.o
                0x08003c32                HAL_CAN_Start
 .text.HAL_CAN_AddTxMessage
                0x08003cba      0x1a0 ./Drivers/STM32F3xx_HAL_Driver/Src/stm32f3xx_hal_can.o
                0x08003cba                HAL_CAN_AddTxMessage
 .text.HAL_CAN_GetRxMessage
                0x08003e5a      0x244 ./Drivers/STM32F3xx_HAL_Driver/Src/stm32f3xx_hal_can.o
                0x08003e5a                HAL_CAN_GetRxMessage
 .text.HAL_CAN_ActivateNotification
                0x0800409e       0x4c ./Drivers/STM32F3xx_HAL_Driver/Src/stm32f3xx_hal_can.o
                0x0800409e                HAL_CAN_ActivateNotification
 .text.HAL_CAN_IRQHandler
                0x080040ea      0x36e ./Drivers/STM32F3xx_HAL_Driver/Src/stm32f3xx_hal_can.o
                0x080040ea                HAL_CAN_IRQHandler
 .text.HAL_CAN_TxMailbox0CompleteCallback
                0x08004458       0x14 ./Drivers/STM32F3xx_HAL_Driver/Src/stm32f3xx_hal_can.o
                0x08004458                HAL_CAN_TxMailbox0CompleteCallback
 .text.HAL_CAN_TxMailbox1CompleteCallback
                0x0800446c       0x14 ./Drivers/STM32F3xx_HAL_Driver/Src/stm32f3xx_hal_can.o
                0x0800446c                HAL_CAN_TxMailbox1CompleteCallback
 .text.HAL_CAN_TxMailbox2CompleteCallback
                0x08004480       0x14 ./Drivers/STM32F3xx_HAL_Driver/Src/stm32f3xx_hal_can.o
                0x08004480                HAL_CAN_TxMailbox2CompleteCallback
 .text.HAL_CAN_TxMailbox0AbortCallback
                0x08004494       0x14 ./Drivers/STM32F3xx_HAL_Driver/Src/stm32f3xx_hal_can.o
                0x08004494                HAL_CAN_TxMailbox0AbortCallback
 .text.HAL_CAN_TxMailbox1AbortCallback
                0x080044a8       0x14 ./Drivers/STM32F3xx_HAL_Driver/Src/stm32f3xx_hal_can.o
                0x080044a8                HAL_CAN_TxMailbox1AbortCallback
 .text.HAL_CAN_TxMailbox2AbortCallback
                0x080044bc       0x14 ./Drivers/STM32F3xx_HAL_Driver/Src/stm32f3xx_hal_can.o
                0x080044bc                HAL_CAN_TxMailbox2AbortCallback
 .text.HAL_CAN_RxFifo0FullCallback
                0x080044d0       0x14 ./Drivers/STM32F3xx_HAL_Driver/Src/stm32f3xx_hal_can.o
                0x080044d0                HAL_CAN_RxFifo0FullCallback
 .text.HAL_CAN_RxFifo1MsgPendingCallback
                0x080044e4       0x14 ./Drivers/STM32F3xx_HAL_Driver/Src/stm32f3xx_hal_can.o
                0x080044e4                HAL_CAN_RxFifo1MsgPendingCallback
 .text.HAL_CAN_RxFifo1FullCallback
                0x080044f8       0x14 ./Drivers/STM32F3xx_HAL_Driver/Src/stm32f3xx_hal_can.o
                0x080044f8                HAL_CAN_RxFifo1FullCallback
 .text.HAL_CAN_SleepCallback
                0x0800450c       0x14 ./Drivers/STM32F3xx_HAL_Driver/Src/stm32f3xx_hal_can.o
                0x0800450c                HAL_CAN_SleepCallback
 .text.HAL_CAN_WakeUpFromRxMsgCallback
                0x08004520       0x14 ./Drivers/STM32F3xx_HAL_Driver/Src/stm32f3xx_hal_can.o
                0x08004520                HAL_CAN_WakeUpFromRxMsgCallback
 .text.HAL_CAN_ErrorCallback
                0x08004534       0x14 ./Drivers/STM32F3xx_HAL_Driver/Src/stm32f3xx_hal_can.o
                0x08004534                HAL_CAN_ErrorCallback
 .text.__NVIC_SetPriorityGrouping
                0x08004548       0x48 ./Drivers/STM32F3xx_HAL_Driver/Src/stm32f3xx_hal_cortex.o
 .text.__NVIC_GetPriorityGrouping
                0x08004590       0x1c ./Drivers/STM32F3xx_HAL_Driver/Src/stm32f3xx_hal_cortex.o
 .text.__NVIC_EnableIRQ
                0x080045ac       0x3c ./Drivers/STM32F3xx_HAL_Driver/Src/stm32f3xx_hal_cortex.o
 .text.__NVIC_SetPriority
                0x080045e8       0x54 ./Drivers/STM32F3xx_HAL_Driver/Src/stm32f3xx_hal_cortex.o
 .text.NVIC_EncodePriority
                0x0800463c       0x66 ./Drivers/STM32F3xx_HAL_Driver/Src/stm32f3xx_hal_cortex.o
 *fill*         0x080046a2        0x2 
 .text.SysTick_Config
                0x080046a4       0x44 ./Drivers/STM32F3xx_HAL_Driver/Src/stm32f3xx_hal_cortex.o
 .text.HAL_NVIC_SetPriorityGrouping
                0x080046e8       0x16 ./Drivers/STM32F3xx_HAL_Driver/Src/stm32f3xx_hal_cortex.o
                0x080046e8                HAL_NVIC_SetPriorityGrouping
 .text.HAL_NVIC_SetPriority
                0x080046fe       0x38 ./Drivers/STM32F3xx_HAL_Driver/Src/stm32f3xx_hal_cortex.o
                0x080046fe                HAL_NVIC_SetPriority
 .text.HAL_NVIC_EnableIRQ
                0x08004736       0x1c ./Drivers/STM32F3xx_HAL_Driver/Src/stm32f3xx_hal_cortex.o
                0x08004736                HAL_NVIC_EnableIRQ
 .text.HAL_SYSTICK_Config
                0x08004752       0x18 ./Drivers/STM32F3xx_HAL_Driver/Src/stm32f3xx_hal_cortex.o
                0x08004752                HAL_SYSTICK_Config
 *fill*         0x0800476a        0x2 
 .text.HAL_GPIO_Init
                0x0800476c      0x2e4 ./Drivers/STM32F3xx_HAL_Driver/Src/stm32f3xx_hal_gpio.o
                0x0800476c                HAL_GPIO_Init
 .text.HAL_GPIO_ReadPin
                0x08004a50       0x30 ./Drivers/STM32F3xx_HAL_Driver/Src/stm32f3xx_hal_gpio.o
                0x08004a50                HAL_GPIO_ReadPin
 .text.HAL_GPIO_WritePin
                0x08004a80       0x30 ./Drivers/STM32F3xx_HAL_Driver/Src/stm32f3xx_hal_gpio.o
                0x08004a80                HAL_GPIO_WritePin
 .text.HAL_RCC_OscConfig
                0x08004ab0     0x101c ./Drivers/STM32F3xx_HAL_Driver/Src/stm32f3xx_hal_rcc.o
                0x08004ab0                HAL_RCC_OscConfig
 .text.HAL_RCC_ClockConfig
                0x08005acc      0x2dc ./Drivers/STM32F3xx_HAL_Driver/Src/stm32f3xx_hal_rcc.o
                0x08005acc                HAL_RCC_ClockConfig
 .text.HAL_RCC_GetSysClockFreq
                0x08005da8       0xac ./Drivers/STM32F3xx_HAL_Driver/Src/stm32f3xx_hal_rcc.o
                0x08005da8                HAL_RCC_GetSysClockFreq
 .text.HAL_RCC_GetHCLKFreq
                0x08005e54       0x18 ./Drivers/STM32F3xx_HAL_Driver/Src/stm32f3xx_hal_rcc.o
                0x08005e54                HAL_RCC_GetHCLKFreq
 .text.HAL_RCC_GetPCLK1Freq
                0x08005e6c       0x44 ./Drivers/STM32F3xx_HAL_Driver/Src/stm32f3xx_hal_rcc.o
                0x08005e6c                HAL_RCC_GetPCLK1Freq
 .text.HAL_RCC_GetPCLK2Freq
                0x08005eb0       0x44 ./Drivers/STM32F3xx_HAL_Driver/Src/stm32f3xx_hal_rcc.o
                0x08005eb0                HAL_RCC_GetPCLK2Freq
 .text.HAL_RCCEx_PeriphCLKConfig
                0x08005ef4      0x248 ./Drivers/STM32F3xx_HAL_Driver/Src/stm32f3xx_hal_rcc_ex.o
                0x08005ef4                HAL_RCCEx_PeriphCLKConfig
 .text.HAL_TIM_Base_Init
                0x0800613c       0xae ./Drivers/STM32F3xx_HAL_Driver/Src/stm32f3xx_hal_tim.o
                0x0800613c                HAL_TIM_Base_Init
 .text.HAL_TIM_ConfigClockSource
                0x080061ea      0x192 ./Drivers/STM32F3xx_HAL_Driver/Src/stm32f3xx_hal_tim.o
                0x080061ea                HAL_TIM_ConfigClockSource
 .text.TIM_Base_SetConfig
                0x0800637c      0x108 ./Drivers/STM32F3xx_HAL_Driver/Src/stm32f3xx_hal_tim.o
                0x0800637c                TIM_Base_SetConfig
 .text.TIM_TI1_ConfigInputStage
                0x08006484       0x5e ./Drivers/STM32F3xx_HAL_Driver/Src/stm32f3xx_hal_tim.o
 .text.TIM_TI2_ConfigInputStage
                0x080064e2       0x60 ./Drivers/STM32F3xx_HAL_Driver/Src/stm32f3xx_hal_tim.o
 .text.TIM_ITRx_SetConfig
                0x08006542       0x36 ./Drivers/STM32F3xx_HAL_Driver/Src/stm32f3xx_hal_tim.o
 .text.TIM_ETR_SetConfig
                0x08006578       0x40 ./Drivers/STM32F3xx_HAL_Driver/Src/stm32f3xx_hal_tim.o
                0x08006578                TIM_ETR_SetConfig
 .text.HAL_TIMEx_MasterConfigSynchronization
                0x080065b8       0xdc ./Drivers/STM32F3xx_HAL_Driver/Src/stm32f3xx_hal_tim_ex.o
                0x080065b8                HAL_TIMEx_MasterConfigSynchronization
 .text.HAL_UART_Init
                0x08006694       0x9c ./Drivers/STM32F3xx_HAL_Driver/Src/stm32f3xx_hal_uart.o
                0x08006694                HAL_UART_Init
 .text.UART_SetConfig
                0x08006730      0x26c ./Drivers/STM32F3xx_HAL_Driver/Src/stm32f3xx_hal_uart.o
                0x08006730                UART_SetConfig
 .text.UART_AdvFeatureConfig
                0x0800699c      0x144 ./Drivers/STM32F3xx_HAL_Driver/Src/stm32f3xx_hal_uart.o
                0x0800699c                UART_AdvFeatureConfig
 .text.UART_CheckIdleState
                0x08006ae0      0x150 ./Drivers/STM32F3xx_HAL_Driver/Src/stm32f3xx_hal_uart.o
                0x08006ae0                UART_CheckIdleState
 .text.UART_WaitOnFlagUntilTimeout
                0x08006c30       0xda ./Drivers/STM32F3xx_HAL_Driver/Src/stm32f3xx_hal_uart.o
                0x08006c30                UART_WaitOnFlagUntilTimeout
 .text.UART_EndRxTransfer
                0x08006d0a       0xc8 ./Drivers/STM32F3xx_HAL_Driver/Src/stm32f3xx_hal_uart.o
 .text.memset   0x08006dd2       0x10 C:/ST/STM32CubeIDE_1.19.0/STM32CubeIDE/plugins/com.st.stm32cube.ide.mcu.externaltools.gnu-tools-for-stm32.14.3.rel1.win32_1.0.100.202602081740/tools/bin/../lib/gcc/arm-none-eabi/14.3.1/../../../../arm-none-eabi/lib/thumb/v7e-m+fp/hard\libc_nano.a(libc_a-memset.o)
                0x08006dd2                memset
 *fill*         0x08006de2        0x2 
 .text.__libc_init_array
                0x08006de4       0x48 C:/ST/STM32CubeIDE_1.19.0/STM32CubeIDE/plugins/com.st.stm32cube.ide.mcu.externaltools.gnu-tools-for-stm32.14.3.rel1.win32_1.0.100.202602081740/tools/bin/../lib/gcc/arm-none-eabi/14.3.1/../../../../arm-none-eabi/lib/thumb/v7e-m+fp/hard\libc_nano.a(libc_a-init.o)
                0x08006de4                __libc_init_array
 .text.memcpy   0x08006e2c       0x1c C:/ST/STM32CubeIDE_1.19.0/STM32CubeIDE/plugins/com.st.stm32cube.ide.mcu.externaltools.gnu-tools-for-stm32.14.3.rel1.win32_1.0.100.202602081740/tools/bin/../lib/gcc/arm-none-eabi/14.3.1/../../../../arm-none-eabi/lib/thumb/v7e-m+fp/hard\libc_nano.a(libc_a-memcpy-stub.o)
                0x08006e2c                memcpy
 *(.glue_7)
 .glue_7        0x08006e48        0x0 linker stubs
 *(.glue_7t)
 .glue_7t       0x08006e48        0x0 linker stubs
 *(.eh_frame)
 .eh_frame      0x08006e48        0x0 C:/ST/STM32CubeIDE_1.19.0/STM32CubeIDE/plugins/com.st.stm32cube.ide.mcu.externaltools.gnu-tools-for-stm32.14.3.rel1.win32_1.0.100.202602081740/tools/bin/../lib/gcc/arm-none-eabi/14.3.1/thumb/v7e-m+fp/hard/crtbegin.o
 *(.init)
 .init          0x08006e48        0x4 C:/ST/STM32CubeIDE_1.19.0/STM32CubeIDE/plugins/com.st.stm32cube.ide.mcu.externaltools.gnu-tools-for-stm32.14.3.rel1.win32_1.0.100.202602081740/tools/bin/../lib/gcc/arm-none-eabi/14.3.1/thumb/v7e-m+fp/hard/crti.o
                0x08006e48                _init
 .init          0x08006e4c        0x8 C:/ST/STM32CubeIDE_1.19.0/STM32CubeIDE/plugins/com.st.stm32cube.ide.mcu.externaltools.gnu-tools-for-stm32.14.3.rel1.win32_1.0.100.202602081740/tools/bin/../lib/gcc/arm-none-eabi/14.3.1/thumb/v7e-m+fp/hard/crtn.o
 *(.fini)
 .fini          0x08006e54        0x4 C:/ST/STM32CubeIDE_1.19.0/STM32CubeIDE/plugins/com.st.stm32cube.ide.mcu.externaltools.gnu-tools-for-stm32.14.3.rel1.win32_1.0.100.202602081740/tools/bin/../lib/gcc/arm-none-eabi/14.3.1/thumb/v7e-m+fp/hard/crti.o
                0x08006e54                _fini
 .fini          0x08006e58        0x8 C:/ST/STM32CubeIDE_1.19.0/STM32CubeIDE/plugins/com.st.stm32cube.ide.mcu.externaltools.gnu-tools-for-stm32.14.3.rel1.win32_1.0.100.202602081740/tools/bin/../lib/gcc/arm-none-eabi/14.3.1/thumb/v7e-m+fp/hard/crtn.o
                0x08006e60                        . = ALIGN (0x4)
                0x08006e60                        _etext = .

.vfp11_veneer   0x08006e60        0x0
 .vfp11_veneer  0x08006e60        0x0 linker stubs

.v4_bx          0x08006e60        0x0
 .v4_bx         0x08006e60        0x0 linker stubs

.iplt           0x08006e60        0x0
 .iplt          0x08006e60        0x0 C:/ST/STM32CubeIDE_1.19.0/STM32CubeIDE/plugins/com.st.stm32cube.ide.mcu.externaltools.gnu-tools-for-stm32.14.3.rel1.win32_1.0.100.202602081740/tools/bin/../lib/gcc/arm-none-eabi/14.3.1/thumb/v7e-m+fp/hard/crtbegin.o

.rodata         0x08006e60       0x38
                0x08006e60                        . = ALIGN (0x4)
 *(.rodata)
 *(.rodata*)
 .rodata.AHBPrescTable
                0x08006e60       0x10 ./Core/Src/system_stm32f3xx.o
                0x08006e60                AHBPrescTable
 .rodata.APBPrescTable
                0x08006e70        0x8 ./Core/Src/system_stm32f3xx.o
                0x08006e70                APBPrescTable
 .rodata.aPLLMULFactorTable
                0x08006e78       0x10 ./Drivers/STM32F3xx_HAL_Driver/Src/stm32f3xx_hal_rcc.o
 .rodata.aPredivFactorTable
                0x08006e88       0x10 ./Drivers/STM32F3xx_HAL_Driver/Src/stm32f3xx_hal_rcc.o
                0x08006e98                        . = ALIGN (0x4)

.ARM.extab      0x08006e98        0x0
                0x08006e98                        . = ALIGN (0x4)
 *(.ARM.extab* .gnu.linkonce.armextab.*)
                0x08006e98                        . = ALIGN (0x4)

.ARM            0x08006e98        0x0
                0x08006e98                        . = ALIGN (0x4)
                0x08006e98                        __exidx_start = .
 *(.ARM.exidx*)
                0x08006e98                        __exidx_end = .
                0x08006e98                        . = ALIGN (0x4)

.preinit_array  0x08006e98        0x0
                0x08006e98                        . = ALIGN (0x4)
                0x08006e98                        PROVIDE (__preinit_array_start = .)
 *(.preinit_array*)
                0x08006e98                        PROVIDE (__preinit_array_end = .)
                0x08006e98                        . = ALIGN (0x4)

.init_array     0x08006e98        0x4
                0x08006e98                        . = ALIGN (0x4)
                0x08006e98                        PROVIDE (__init_array_start = .)
 *(SORT_BY_NAME(.init_array.*))
 *(.init_array*)
 .init_array    0x08006e98        0x4 C:/ST/STM32CubeIDE_1.19.0/STM32CubeIDE/plugins/com.st.stm32cube.ide.mcu.externaltools.gnu-tools-for-stm32.14.3.rel1.win32_1.0.100.202602081740/tools/bin/../lib/gcc/arm-none-eabi/14.3.1/thumb/v7e-m+fp/hard/crtbegin.o
                0x08006e9c                        PROVIDE (__init_array_end = .)
                0x08006e9c                        . = ALIGN (0x4)

.fini_array     0x08006e9c        0x4
                0x08006e9c                        . = ALIGN (0x4)
                [!provide]                        PROVIDE (__fini_array_start = .)
 *(SORT_BY_NAME(.fini_array.*))
 *(.fini_array*)
 .fini_array    0x08006e9c        0x4 C:/ST/STM32CubeIDE_1.19.0/STM32CubeIDE/plugins/com.st.stm32cube.ide.mcu.externaltools.gnu-tools-for-stm32.14.3.rel1.win32_1.0.100.202602081740/tools/bin/../lib/gcc/arm-none-eabi/14.3.1/thumb/v7e-m+fp/hard/crtbegin.o
                [!provide]                        PROVIDE (__fini_array_end = .)
                0x08006ea0                        . = ALIGN (0x4)
                0x08006ea0                        _sidata = LOADADDR (.data)

.rel.dyn        0x08006ea0        0x0
 .rel.iplt      0x08006ea0        0x0 C:/ST/STM32CubeIDE_1.19.0/STM32CubeIDE/plugins/com.st.stm32cube.ide.mcu.externaltools.gnu-tools-for-stm32.14.3.rel1.win32_1.0.100.202602081740/tools/bin/../lib/gcc/arm-none-eabi/14.3.1/thumb/v7e-m+fp/hard/crtbegin.o

.data           0x20000000        0xc load address 0x08006ea0
                0x20000000                        . = ALIGN (0x4)
                0x20000000                        _sdata = .
 *(.data)
 *(.data*)
 .data.SystemCoreClock
                0x20000000        0x4 ./Core/Src/system_stm32f3xx.o
                0x20000000                SystemCoreClock
 .data.uwTickPrio
                0x20000004        0x4 ./Drivers/STM32F3xx_HAL_Driver/Src/stm32f3xx_hal.o
                0x20000004                uwTickPrio
 .data.uwTickFreq
                0x20000008        0x1 ./Drivers/STM32F3xx_HAL_Driver/Src/stm32f3xx_hal.o
                0x20000008                uwTickFreq
 *(.RamFunc)
 *(.RamFunc*)
                0x2000000c                        . = ALIGN (0x4)
 *fill*         0x20000009        0x3 
                0x2000000c                        _edata = .
                0x08006eac                        _siccmram = LOADADDR (.ccmram)

.igot.plt       0x2000000c        0x0 load address 0x08006eac
 .igot.plt      0x2000000c        0x0 C:/ST/STM32CubeIDE_1.19.0/STM32CubeIDE/plugins/com.st.stm32cube.ide.mcu.externaltools.gnu-tools-for-stm32.14.3.rel1.win32_1.0.100.202602081740/tools/bin/../lib/gcc/arm-none-eabi/14.3.1/thumb/v7e-m+fp/hard/crtbegin.o

.ccmram         0x10000000        0x0 load address 0x08006eac
                0x10000000                        . = ALIGN (0x4)
                0x10000000                        _sccmram = .
 *(.ccmram)
 *(.ccmram*)
                0x10000000                        . = ALIGN (0x4)
                0x10000000                        _eccmram = .
                0x10000000                        . = ALIGN (0x4)

.bss            0x2000000c      0x848
                0x2000000c                        _sbss = .
                0x2000000c                        __bss_start__ = _sbss
 *(.bss)
 .bss           0x2000000c       0x1c C:/ST/STM32CubeIDE_1.19.0/STM32CubeIDE/plugins/com.st.stm32cube.ide.mcu.externaltools.gnu-tools-for-stm32.14.3.rel1.win32_1.0.100.202602081740/tools/bin/../lib/gcc/arm-none-eabi/14.3.1/thumb/v7e-m+fp/hard/crtbegin.o
 *(.bss*)
 .bss.cadc1     0x20000028       0x11 ./App/Src/app.o
                0x20000028                cadc1
 *fill*         0x20000039        0x3 
 .bss.cadc2     0x2000003c       0x11 ./App/Src/app.o
                0x2000003c                cadc2
 *fill*         0x2000004d        0x3 
 .bss.CAN_currentMessageHeader
                0x20000050       0x1c ./App/Src/app.o
 .bss.canDashboardSwitchesData
                0x2000006c        0x8 ./App/Src/app.o
 .bss.canDashboardImportantData
                0x20000074        0x8 ./App/Src/app.o
 .bss.canPedalsJtnsWorksData
                0x2000007c        0x8 ./App/Src/app.o
 .bss.canDashboardControlData
                0x20000084        0x8 ./App/Src/app.o
 .bss.canSafeStateData
                0x2000008c        0x8 ./App/Src/app.o
 .bss.dashboardSwitchesDataCheck
                0x20000094        0x1 ./App/Src/app.o
 .bss.dashboardImportantDataCheck
                0x20000095        0x1 ./App/Src/app.o
 .bss.pedalsJtnsWorksDataCheck
                0x20000096        0x1 ./App/Src/app.o
 .bss.dashboardControlDataCheck
                0x20000097        0x1 ./App/Src/app.o
 .bss.safeStateDataCheck
                0x20000098        0x1 ./App/Src/app.o
 .bss.brakeStatus
                0x20000099        0x1 ./App/Src/app.o
                0x20000099                brakeStatus
 .bss.positionStatus
                0x2000009a        0x1 ./App/Src/app.o
                0x2000009a                positionStatus
 .bss.lowBeamStatus
                0x2000009b        0x1 ./App/Src/app.o
                0x2000009b                lowBeamStatus
 .bss.highBeamStatus
                0x2000009c        0x1 ./App/Src/app.o
                0x2000009c                highBeamStatus
 .bss.rightTurnStatus
                0x2000009d        0x1 ./App/Src/app.o
                0x2000009d                rightTurnStatus
 .bss.leftTurnStatus
                0x2000009e        0x1 ./App/Src/app.o
                0x2000009e                leftTurnStatus
 .bss.safeStateStatus
                0x2000009f        0x1 ./App/Src/app.o
                0x2000009f                safeStateStatus
 .bss.emergencyStatus
                0x200000a0        0x1 ./App/Src/app.o
                0x200000a0                emergencyStatus
 .bss.reverseStatus
                0x200000a1        0x1 ./App/Src/app.o
                0x200000a1                reverseStatus
 .bss.brakeChangeFlag
                0x200000a2        0x1 ./App/Src/app.o
                0x200000a2                brakeChangeFlag
 .bss.positionChangeFlag
                0x200000a3        0x1 ./App/Src/app.o
                0x200000a3                positionChangeFlag
 .bss.lowBeamChangeFlag
                0x200000a4        0x1 ./App/Src/app.o
                0x200000a4                lowBeamChangeFlag
 .bss.highBeamChangeFlag
                0x200000a5        0x1 ./App/Src/app.o
                0x200000a5                highBeamChangeFlag
 .bss.reverseChangeFlag
                0x200000a6        0x1 ./App/Src/app.o
                0x200000a6                reverseChangeFlag
 .bss.indicatorChangeFlag
                0x200000a7        0x1 ./App/Src/app.o
                0x200000a7                indicatorChangeFlag
 .bss.directionVoltage
                0x200000a8        0x4 ./App/Src/rear_service.o
 .bss.positionCirclesVoltage
                0x200000ac        0x4 ./App/Src/rear_service.o
 .bss.safeStateVoltage
                0x200000b0        0x4 ./App/Src/rear_service.o
 .bss.wholePositionVoltage
                0x200000b4        0x4 ./App/Src/rear_service.o
 .bss.sidePositionVoltage
                0x200000b8        0x4 ./App/Src/rear_service.o
 .bss.middleStopVoltage
                0x200000bc        0x4 ./App/Src/rear_service.o
 .bss.directionTimer
                0x200000c0        0x4 ./App/Src/rear_service.o
 .bss.safeStateTimer
                0x200000c4        0x4 ./App/Src/rear_service.o
 .bss.turnStatus
                0x200000c8        0x1 ./App/Src/rear_service.o
 *fill*         0x200000c9        0x3 
 .bss.errorHandler
                0x200000cc       0xb4 ./App/Src/rear_service.o
 .bss.canBuffer
                0x20000180      0x508 ./App/Src/rear_service.o
 .bss.statusFrame
                0x20000688       0x28 ./App/Src/rear_service.o
 .bss.hadc1     0x200006b0       0x50 ./Core/Src/adc.o
                0x200006b0                hadc1
 .bss.hadc2     0x20000700       0x50 ./Core/Src/adc.o
                0x20000700                hadc2
 .bss.HAL_RCC_ADC12_CLK_ENABLED
                0x20000750        0x4 ./Core/Src/adc.o
 .bss.hcan      0x20000754       0x28 ./Core/Src/can.o
                0x20000754                hcan
 .bss.htim1     0x2000077c       0x4c ./Core/Src/tim.o
                0x2000077c                htim1
 .bss.huart1    0x200007c8       0x88 ./Core/Src/usart.o
                0x200007c8                huart1
 .bss.uwTick    0x20000850        0x4 ./Drivers/STM32F3xx_HAL_Driver/Src/stm32f3xx_hal.o
                0x20000850                uwTick
 *(COMMON)
                0x20000854                        . = ALIGN (0x4)
                0x20000854                        _ebss = .
                0x20000854                        __bss_end__ = _ebss

._user_heap_stack
                0x20000854      0x604
                0x20000858                        . = ALIGN (0x8)
 *fill*         0x20000854        0x4 
                [!provide]                        PROVIDE (end = .)
                0x20000858                        PROVIDE (_end = .)
                0x20000a58                        . = (. + _Min_Heap_Size)
 *fill*         0x20000858      0x200 
                0x20000e58                        . = (. + _Min_Stack_Size)
 *fill*         0x20000a58      0x400 
                0x20000e58                        . = ALIGN (0x8)

/DISCARD/
 libc.a(*)
 libm.a(*)
 libgcc.a(*)

.ARM.attributes
                0x00000000       0x30
 *(.ARM.attributes)
 .ARM.attributes
                0x00000000       0x22 C:/ST/STM32CubeIDE_1.19.0/STM32CubeIDE/plugins/com.st.stm32cube.ide.mcu.externaltools.gnu-tools-for-stm32.14.3.rel1.win32_1.0.100.202602081740/tools/bin/../lib/gcc/arm-none-eabi/14.3.1/thumb/v7e-m+fp/hard/crti.o
 .ARM.attributes
                0x00000022       0x34 C:/ST/STM32CubeIDE_1.19.0/STM32CubeIDE/plugins/com.st.stm32cube.ide.mcu.externaltools.gnu-tools-for-stm32.14.3.rel1.win32_1.0.100.202602081740/tools/bin/../lib/gcc/arm-none-eabi/14.3.1/thumb/v7e-m+fp/hard/crtbegin.o
 .ARM.attributes
                0x00000056       0x34 ./App/Eko_Drivers/Src/adc_driver.o
 .ARM.attributes
                0x0000008a       0x34 ./App/Eko_Drivers/Src/adc_utils.o
 .ARM.attributes
                0x000000be       0x34 ./App/Eko_Drivers/Src/can_driver.o
 .ARM.attributes
                0x000000f2       0x34 ./App/Eko_Drivers/Src/error_handler.o
 .ARM.attributes
                0x00000126       0x34 ./App/Src/LF_service.o
 .ARM.attributes
                0x0000015a       0x34 ./App/Src/RF_service.o
 .ARM.attributes
                0x0000018e       0x34 ./App/Src/app.o
 .ARM.attributes
                0x000001c2       0x34 ./App/Src/board_selector.o
 .ARM.attributes
                0x000001f6       0x34 ./App/Src/rear_service.o
 .ARM.attributes
                0x0000022a       0x34 ./Core/Src/adc.o
 .ARM.attributes
                0x0000025e       0x34 ./Core/Src/can.o
 .ARM.attributes
                0x00000292       0x34 ./Core/Src/gpio.o
 .ARM.attributes
                0x000002c6       0x34 ./Core/Src/main.o
 .ARM.attributes
                0x000002fa       0x34 ./Core/Src/stm32f3xx_hal_msp.o
 .ARM.attributes
                0x0000032e       0x34 ./Core/Src/stm32f3xx_it.o
 .ARM.attributes
                0x00000362       0x34 ./Core/Src/system_stm32f3xx.o
 .ARM.attributes
                0x00000396       0x34 ./Core/Src/tim.o
 .ARM.attributes
                0x000003ca       0x34 ./Core/Src/usart.o
 .ARM.attributes
                0x000003fe       0x21 ./Core/Startup/startup_stm32f303k8tx.o
 .ARM.attributes
                0x0000041f       0x34 ./Drivers/STM32F3xx_HAL_Driver/Src/stm32f3xx_hal.o
 .ARM.attributes
                0x00000453       0x34 ./Drivers/STM32F3xx_HAL_Driver/Src/stm32f3xx_hal_adc_ex.o
 .ARM.attributes
                0x00000487       0x34 ./Drivers/STM32F3xx_HAL_Driver/Src/stm32f3xx_hal_can.o
 .ARM.attributes
                0x000004bb       0x34 ./Drivers/STM32F3xx_HAL_Driver/Src/stm32f3xx_hal_cortex.o
 .ARM.attributes
                0x000004ef       0x34 ./Drivers/STM32F3xx_HAL_Driver/Src/stm32f3xx_hal_gpio.o
 .ARM.attributes
                0x00000523       0x34 ./Drivers/STM32F3xx_HAL_Driver/Src/stm32f3xx_hal_rcc.o
 .ARM.attributes
                0x00000557       0x34 ./Drivers/STM32F3xx_HAL_Driver/Src/stm32f3xx_hal_rcc_ex.o
 .ARM.attributes
                0x0000058b       0x34 ./Drivers/STM32F3xx_HAL_Driver/Src/stm32f3xx_hal_tim.o
 .ARM.attributes
                0x000005bf       0x34 ./Drivers/STM32F3xx_HAL_Driver/Src/stm32f3xx_hal_tim_ex.o
 .ARM.attributes
                0x000005f3       0x34 ./Drivers/STM32F3xx_HAL_Driver/Src/stm32f3xx_hal_uart.o
 .ARM.attributes
                0x00000627       0x34 C:/ST/STM32CubeIDE_1.19.0/STM32CubeIDE/plugins/com.st.stm32cube.ide.mcu.externaltools.gnu-tools-for-stm32.14.3.rel1.win32_1.0.100.202602081740/tools/bin/../lib/gcc/arm-none-eabi/14.3.1/../../../../arm-none-eabi/lib/thumb/v7e-m+fp/hard\libc_nano.a(libc_a-memset.o)
 .ARM.attributes
                0x0000065b       0x34 C:/ST/STM32CubeIDE_1.19.0/STM32CubeIDE/plugins/com.st.stm32cube.ide.mcu.externaltools.gnu-tools-for-stm32.14.3.rel1.win32_1.0.100.202602081740/tools/bin/../lib/gcc/arm-none-eabi/14.3.1/../../../../arm-none-eabi/lib/thumb/v7e-m+fp/hard\libc_nano.a(libc_a-init.o)
 .ARM.attributes
                0x0000068f       0x34 C:/ST/STM32CubeIDE_1.19.0/STM32CubeIDE/plugins/com.st.stm32cube.ide.mcu.externaltools.gnu-tools-for-stm32.14.3.rel1.win32_1.0.100.202602081740/tools/bin/../lib/gcc/arm-none-eabi/14.3.1/../../../../arm-none-eabi/lib/thumb/v7e-m+fp/hard\libc_nano.a(libc_a-memcpy-stub.o)
 .ARM.attributes
                0x000006c3       0x22 C:/ST/STM32CubeIDE_1.19.0/STM32CubeIDE/plugins/com.st.stm32cube.ide.mcu.externaltools.gnu-tools-for-stm32.14.3.rel1.win32_1.0.100.202602081740/tools/bin/../lib/gcc/arm-none-eabi/14.3.1/thumb/v7e-m+fp/hard/crtn.o
OUTPUT(ligths-driver.elf elf32-littlearm)
LOAD linker stubs
LOAD C:/ST/STM32CubeIDE_1.19.0/STM32CubeIDE/plugins/com.st.stm32cube.ide.mcu.externaltools.gnu-tools-for-stm32.14.3.rel1.win32_1.0.100.202602081740/tools/bin/../lib/gcc/arm-none-eabi/14.3.1/../../../../arm-none-eabi/lib/thumb/v7e-m+fp/hard\libc.a
LOAD C:/ST/STM32CubeIDE_1.19.0/STM32CubeIDE/plugins/com.st.stm32cube.ide.mcu.externaltools.gnu-tools-for-stm32.14.3.rel1.win32_1.0.100.202602081740/tools/bin/../lib/gcc/arm-none-eabi/14.3.1/../../../../arm-none-eabi/lib/thumb/v7e-m+fp/hard\libm.a
LOAD C:/ST/STM32CubeIDE_1.19.0/STM32CubeIDE/plugins/com.st.stm32cube.ide.mcu.externaltools.gnu-tools-for-stm32.14.3.rel1.win32_1.0.100.202602081740/tools/bin/../lib/gcc/arm-none-eabi/14.3.1/thumb/v7e-m+fp/hard\libgcc.a

.debug_info     0x00000000    0x15aab
 .debug_info    0x00000000      0xba3 ./App/Eko_Drivers/Src/adc_driver.o
 .debug_info    0x00000ba3      0x78d ./App/Eko_Drivers/Src/adc_utils.o
 .debug_info    0x00001330      0x882 ./App/Eko_Drivers/Src/can_driver.o
 .debug_info    0x00001bb2      0xd8f ./App/Eko_Drivers/Src/error_handler.o
 .debug_info    0x00002941       0x91 ./App/Src/LF_service.o
 .debug_info    0x000029d2       0x91 ./App/Src/RF_service.o
 .debug_info    0x00002a63     0x100e ./App/Src/app.o
 .debug_info    0x00003a71      0x783 ./App/Src/board_selector.o
 .debug_info    0x000041f4     0x1186 ./App/Src/rear_service.o
 .debug_info    0x0000537a      0xaf3 ./Core/Src/adc.o
 .debug_info    0x00005e6d      0x8e8 ./Core/Src/can.o
 .debug_info    0x00006755      0x305 ./Core/Src/gpio.o
 .debug_info    0x00006a5a      0x35e ./Core/Src/main.o
 .debug_info    0x00006db8      0x18d ./Core/Src/stm32f3xx_hal_msp.o
 .debug_info    0x00006f45      0x50a ./Core/Src/stm32f3xx_it.o
 .debug_info    0x0000744f      0x407 ./Core/Src/system_stm32f3xx.o
 .debug_info    0x00007856      0x8a0 ./Core/Src/tim.o
 .debug_info    0x000080f6      0x91d ./Core/Src/usart.o
 .debug_info    0x00008a13       0x30 ./Core/Startup/startup_stm32f303k8tx.o
 .debug_info    0x00008a43      0x74a ./Drivers/STM32F3xx_HAL_Driver/Src/stm32f3xx_hal.o
 .debug_info    0x0000918d     0x15b2 ./Drivers/STM32F3xx_HAL_Driver/Src/stm32f3xx_hal_adc_ex.o
 .debug_info    0x0000a73f      0xf02 ./Drivers/STM32F3xx_HAL_Driver/Src/stm32f3xx_hal_can.o
 .debug_info    0x0000b641      0xa87 ./Drivers/STM32F3xx_HAL_Driver/Src/stm32f3xx_hal_cortex.o
 .debug_info    0x0000c0c8      0x6a6 ./Drivers/STM32F3xx_HAL_Driver/Src/stm32f3xx_hal_gpio.o
 .debug_info    0x0000c76e     0x148a ./Drivers/STM32F3xx_HAL_Driver/Src/stm32f3xx_hal_rcc.o
 .debug_info    0x0000dbf8      0x52e ./Drivers/STM32F3xx_HAL_Driver/Src/stm32f3xx_hal_rcc_ex.o
 .debug_info    0x0000e126     0x2a70 ./Drivers/STM32F3xx_HAL_Driver/Src/stm32f3xx_hal_tim.o
 .debug_info    0x00010b96     0x156d ./Drivers/STM32F3xx_HAL_Driver/Src/stm32f3xx_hal_tim_ex.o
 .debug_info    0x00012103     0x39a8 ./Drivers/STM32F3xx_HAL_Driver/Src/stm32f3xx_hal_uart.o

.debug_abbrev   0x00000000     0x35fe
 .debug_abbrev  0x00000000      0x254 ./App/Eko_Drivers/Src/adc_driver.o
 .debug_abbrev  0x00000254      0x17a ./App/Eko_Drivers/Src/adc_utils.o
 .debug_abbrev  0x000003ce      0x227 ./App/Eko_Drivers/Src/can_driver.o
 .debug_abbrev  0x000005f5      0x262 ./App/Eko_Drivers/Src/error_handler.o
 .debug_abbrev  0x00000857       0x45 ./App/Src/LF_service.o
 .debug_abbrev  0x0000089c       0x45 ./App/Src/RF_service.o
 .debug_abbrev  0x000008e1      0x2b0 ./App/Src/app.o
 .debug_abbrev  0x00000b91      0x175 ./App/Src/board_selector.o
 .debug_abbrev  0x00000d06      0x28b ./App/Src/rear_service.o
 .debug_abbrev  0x00000f91      0x209 ./Core/Src/adc.o
 .debug_abbrev  0x0000119a      0x207 ./Core/Src/can.o
 .debug_abbrev  0x000013a1      0x151 ./Core/Src/gpio.o
 .debug_abbrev  0x000014f2      0x192 ./Core/Src/main.o
 .debug_abbrev  0x00001684       0xc6 ./Core/Src/stm32f3xx_hal_msp.o
 .debug_abbrev  0x0000174a      0x15b ./Core/Src/stm32f3xx_it.o
 .debug_abbrev  0x000018a5      0x11a ./Core/Src/system_stm32f3xx.o
 .debug_abbrev  0x000019bf      0x1d8 ./Core/Src/tim.o
 .debug_abbrev  0x00001b97      0x1f5 ./Core/Src/usart.o
 .debug_abbrev  0x00001d8c       0x24 ./Core/Startup/startup_stm32f303k8tx.o
 .debug_abbrev  0x00001db0      0x215 ./Drivers/STM32F3xx_HAL_Driver/Src/stm32f3xx_hal.o
 .debug_abbrev  0x00001fc5      0x28e ./Drivers/STM32F3xx_HAL_Driver/Src/stm32f3xx_hal_adc_ex.o
 .debug_abbrev  0x00002253      0x1fc ./Drivers/STM32F3xx_HAL_Driver/Src/stm32f3xx_hal_can.o
 .debug_abbrev  0x0000244f      0x2f8 ./Drivers/STM32F3xx_HAL_Driver/Src/stm32f3xx_hal_cortex.o
 .debug_abbrev  0x00002747      0x1ca ./Drivers/STM32F3xx_HAL_Driver/Src/stm32f3xx_hal_gpio.o
 .debug_abbrev  0x00002911      0x300 ./Drivers/STM32F3xx_HAL_Driver/Src/stm32f3xx_hal_rcc.o
 .debug_abbrev  0x00002c11      0x221 ./Drivers/STM32F3xx_HAL_Driver/Src/stm32f3xx_hal_rcc_ex.o
 .debug_abbrev  0x00002e32      0x278 ./Drivers/STM32F3xx_HAL_Driver/Src/stm32f3xx_hal_tim.o
 .debug_abbrev  0x000030aa      0x283 ./Drivers/STM32F3xx_HAL_Driver/Src/stm32f3xx_hal_tim_ex.o
 .debug_abbrev  0x0000332d      0x2d1 ./Drivers/STM32F3xx_HAL_Driver/Src/stm32f3xx_hal_uart.o

.debug_aranges  0x00000000     0x1170
 .debug_aranges
                0x00000000       0x68 ./App/Eko_Drivers/Src/adc_driver.o
 .debug_aranges
                0x00000068       0x40 ./App/Eko_Drivers/Src/adc_utils.o
 .debug_aranges
                0x000000a8       0x38 ./App/Eko_Drivers/Src/can_driver.o
 .debug_aranges
                0x000000e0       0x98 ./App/Eko_Drivers/Src/error_handler.o
 .debug_aranges
                0x00000178       0x20 ./App/Src/LF_service.o
 .debug_aranges
                0x00000198       0x20 ./App/Src/RF_service.o
 .debug_aranges
                0x000001b8       0x38 ./App/Src/app.o
 .debug_aranges
                0x000001f0       0x20 ./App/Src/board_selector.o
 .debug_aranges
                0x00000210       0x50 ./App/Src/rear_service.o
 .debug_aranges
                0x00000260       0x38 ./Core/Src/adc.o
 .debug_aranges
                0x00000298       0x30 ./Core/Src/can.o
 .debug_aranges
                0x000002c8       0x20 ./Core/Src/gpio.o
 .debug_aranges
                0x000002e8       0x30 ./Core/Src/main.o
 .debug_aranges
                0x00000318       0x20 ./Core/Src/stm32f3xx_hal_msp.o
 .debug_aranges
                0x00000338       0x70 ./Core/Src/stm32f3xx_it.o
 .debug_aranges
                0x000003a8       0x28 ./Core/Src/system_stm32f3xx.o
 .debug_aranges
                0x000003d0       0x30 ./Core/Src/tim.o
 .debug_aranges
                0x00000400       0x30 ./Core/Src/usart.o
 .debug_aranges
                0x00000430       0x28 ./Core/Startup/startup_stm32f303k8tx.o
 .debug_aranges
                0x00000458       0xe0 ./Drivers/STM32F3xx_HAL_Driver/Src/stm32f3xx_hal.o
 .debug_aranges
                0x00000538      0x168 ./Drivers/STM32F3xx_HAL_Driver/Src/stm32f3xx_hal_adc_ex.o
 .debug_aranges
                0x000006a0      0x138 ./Drivers/STM32F3xx_HAL_Driver/Src/stm32f3xx_hal_can.o
 .debug_aranges
                0x000007d8      0x100 ./Drivers/STM32F3xx_HAL_Driver/Src/stm32f3xx_hal_cortex.o
 .debug_aranges
                0x000008d8       0x58 ./Drivers/STM32F3xx_HAL_Driver/Src/stm32f3xx_hal_gpio.o
 .debug_aranges
                0x00000930       0x88 ./Drivers/STM32F3xx_HAL_Driver/Src/stm32f3xx_hal_rcc.o
 .debug_aranges
                0x000009b8       0x38 ./Drivers/STM32F3xx_HAL_Driver/Src/stm32f3xx_hal_rcc_ex.o
 .debug_aranges
                0x000009f0      0x3e0 ./Drivers/STM32F3xx_HAL_Driver/Src/stm32f3xx_hal_tim.o
 .debug_aranges
                0x00000dd0      0x178 ./Drivers/STM32F3xx_HAL_Driver/Src/stm32f3xx_hal_tim_ex.o
 .debug_aranges
                0x00000f48      0x228 ./Drivers/STM32F3xx_HAL_Driver/Src/stm32f3xx_hal_uart.o

.debug_rnglists
                0x00000000      0xdaf
 .debug_rnglists
                0x00000000       0x4d ./App/Eko_Drivers/Src/adc_driver.o
 .debug_rnglists
                0x0000004d       0x2b ./App/Eko_Drivers/Src/adc_utils.o
 .debug_rnglists
                0x00000078       0x51 ./App/Eko_Drivers/Src/can_driver.o
 .debug_rnglists
                0x000000c9       0x84 ./App/Eko_Drivers/Src/error_handler.o
 .debug_rnglists
                0x0000014d       0x13 ./App/Src/LF_service.o
 .debug_rnglists
                0x00000160       0x13 ./App/Src/RF_service.o
 .debug_rnglists
                0x00000173       0x28 ./App/Src/app.o
 .debug_rnglists
                0x0000019b       0x14 ./App/Src/board_selector.o
 .debug_rnglists
                0x000001af       0x3d ./App/Src/rear_service.o
 .debug_rnglists
                0x000001ec       0x29 ./Core/Src/adc.o
 .debug_rnglists
                0x00000215       0x20 ./Core/Src/can.o
 .debug_rnglists
                0x00000235       0x14 ./Core/Src/gpio.o
 .debug_rnglists
                0x00000249       0x20 ./Core/Src/main.o
 .debug_rnglists
                0x00000269       0x13 ./Core/Src/stm32f3xx_hal_msp.o
 .debug_rnglists
                0x0000027c       0x4f ./Core/Src/stm32f3xx_it.o
 .debug_rnglists
                0x000002cb       0x1a ./Core/Src/system_stm32f3xx.o
 .debug_rnglists
                0x000002e5       0x20 ./Core/Src/tim.o
 .debug_rnglists
                0x00000305       0x20 ./Core/Src/usart.o
 .debug_rnglists
                0x00000325       0x19 ./Core/Startup/startup_stm32f303k8tx.o
 .debug_rnglists
                0x0000033e       0xa3 ./Drivers/STM32F3xx_HAL_Driver/Src/stm32f3xx_hal.o
 .debug_rnglists
                0x000003e1      0x126 ./Drivers/STM32F3xx_HAL_Driver/Src/stm32f3xx_hal_adc_ex.o
 .debug_rnglists
                0x00000507       0xee ./Drivers/STM32F3xx_HAL_Driver/Src/stm32f3xx_hal_can.o
 .debug_rnglists
                0x000005f5       0xbb ./Drivers/STM32F3xx_HAL_Driver/Src/stm32f3xx_hal_cortex.o
 .debug_rnglists
                0x000006b0       0x3f ./Drivers/STM32F3xx_HAL_Driver/Src/stm32f3xx_hal_gpio.o
 .debug_rnglists
                0x000006ef       0x66 ./Drivers/STM32F3xx_HAL_Driver/Src/stm32f3xx_hal_rcc.o
 .debug_rnglists
                0x00000755       0x27 ./Drivers/STM32F3xx_HAL_Driver/Src/stm32f3xx_hal_rcc_ex.o
 .debug_rnglists
                0x0000077c      0x328 ./Drivers/STM32F3xx_HAL_Driver/Src/stm32f3xx_hal_tim.o
 .debug_rnglists
                0x00000aa4      0x131 ./Drivers/STM32F3xx_HAL_Driver/Src/stm32f3xx_hal_tim_ex.o
 .debug_rnglists
                0x00000bd5      0x1da ./Drivers/STM32F3xx_HAL_Driver/Src/stm32f3xx_hal_uart.o

.debug_macro    0x00000000    0x1e9b5
 .debug_macro   0x00000000      0x222 ./App/Eko_Drivers/Src/adc_driver.o
 .debug_macro   0x00000222      0xad8 ./App/Eko_Drivers/Src/adc_driver.o
 .debug_macro   0x00000cfa       0x22 ./App/Eko_Drivers/Src/adc_driver.o
 .debug_macro   0x00000d1c       0x8e ./App/Eko_Drivers/Src/adc_driver.o
 .debug_macro   0x00000daa       0x51 ./App/Eko_Drivers/Src/adc_driver.o
 .debug_macro   0x00000dfb      0x103 ./App/Eko_Drivers/Src/adc_driver.o
 .debug_macro   0x00000efe       0x6a ./App/Eko_Drivers/Src/adc_driver.o
 .debug_macro   0x00000f68      0x1df ./App/Eko_Drivers/Src/adc_driver.o
 .debug_macro   0x00001147       0x10 ./App/Eko_Drivers/Src/adc_driver.o
 .debug_macro   0x00001157      0x16a ./App/Eko_Drivers/Src/adc_driver.o
 .debug_macro   0x000012c1       0x2e ./App/Eko_Drivers/Src/adc_driver.o
 .debug_macro   0x000012ef       0x28 ./App/Eko_Drivers/Src/adc_driver.o
 .debug_macro   0x00001317       0x1c ./App/Eko_Drivers/Src/adc_driver.o
 .debug_macro   0x00001333       0x22 ./App/Eko_Drivers/Src/adc_driver.o
 .debug_macro   0x00001355       0xd9 ./App/Eko_Drivers/Src/adc_driver.o
 .debug_macro   0x0000142e      0xf07 ./App/Eko_Drivers/Src/adc_driver.o
 .debug_macro   0x00002335    0x10be0 ./App/Eko_Drivers/Src/adc_driver.o
 .debug_macro   0x00012f15       0x6d ./App/Eko_Drivers/Src/adc_driver.o
 .debug_macro   0x00012f82     0x3574 ./App/Eko_Drivers/Src/adc_driver.o
 .debug_macro   0x000164f6      0x190 ./App/Eko_Drivers/Src/adc_driver.o
 .debug_macro   0x00016686       0x55 ./App/Eko_Drivers/Src/adc_driver.o
 .debug_macro   0x000166db      0x8f8 ./App/Eko_Drivers/Src/adc_driver.o
 .debug_macro   0x00016fd3      0x304 ./App/Eko_Drivers/Src/adc_driver.o
 .debug_macro   0x000172d7      0x1b5 ./App/Eko_Drivers/Src/adc_driver.o
 .debug_macro   0x0001748c      0x11b ./App/Eko_Drivers/Src/adc_driver.o
 .debug_macro   0x000175a7      0x1d5 ./App/Eko_Drivers/Src/adc_driver.o
 .debug_macro   0x0001777c      0x1bc ./App/Eko_Drivers/Src/adc_driver.o
 .debug_macro   0x00017938       0x34 ./App/Eko_Drivers/Src/adc_driver.o
 .debug_macro   0x0001796c       0x3c ./App/Eko_Drivers/Src/adc_driver.o
 .debug_macro   0x000179a8       0x57 ./App/Eko_Drivers/Src/adc_driver.o
 .debug_macro   0x000179ff      0x87d ./App/Eko_Drivers/Src/adc_driver.o
 .debug_macro   0x0001827c       0x77 ./App/Eko_Drivers/Src/adc_driver.o
 .debug_macro   0x000182f3      0x408 ./App/Eko_Drivers/Src/adc_driver.o
 .debug_macro   0x000186fb       0xc5 ./App/Eko_Drivers/Src/adc_driver.o
 .debug_macro   0x000187c0      0x19f ./App/Eko_Drivers/Src/adc_driver.o
 .debug_macro   0x0001895f      0x22c ./App/Eko_Drivers/Src/adc_driver.o
 .debug_macro   0x00018b8b       0x5b ./App/Eko_Drivers/Src/adc_driver.o
 .debug_macro   0x00018be6       0xa5 ./App/Eko_Drivers/Src/adc_driver.o
 .debug_macro   0x00018c8b       0x81 ./App/Eko_Drivers/Src/adc_driver.o
 .debug_macro   0x00018d0c       0xd3 ./App/Eko_Drivers/Src/adc_driver.o
 .debug_macro   0x00018ddf      0xa60 ./App/Eko_Drivers/Src/adc_driver.o
 .debug_macro   0x0001983f       0x59 ./App/Eko_Drivers/Src/adc_driver.o
 .debug_macro   0x00019898      0x5ba ./App/Eko_Drivers/Src/adc_driver.o
 .debug_macro   0x00019e52       0x44 ./App/Eko_Drivers/Src/adc_driver.o
 .debug_macro   0x00019e96      0x285 ./App/Eko_Drivers/Src/adc_driver.o
 .debug_macro   0x0001a11b       0x52 ./App/Eko_Drivers/Src/adc_driver.o
 .debug_macro   0x0001a16d       0x22 ./App/Eko_Drivers/Src/adc_driver.o
 .debug_macro   0x0001a18f       0x10 ./App/Eko_Drivers/Src/adc_driver.o
 .debug_macro   0x0001a19f      0x20a ./App/Eko_Drivers/Src/adc_utils.o
 .debug_macro   0x0001a3a9      0x2fb ./App/Eko_Drivers/Src/can_driver.o
 .debug_macro   0x0001a6a4       0x22 ./App/Eko_Drivers/Src/can_driver.o
 .debug_macro   0x0001a6c6       0x61 ./App/Eko_Drivers/Src/can_driver.o
 .debug_macro   0x0001a727       0x2a ./App/Eko_Drivers/Src/can_driver.o
 .debug_macro   0x0001a751       0x43 ./App/Eko_Drivers/Src/can_driver.o
 .debug_macro   0x0001a794       0x34 ./App/Eko_Drivers/Src/can_driver.o
 .debug_macro   0x0001a7c8       0x16 ./App/Eko_Drivers/Src/can_driver.o
 .debug_macro   0x0001a7de       0x3c ./App/Eko_Drivers/Src/can_driver.o
 .debug_macro   0x0001a81a      0x364 ./App/Eko_Drivers/Src/can_driver.o
 .debug_macro   0x0001ab7e       0x10 ./App/Eko_Drivers/Src/can_driver.o
 .debug_macro   0x0001ab8e       0x16 ./App/Eko_Drivers/Src/can_driver.o
 .debug_macro   0x0001aba4       0x4a ./App/Eko_Drivers/Src/can_driver.o
 .debug_macro   0x0001abee       0x34 ./App/Eko_Drivers/Src/can_driver.o
 .debug_macro   0x0001ac22       0x10 ./App/Eko_Drivers/Src/can_driver.o
 .debug_macro   0x0001ac32       0x58 ./App/Eko_Drivers/Src/can_driver.o
 .debug_macro   0x0001ac8a       0x8e ./App/Eko_Drivers/Src/can_driver.o
 .debug_macro   0x0001ad18       0x1c ./App/Eko_Drivers/Src/can_driver.o
 .debug_macro   0x0001ad34      0x17e ./App/Eko_Drivers/Src/can_driver.o
 .debug_macro   0x0001aeb2       0x16 ./App/Eko_Drivers/Src/can_driver.o
 .debug_macro   0x0001aec8       0x16 ./App/Eko_Drivers/Src/can_driver.o
 .debug_macro   0x0001aede      0x146 ./App/Eko_Drivers/Src/can_driver.o
 .debug_macro   0x0001b024       0x1c ./App/Eko_Drivers/Src/can_driver.o
 .debug_macro   0x0001b040       0x28 ./App/Eko_Drivers/Src/can_driver.o
 .debug_macro   0x0001b068      0x321 ./App/Eko_Drivers/Src/error_handler.o
 .debug_macro   0x0001b389       0x16 ./App/Eko_Drivers/Src/error_handler.o
 .debug_macro   0x0001b39f       0x20 ./App/Eko_Drivers/Src/error_handler.o
 .debug_macro   0x0001b3bf      0x214 ./App/Src/LF_service.o
 .debug_macro   0x0001b5d3       0x70 ./App/Src/LF_service.o
 .debug_macro   0x0001b643      0x214 ./App/Src/RF_service.o
 .debug_macro   0x0001b857      0x376 ./App/Src/app.o
 .debug_macro   0x0001bbcd       0x22 ./App/Src/app.o
 .debug_macro   0x0001bbef       0xbe ./App/Src/app.o
 .debug_macro   0x0001bcad      0x2dc ./App/Src/board_selector.o
 .debug_macro   0x0001bf89      0x346 ./App/Src/rear_service.o
 .debug_macro   0x0001c2cf       0xb8 ./App/Src/rear_service.o
 .debug_macro   0x0001c387       0x76 ./App/Src/rear_service.o
 .debug_macro   0x0001c3fd      0x1fc ./Core/Src/adc.o
 .debug_macro   0x0001c5f9      0x1fc ./Core/Src/can.o
 .debug_macro   0x0001c7f5      0x1fc ./Core/Src/gpio.o
 .debug_macro   0x0001c9f1      0x240 ./Core/Src/main.o
 .debug_macro   0x0001cc31      0x1f2 ./Core/Src/stm32f3xx_hal_msp.o
 .debug_macro   0x0001ce23      0x1fc ./Core/Src/stm32f3xx_it.o
 .debug_macro   0x0001d01f      0x1e8 ./Core/Src/system_stm32f3xx.o
 .debug_macro   0x0001d207      0x1fc ./Core/Src/tim.o
 .debug_macro   0x0001d403      0x1fc ./Core/Src/usart.o
 .debug_macro   0x0001d5ff      0x20c ./Drivers/STM32F3xx_HAL_Driver/Src/stm32f3xx_hal.o
 .debug_macro   0x0001d80b      0x212 ./Drivers/STM32F3xx_HAL_Driver/Src/stm32f3xx_hal_adc_ex.o
 .debug_macro   0x0001da1d      0x1f7 ./Drivers/STM32F3xx_HAL_Driver/Src/stm32f3xx_hal_can.o
 .debug_macro   0x0001dc14      0x1e8 ./Drivers/STM32F3xx_HAL_Driver/Src/stm32f3xx_hal_cortex.o
 .debug_macro   0x0001ddfc      0x1ef ./Drivers/STM32F3xx_HAL_Driver/Src/stm32f3xx_hal_gpio.o
 .debug_macro   0x0001dfeb      0x20c ./Drivers/STM32F3xx_HAL_Driver/Src/stm32f3xx_hal_rcc.o
 .debug_macro   0x0001e1f7      0x1e8 ./Drivers/STM32F3xx_HAL_Driver/Src/stm32f3xx_hal_rcc_ex.o
 .debug_macro   0x0001e3df      0x1e9 ./Drivers/STM32F3xx_HAL_Driver/Src/stm32f3xx_hal_tim.o
 .debug_macro   0x0001e5c8      0x1e8 ./Drivers/STM32F3xx_HAL_Driver/Src/stm32f3xx_hal_tim_ex.o
 .debug_macro   0x0001e7b0      0x205 ./Drivers/STM32F3xx_HAL_Driver/Src/stm32f3xx_hal_uart.o

.debug_line     0x00000000    0x1a7ea
 .debug_line    0x00000000      0xbac ./App/Eko_Drivers/Src/adc_driver.o
 .debug_line    0x00000bac      0x8dc ./App/Eko_Drivers/Src/adc_utils.o
 .debug_line    0x00001488      0xb63 ./App/Eko_Drivers/Src/can_driver.o
 .debug_line    0x00001feb      0xf5a ./App/Eko_Drivers/Src/error_handler.o
 .debug_line    0x00002f45      0x7ff ./App/Src/LF_service.o
 .debug_line    0x00003744      0x7ff ./App/Src/RF_service.o
 .debug_line    0x00003f43      0xcbd ./App/Src/app.o
 .debug_line    0x00004c00      0x9db ./App/Src/board_selector.o
 .debug_line    0x000055db      0xd68 ./App/Src/rear_service.o
 .debug_line    0x00006343      0x96e ./Core/Src/adc.o
 .debug_line    0x00006cb1      0x82a ./Core/Src/can.o
 .debug_line    0x000074db      0x7db ./Core/Src/gpio.o
 .debug_line    0x00007cb6      0x8b6 ./Core/Src/main.o
 .debug_line    0x0000856c      0x7b2 ./Core/Src/stm32f3xx_hal_msp.o
 .debug_line    0x00008d1e      0x891 ./Core/Src/stm32f3xx_it.o
 .debug_line    0x000095af      0x82c ./Core/Src/system_stm32f3xx.o
 .debug_line    0x00009ddb      0x82d ./Core/Src/tim.o
 .debug_line    0x0000a608      0x826 ./Core/Src/usart.o
 .debug_line    0x0000ae2e       0x7a ./Core/Startup/startup_stm32f303k8tx.o
 .debug_line    0x0000aea8      0xa6b ./Drivers/STM32F3xx_HAL_Driver/Src/stm32f3xx_hal.o
 .debug_line    0x0000b913     0x2011 ./Drivers/STM32F3xx_HAL_Driver/Src/stm32f3xx_hal_adc_ex.o
 .debug_line    0x0000d924     0x1259 ./Drivers/STM32F3xx_HAL_Driver/Src/stm32f3xx_hal_can.o
 .debug_line    0x0000eb7d      0xc2c ./Drivers/STM32F3xx_HAL_Driver/Src/stm32f3xx_hal_cortex.o
 .debug_line    0x0000f7a9      0xb9f ./Drivers/STM32F3xx_HAL_Driver/Src/stm32f3xx_hal_gpio.o
 .debug_line    0x00010348     0x15c8 ./Drivers/STM32F3xx_HAL_Driver/Src/stm32f3xx_hal_rcc.o
 .debug_line    0x00011910      0xb28 ./Drivers/STM32F3xx_HAL_Driver/Src/stm32f3xx_hal_rcc_ex.o
 .debug_line    0x00012438     0x3d39 ./Drivers/STM32F3xx_HAL_Driver/Src/stm32f3xx_hal_tim.o
 .debug_line    0x00016171     0x1a27 ./Drivers/STM32F3xx_HAL_Driver/Src/stm32f3xx_hal_tim_ex.o
 .debug_line    0x00017b98     0x2c52 ./Drivers/STM32F3xx_HAL_Driver/Src/stm32f3xx_hal_uart.o

.debug_str      0x00000000    0xb00a9
 .debug_str     0x00000000    0xb00a9 ./App/Eko_Drivers/Src/adc_driver.o
                              0xa6d3c (size before relaxing)
 .debug_str     0x000b00a9    0xa6a39 ./App/Eko_Drivers/Src/adc_utils.o
 .debug_str     0x000b00a9    0xaa2bf ./App/Eko_Drivers/Src/can_driver.o
 .debug_str     0x000b00a9    0xaa4d7 ./App/Eko_Drivers/Src/error_handler.o
 .debug_str     0x000b00a9    0xa6639 ./App/Src/LF_service.o
 .debug_str     0x000b00a9    0xa6639 ./App/Src/RF_service.o
 .debug_str     0x000b00a9    0xab111 ./App/Src/app.o
 .debug_str     0x000b00a9    0xaa569 ./App/Src/board_selector.o
 .debug_str     0x000b00a9    0xab0ee ./App/Src/rear_service.o
 .debug_str     0x000b00a9    0xa6ac4 ./Core/Src/adc.o
 .debug_str     0x000b00a9    0xa6b54 ./Core/Src/can.o
 .debug_str     0x000b00a9    0xa6542 ./Core/Src/gpio.o
 .debug_str     0x000b00a9    0xa6925 ./Core/Src/main.o
 .debug_str     0x000b00a9    0xa6477 ./Core/Src/stm32f3xx_hal_msp.o
 .debug_str     0x000b00a9    0xa677e ./Core/Src/stm32f3xx_it.o
 .debug_str     0x000b00a9    0xa6535 ./Core/Src/system_stm32f3xx.o
 .debug_str     0x000b00a9    0xa6b02 ./Core/Src/tim.o
 .debug_str     0x000b00a9    0xa69ca ./Core/Src/usart.o
 .debug_str     0x000b00a9       0x74 ./Core/Startup/startup_stm32f303k8tx.o
 .debug_str     0x000b00a9    0xa6c25 ./Drivers/STM32F3xx_HAL_Driver/Src/stm32f3xx_hal.o
 .debug_str     0x000b00a9    0xa723b ./Drivers/STM32F3xx_HAL_Driver/Src/stm32f3xx_hal_adc_ex.o
 .debug_str     0x000b00a9    0xa6cc4 ./Drivers/STM32F3xx_HAL_Driver/Src/stm32f3xx_hal_can.o
 .debug_str     0x000b00a9    0xa6b4a ./Drivers/STM32F3xx_HAL_Driver/Src/stm32f3xx_hal_cortex.o
 .debug_str     0x000b00a9    0xa6714 ./Drivers/STM32F3xx_HAL_Driver/Src/stm32f3xx_hal_gpio.o
 .debug_str     0x000b00a9    0xa69d5 ./Drivers/STM32F3xx_HAL_Driver/Src/stm32f3xx_hal_rcc.o
 .debug_str     0x000b00a9    0xa66d4 ./Drivers/STM32F3xx_HAL_Driver/Src/stm32f3xx_hal_rcc_ex.o
 .debug_str     0x000b00a9    0xa796c ./Drivers/STM32F3xx_HAL_Driver/Src/stm32f3xx_hal_tim.o
 .debug_str     0x000b00a9    0xa71b2 ./Drivers/STM32F3xx_HAL_Driver/Src/stm32f3xx_hal_tim_ex.o
 .debug_str     0x000b00a9    0xa7258 ./Drivers/STM32F3xx_HAL_Driver/Src/stm32f3xx_hal_uart.o

.comment        0x00000000       0x43
 .comment       0x00000000       0x43 ./App/Eko_Drivers/Src/adc_driver.o
                                 0x44 (size before relaxing)
 .comment       0x00000043       0x44 ./App/Eko_Drivers/Src/adc_utils.o
 .comment       0x00000043       0x44 ./App/Eko_Drivers/Src/can_driver.o
 .comment       0x00000043       0x44 ./App/Eko_Drivers/Src/error_handler.o
 .comment       0x00000043       0x44 ./App/Src/LF_service.o
 .comment       0x00000043       0x44 ./App/Src/RF_service.o
 .comment       0x00000043       0x44 ./App/Src/app.o
 .comment       0x00000043       0x44 ./App/Src/board_selector.o
 .comment       0x00000043       0x44 ./App/Src/rear_service.o
 .comment       0x00000043       0x44 ./Core/Src/adc.o
 .comment       0x00000043       0x44 ./Core/Src/can.o
 .comment       0x00000043       0x44 ./Core/Src/gpio.o
 .comment       0x00000043       0x44 ./Core/Src/main.o
 .comment       0x00000043       0x44 ./Core/Src/stm32f3xx_hal_msp.o
 .comment       0x00000043       0x44 ./Core/Src/stm32f3xx_it.o
 .comment       0x00000043       0x44 ./Core/Src/system_stm32f3xx.o
 .comment       0x00000043       0x44 ./Core/Src/tim.o
 .comment       0x00000043       0x44 ./Core/Src/usart.o
 .comment       0x00000043       0x44 ./Drivers/STM32F3xx_HAL_Driver/Src/stm32f3xx_hal.o
 .comment       0x00000043       0x44 ./Drivers/STM32F3xx_HAL_Driver/Src/stm32f3xx_hal_adc_ex.o
 .comment       0x00000043       0x44 ./Drivers/STM32F3xx_HAL_Driver/Src/stm32f3xx_hal_can.o
 .comment       0x00000043       0x44 ./Drivers/STM32F3xx_HAL_Driver/Src/stm32f3xx_hal_cortex.o
 .comment       0x00000043       0x44 ./Drivers/STM32F3xx_HAL_Driver/Src/stm32f3xx_hal_gpio.o
 .comment       0x00000043       0x44 ./Drivers/STM32F3xx_HAL_Driver/Src/stm32f3xx_hal_rcc.o
 .comment       0x00000043       0x44 ./Drivers/STM32F3xx_HAL_Driver/Src/stm32f3xx_hal_rcc_ex.o
 .comment       0x00000043       0x44 ./Drivers/STM32F3xx_HAL_Driver/Src/stm32f3xx_hal_tim.o
 .comment       0x00000043       0x44 ./Drivers/STM32F3xx_HAL_Driver/Src/stm32f3xx_hal_tim_ex.o
 .comment       0x00000043       0x44 ./Drivers/STM32F3xx_HAL_Driver/Src/stm32f3xx_hal_uart.o

.debug_frame    0x00000000     0x430c
 .debug_frame   0x00000000      0x188 ./App/Eko_Drivers/Src/adc_driver.o
 .debug_frame   0x00000188       0xc4 ./App/Eko_Drivers/Src/adc_utils.o
 .debug_frame   0x0000024c       0xac ./App/Eko_Drivers/Src/can_driver.o
 .debug_frame   0x000002f8      0x254 ./App/Eko_Drivers/Src/error_handler.o
 .debug_frame   0x0000054c       0x2c ./App/Src/LF_service.o
 .debug_frame   0x00000578       0x2c ./App/Src/RF_service.o
 .debug_frame   0x000005a4       0xa0 ./App/Src/app.o
 .debug_frame   0x00000644       0x34 ./App/Src/board_selector.o
 .debug_frame   0x00000678      0x108 ./App/Src/rear_service.o
 .debug_frame   0x00000780       0xa0 ./Core/Src/adc.o
 .debug_frame   0x00000820       0x74 ./Core/Src/can.o
 .debug_frame   0x00000894       0x34 ./Core/Src/gpio.o
 .debug_frame   0x000008c8       0x68 ./Core/Src/main.o
 .debug_frame   0x00000930       0x34 ./Core/Src/stm32f3xx_hal_msp.o
 .debug_frame   0x00000964      0x130 ./Core/Src/stm32f3xx_it.o
 .debug_frame   0x00000a94       0x50 ./Core/Src/system_stm32f3xx.o
 .debug_frame   0x00000ae4       0x7c ./Core/Src/tim.o
 .debug_frame   0x00000b60       0x74 ./Core/Src/usart.o
 .debug_frame   0x00000bd4      0x2e4 ./Drivers/STM32F3xx_HAL_Driver/Src/stm32f3xx_hal.o
 .debug_frame   0x00000eb8      0x604 ./Drivers/STM32F3xx_HAL_Driver/Src/stm32f3xx_hal_adc_ex.o
 .debug_frame   0x000014bc      0x524 ./Drivers/STM32F3xx_HAL_Driver/Src/stm32f3xx_hal_can.o
 .debug_frame   0x000019e0      0x3f0 ./Drivers/STM32F3xx_HAL_Driver/Src/stm32f3xx_hal_cortex.o
 .debug_frame   0x00001dd0      0x130 ./Drivers/STM32F3xx_HAL_Driver/Src/stm32f3xx_hal_gpio.o
 .debug_frame   0x00001f00      0x1f8 ./Drivers/STM32F3xx_HAL_Driver/Src/stm32f3xx_hal_rcc.o
 .debug_frame   0x000020f8       0xa4 ./Drivers/STM32F3xx_HAL_Driver/Src/stm32f3xx_hal_rcc_ex.o
 .debug_frame   0x0000219c     0x1140 ./Drivers/STM32F3xx_HAL_Driver/Src/stm32f3xx_hal_tim.o
 .debug_frame   0x000032dc      0x648 ./Drivers/STM32F3xx_HAL_Driver/Src/stm32f3xx_hal_tim_ex.o
 .debug_frame   0x00003924      0x974 ./Drivers/STM32F3xx_HAL_Driver/Src/stm32f3xx_hal_uart.o
 .debug_frame   0x00004298       0x20 C:/ST/STM32CubeIDE_1.19.0/STM32CubeIDE/plugins/com.st.stm32cube.ide.mcu.externaltools.gnu-tools-for-stm32.14.3.rel1.win32_1.0.100.202602081740/tools/bin/../lib/gcc/arm-none-eabi/14.3.1/../../../../arm-none-eabi/lib/thumb/v7e-m+fp/hard\libc_nano.a(libc_a-memset.o)
 .debug_frame   0x000042b8       0x2c C:/ST/STM32CubeIDE_1.19.0/STM32CubeIDE/plugins/com.st.stm32cube.ide.mcu.externaltools.gnu-tools-for-stm32.14.3.rel1.win32_1.0.100.202602081740/tools/bin/../lib/gcc/arm-none-eabi/14.3.1/../../../../arm-none-eabi/lib/thumb/v7e-m+fp/hard\libc_nano.a(libc_a-init.o)
 .debug_frame   0x000042e4       0x28 C:/ST/STM32CubeIDE_1.19.0/STM32CubeIDE/plugins/com.st.stm32cube.ide.mcu.externaltools.gnu-tools-for-stm32.14.3.rel1.win32_1.0.100.202602081740/tools/bin/../lib/gcc/arm-none-eabi/14.3.1/../../../../arm-none-eabi/lib/thumb/v7e-m+fp/hard\libc_nano.a(libc_a-memcpy-stub.o)

.debug_line_str
                0x00000000       0x58
 .debug_line_str
                0x00000000       0x58 ./Core/Startup/startup_stm32f303k8tx.o
