../App/Src/global_variables.c:20:6:setIndicatorChangeFlagTrue	4	static
../App/Src/global_variables.c:21:6:setIndicatorChangeFlagFalse	4	static
../App/Src/global_variables.c:22:6:getIndicatorChangeFlag	4	static
../App/Src/global_variables.c:24:6:setReverseStatusTrue	4	static
../App/Src/global_variables.c:25:6:setReverseStatusFalse	4	static
../App/Src/global_variables.c:26:6:getReverseStatus	4	static
../App/Src/global_variables.c:28:6:setEmergencyStatusTrue	4	static
../App/Src/global_variables.c:29:6:setEmergencyStatusFalse	4	static
../App/Src/global_variables.c:30:6:getEmergencyStatus	4	static
../App/Src/global_variables.c:32:6:setBrakeStatusTrue	4	static
../App/Src/global_variables.c:33:6:setBrakeStatusFalse	4	static
../App/Src/global_variables.c:34:6:getBrakeStatus	4	static
../App/Src/global_variables.c:36:6:setPositionStatusTrue	4	static
../App/Src/global_variables.c:37:6:setPositionStatusFalse	4	static
../App/Src/global_variables.c:38:6:getPositionStatus	4	static
../App/Src/global_variables.c:40:6:setLowBeamStatusTrue	4	static
../App/Src/global_variables.c:41:6:setLowBeamStatusFalse	4	static
../App/Src/global_variables.c:42:6:getLowBeamStatus	4	static
../App/Src/global_variables.c:44:6:setHighBeamStatusTrue	4	static
../App/Src/global_variables.c:45:6:setHighBeamStatusFalse	4	static
../App/Src/global_variables.c:46:6:getHighBeamStatus	4	static
../App/Src/global_variables.c:48:6:setRightTurnStatusTrue	4	static
../App/Src/global_variables.c:49:6:setRightTurnStatusFalse	4	static
../App/Src/global_variables.c:50:6:getRightTurnStatus	4	static
../App/Src/global_variables.c:52:6:setLeftTurnStatusTrue	4	static
../App/Src/global_variables.c:53:6:setLeftTurnStatusFalse	4	static
../App/Src/global_variables.c:54:6:getLeftTurnStatus	4	static
../App/Src/global_variables.c:56:6:setSafeStateStatusTrue	4	static
../App/Src/global_variables.c:57:6:setSafeStateStatusFalse	4	static
../App/Src/global_variables.c:58:6:getSafeStateStatus	4	static
../App/Src/global_variables.c:60:6:setBrakeChangeFlagTrue	4	static
../App/Src/global_variables.c:61:6:setBrakeChangeFlagFalse	4	static
../App/Src/global_variables.c:62:6:getBrakeChangeFlag	4	static
../App/Src/global_variables.c:64:6:setPositionChangeFlagTrue	4	static
../App/Src/global_variables.c:65:6:setPositionChangeFlagFalse	4	static
../App/Src/global_variables.c:66:6:getPositionChangeFlag	4	static
../App/Src/global_variables.c:68:6:setLowBeamChangeFlagTrue	4	static
../App/Src/global_variables.c:69:6:setLowBeamChangeFlagFalse	4	static
../App/Src/global_variables.c:70:6:getLowBeamChangeFlag	4	static
../App/Src/global_variables.c:72:6:setHighBeamChangeFlagTrue	4	static
../App/Src/global_variables.c:73:6:setHighBeamChangeFlagFalse	4	static
../App/Src/global_variables.c:74:6:getHighBeamChangeFlag	4	static
../App/Src/global_variables.c:76:6:setReverseChangeFlagTrue	4	static
../App/Src/global_variables.c:77:6:setReverseChangeFlagFalse	4	static
../App/Src/global_variables.c:78:6:getReverseChangeFlag	4	static
