../App/Src/global_variables.c:19:6:setReverseStatusTrue	4	static
../App/Src/global_variables.c:20:6:setReverseStatusFalse	4	static
../App/Src/global_variables.c:21:6:getReverseStatus	4	static
../App/Src/global_variables.c:23:6:setEmergencyStatusTrue	4	static
../App/Src/global_variables.c:24:6:setEmergencyStatusFalse	4	static
../App/Src/global_variables.c:25:6:getEmergencyStatus	4	static
../App/Src/global_variables.c:27:6:setBrakeStatusTrue	4	static
../App/Src/global_variables.c:28:6:setBrakeStatusFalse	4	static
../App/Src/global_variables.c:29:6:getBrakeStatus	4	static
../App/Src/global_variables.c:31:6:setPositionStatusTrue	4	static
../App/Src/global_variables.c:32:6:setPositionStatusFalse	4	static
../App/Src/global_variables.c:33:6:getPositionStatus	4	static
../App/Src/global_variables.c:35:6:setLowBeamStatusTrue	4	static
../App/Src/global_variables.c:36:6:setLowBeamStatusFalse	4	static
../App/Src/global_variables.c:37:6:getLowBeamStatus	4	static
../App/Src/global_variables.c:39:6:setHighBeamStatusTrue	4	static
../App/Src/global_variables.c:40:6:setHighBeamStatusFalse	4	static
../App/Src/global_variables.c:41:6:getHighBeamStatus	4	static
../App/Src/global_variables.c:43:6:setRightTurnStatusTrue	4	static
../App/Src/global_variables.c:44:6:setRightTurnStatusFalse	4	static
../App/Src/global_variables.c:45:6:getRightTurnStatus	4	static
../App/Src/global_variables.c:47:6:setLeftTurnStatusTrue	4	static
../App/Src/global_variables.c:48:6:setLeftTurnStatusFalse	4	static
../App/Src/global_variables.c:49:6:getLeftTurnStatus	4	static
../App/Src/global_variables.c:51:6:setSafeStateStatusTrue	4	static
../App/Src/global_variables.c:52:6:setSafeStateStatusFalse	4	static
../App/Src/global_variables.c:53:6:getSafeStateStatus	4	static
../App/Src/global_variables.c:55:6:setBrakeChangeFlagTrue	4	static
../App/Src/global_variables.c:56:6:setBrakeChangeFlagFalse	4	static
../App/Src/global_variables.c:57:6:getBrakeChangeFlag	4	static
../App/Src/global_variables.c:59:6:setPositionChangeFlagTrue	4	static
../App/Src/global_variables.c:60:6:setPositionChangeFlagFalse	4	static
../App/Src/global_variables.c:61:6:getPositionChangeFlag	4	static
../App/Src/global_variables.c:63:6:setLowBeamChangeFlagTrue	4	static
../App/Src/global_variables.c:64:6:setLowBeamChangeFlagFalse	4	static
../App/Src/global_variables.c:65:6:getLowBeamChangeFlag	4	static
../App/Src/global_variables.c:67:6:setHighBeamChangeFlagTrue	4	static
../App/Src/global_variables.c:68:6:setHighBeamChangeFlagFalse	4	static
../App/Src/global_variables.c:69:6:getHighBeamChangeFlag	4	static
../App/Src/global_variables.c:71:6:setReverseChangeFlagTrue	4	static
../App/Src/global_variables.c:72:6:setReverseChangeFlagFalse	4	static
../App/Src/global_variables.c:73:6:getReverseChangeFlag	4	static
